0,1772592436322,0.023349063771400003,-0.0022733790857099997,0.0005301414857143222,4
1,1772592436326,0.0231462637714,-0.0006470790857099999,0.0005301414857143222,4
2,1772592436330,0.0231462637714,0.00292922091429,-0.0009869585142857269,4
3,1772592436334,0.021324963771400002,0.00292922091429,-0.0009869585142857269,4
4,1772592436338,0.021324963771400002,0.00292922091429,0.0004521414857142997,4
5,1772592436342,0.020268063771400002,0.00455162091429,0.0004521414857142997,4
6,1772592436346,0.020268063771400002,0.00455162091429,-0.0001172585142857535,4
7,1772592436350,0.018848463771400002,0.00798752091429,-0.0001172585142857535,4
8,1772592436354,0.018848463771400002,0.00798752091429,-0.00047605851428574595,4
9,1772592436358,0.0177252637714,0.00897422091429,-0.00047605851428574595,4
10,1772592436362,0.0177252637714,0.010881320914290001,-0.0002927585142857486,4
11,1772592436366,0.0168399637714,0.010881320914290001,-0.0002927585142857486,4
12,1772592436370,0.015502263771400002,0.011013920914290001,0.000210341485714341,4
13,1772592436374,0.015502263771400002,0.011013920914290001,0.000210341485714341,4
14,1772592436378,0.0146286637714,0.01045622091429,-8.995851428569012e-05,4
15,1772592436382,0.0146286637714,0.01045622091429,-8.995851428569012e-05,4
16,1772592436386,0.013419663771400001,0.00790562091429,0.00040924148571434284,2
17,1772592436390,0.013419663771400001,0.00790562091429,0.00040924148571434284,2
18,1772592436393,0.013419663771400001,0.00411092091429,-0.0012638585142857512,2
19,1772592436397,0.011524263771400001,0.00411092091429,-0.0012638585142857512,2
20,1772592436401,0.011524263771400001,0.00411092091429,-0.0012638585142857512,2
21,1772592436404,0.0094845637714,-0.0007055790857099999,0.001828841485714308,2
22,1772592436408,0.0094845637714,-0.0007055790857099999,0.001828841485714308,2
23,1772592436411,0.0081819637714,-0.00364227908571,-0.0011468585142857175,2
24,1772592436415,0.0081819637714,-0.00364227908571,-0.0011468585142857175,2
25,1772592436419,0.008505663771400001,-0.005927679085710001,0.0010176414857142962,2
26,1772592436422,0.008505663771400001,-0.005927679085710001,0.0010176414857142962,2
27,1772592436426,0.0099525637714,-0.00442617908571,-0.0005540585142857684,2
28,1772592436430,0.0099525637714,-0.00442617908571,-0.0005540585142857684,2
29,1772592436433,0.013033563771400001,-0.0016883790857100001,-0.0015641585142856713,2
30,1772592436437,0.013033563771400001,-0.0016883790857100001,-0.0015641585142856713,2
31,1772592436441,0.013033563771400001,-0.0016883790857100001,0.0011190414857142144,2
32,1772592436444,0.0172260637714,0.00368972091429,0.0011190414857142144,4
33,1772592436448,0.0172260637714,0.00368972091429,0.0011190414857142144,4
34,1772592436452,0.0210051637714,0.008775320914290001,-0.0004682585142857437,4
35,1772592436456,0.0210051637714,0.008775320914290001,-0.0004682585142857437,4
36,1772592436460,0.0232944637714,0.01304192091429,0.0004365414857142952,4
37,1772592436464,0.0232944637714,0.01304192091429,0.0004365414857142952,4
38,1772592436467,0.0242733637714,0.01722272091429,-0.0006905585142857523,4
39,1772592436471,0.0242733637714,0.01722272091429,-0.0006905585142857523,4
40,1772592436475,0.0251976637714,0.01686782091429,0.0007641414857143897,4
41,1772592436479,0.0251976637714,0.01686782091429,0.0007641414857143897,4
42,1772592436483,0.0234660637714,0.01687172091429,-0.0011195585142857651,4
43,1772592436487,0.0234660637714,0.01687172091429,-0.0011195585142857651,4
44,1772592436491,0.0220542637714,0.012386720914289998,0.0011424414857143322,4
45,1772592436495,0.0220542637714,0.012386720914289998,0.0011424414857143322,4
46,1772592436499,0.020314863771400002,0.009477320914289999,-0.0008621585142856908,4
47,1772592436502,0.020314863771400002,0.009477320914289999,-0.0008621585142856908,4
48,1772592436506,0.018633963771400003,0.00554222091429,0.0008733414857141991,4
49,1772592436516,0.0175692637714,0.0020283209142899997,-0.0008972585142857564,4
50,1772592436520,0.0162315637714,-0.0012749790857099997,1.534148571417372e-05,4
51,1772592436524,0.0162315637714,-0.0012749790857099997,1.534148571417372e-05,4
52,1772592436528,0.0150888637714,-0.00297537908571,-0.000507258514285755,4
53,1772592436532,0.0150888637714,-0.00297537908571,-0.000507258514285755,4
54,1772592436536,0.0150888637714,-0.00496047908571,-0.0006086585142856732,4
55,1772592436540,0.014176263771400001,-0.00496047908571,-0.0006086585142856732,4
56,1772592436544,0.014176263771400001,-0.00407517908571,-0.0001367585142857036,4
57,1772592436547,0.0132051637714,-0.00407517908571,-0.0001367585142857036,2
58,1772592436551,0.0132051637714,-0.0023123790857099997,7.774148571419171e-05,2
59,1772592436555,0.013443063771400001,-0.0023123790857099997,7.774148571419171e-05,2
60,1772592436558,0.013443063771400001,-0.0023123790857099997,7.774148571419171e-05,2
61,1772592436562,0.013731663771400001,0.0010962209142899998,-0.0005462585142857662,2
62,1772592436566,0.013731663771400001,0.0010962209142899998,-0.0005462585142857662,2
63,1772592436569,0.0142113637714,0.00519512091429,0.0002610414857141891,4
64,1772592436573,0.0142113637714,0.00519512091429,0.0002610414857141891,4
65,1772592436577,0.0154866637714,0.00897812091429,-0.0001484585142857625,4
66,1772592436581,0.0154866637714,0.00897812091429,-0.0001484585142857625,4
67,1772592436585,0.0169881637714,0.012768920914290001,-0.000651558514285741,4
68,1772592436589,0.0169881637714,0.012768920914290001,-0.000651558514285741,4
69,1772592436592,0.0178578637714,0.014395220914289998,0.0009864414857142872,4
70,1772592436596,0.0178578637714,0.014395220914289998,0.0009864414857142872,4
71,1772592436600,0.0181347637714,0.01548722091429,-0.0005306585142857617,4
72,1772592436604,0.0181347637714,0.01548722091429,-0.0005306585142857617,4
73,1772592436608,0.0190590637714,0.01436792091429,0.0007836414857142288,4
74,1772592436612,0.0190590637714,0.01436792091429,0.0007836414857142288,4
75,1772592436616,0.019835163771400002,0.013147220914289999,0.00020644148571428436,4
76,1772592436620,0.019835163771400002,0.013147220914289999,0.00020644148571428436,4
77,1772592436624,0.0204552637714,0.00953582091429,0.00042874148571418194,4
78,1772592436628,0.0204552637714,0.00953582091429,0.00042874148571418194,4
79,1772592436631,0.0202251637714,0.00602582091429,-0.0004994585142857527,4
80,1772592436635,0.0202251637714,0.00602582091429,-0.0004994585142857527,4
81,1772592436639,0.0192423637714,0.0009363209142899999,-7.435851428568562e-05,4
82,1772592436643,0.0192423637714,0.0009363209142899999,-7.435851428568562e-05,4
83,1772592436647,0.0171324637714,-0.00322497908571,-0.00010945851428575125,4
84,1772592436651,0.0171324637714,-0.00322497908571,-0.00010945851428575125,4
85,1772592436655,0.014652063771400001,-0.005748279085709999,-0.0015602585142857257,4
86,1772592436659,0.014652063771400001,-0.005748279085709999,-0.0015602585142857257,4
87,1772592436663,0.0141099637714,-0.00719907908571,0.0010800414857143142,4
88,1772592436667,0.0141099637714,-0.00719907908571,0.0010800414857143142,4
89,1772592436671,0.0147456637714,-0.00577557908571,-0.0013769585142857283,4
90,1772592436675,0.0147456637714,-0.00577557908571,-0.0013769585142857283,4
91,1772592436680,0.0168438637714,-0.00437547908571,0.0015636414857142316,4
92,1772592436684,0.0168438637714,-0.00437547908571,0.0015636414857142316,4
93,1772592436688,0.0195114637714,-0.0001673790857099999,-0.001462758514285753,4
94,1772592436691,0.0195114637714,-0.0001673790857099999,-0.001462758514285753,4
95,1772592436695,0.022023063771400002,0.0029214209142899997,0.0010839414857143708,4
96,1772592436699,0.022023063771400002,0.0029214209142899997,0.0010839414857143708,4
97,1772592436703,0.0237390637714,0.008334620914289999,-0.0005033585142856983,4
98,1772592436707,0.0237390637714,0.008334620914289999,-0.0005033585142856983,4
99,1772592436711,0.0244098637714,0.01126352091429,0.0002961414857142547,4
100,1772592436715,0.0244098637714,0.01126352091429,0.0002961414857142547,4
101,1772592436719,0.0231423637714,0.015019220914290001,-0.0006554585142856867,4
102,1772592436722,0.0231423637714,0.015019220914290001,-0.0006554585142856867,4
103,1772592436726,0.0207126637714,0.01627502091429,-3.145851428572876e-05,4
104,1772592436730,0.0207126637714,0.01627502091429,-3.145851428572876e-05,4
105,1772592436734,0.0176862637714,0.01684832091429,-0.0003395585142857621,4
106,1772592436738,0.0176862637714,0.01684832091429,-0.0003395585142857621,4
107,1772592436742,0.015006963771400001,0.015573020914290001,0.0002922414857141981,4
108,1772592436746,0.015006963771400001,0.015573020914290001,0.0002922414857141981,4
109,1772592436750,0.0130686637714,0.01286252091429,0.0001635414857143275,2
110,1772592436753,0.0130686637714,0.01286252091429,0.0001635414857143275,2
111,1772592436757,0.0114813637714,0.009352520914290001,-0.00035125851428570996,2
112,1772592436761,0.0114813637714,0.009352520914290001,-0.00035125851428570996,2
113,1772592436764,0.0114813637714,0.009352520914290001,5.824148571435262e-05,2
114,1772592436768,0.010260663771400001,0.00473102091429,5.824148571435262e-05,2
115,1772592436772,0.010260663771400001,0.00473102091429,5.824148571435262e-05,2
116,1772592436775,0.009835563771400001,0.0008388209142899997,-0.0001679585142857126,2
117,1772592436779,0.009835563771400001,0.0008388209142899997,-0.0001679585142857126,2
118,1772592436782,0.0100422637714,-0.0029792790857100003,0.0007368414857142153,2
119,1772592436786,0.0100422637714,-0.0029792790857100003,0.0007368414857142153,2
120,1772592436790,0.010623363771400001,-0.00471087908571,-0.0009362585142857677,2
121,1772592436793,0.010623363771400001,-0.00471087908571,-0.0009362585142857677,2
122,1772592436797,0.0118401637714,-0.006192879085710001,0.0006003414857142314,2
123,1772592436801,0.0118401637714,-0.006192879085710001,0.0006003414857142314,2
124,1772592436804,0.012744963771400001,-0.005206179085710001,-0.0007841585142856683,2
