0,1778831817941,-0.0002718456000000008,8.884589999999873e-05,-0.00022026420000005858,1
1,1778831817975,1.285439999999978e-05,-0.0001724541000000003,0.0010979357999999885,1
2,1778831817978,-1.054560000000003e-05,-2.815410000000032e-05,-0.0004464642000000128,1
3,1778831817982,-1.054560000000003e-05,-2.815410000000032e-05,-0.0005673641999999922,1
4,1778831817984,-0.00015874560000000114,-5.155410000000013e-05,-0.0005673641999999922,1
5,1778831817987,-0.00015874560000000114,-5.155410000000013e-05,-0.0005673641999999922,1
6,1778831817989,-0.00015874560000000114,-5.155410000000013e-05,0.00011903579999998377,1
7,1778831818001,7.52543999999987e-05,-0.00014125409999999998,0.00011903579999998377,1
8,1778831818029,-0.00020164560000000137,-0.00019975410000000124,-0.0003684641999999903,1
9,1778831818065,0.00032875439999999895,-1.2554100000001026e-05,0.0008756357999999799,1
10,1778831818068,0.00032875439999999895,-1.2554100000001026e-05,0.0008756357999999799,1
11,1778831818070,0.00012985439999999883,0.00012394589999999844,-0.00035676420000004243,1
12,1778831818072,0.00012985439999999883,0.00012394589999999844,-0.00035676420000004243,1
13,1778831818075,0.00012985439999999883,0.00012394589999999844,-0.00035676420000004243,1
14,1778831818077,0.00012985439999999883,0.00012394589999999844,0.0002360358000000175,1
15,1778831818079,0.00031705439999999904,-0.000156854100000001,0.0002360358000000175,1
16,1778831818082,0.00031705439999999904,-0.000156854100000001,0.0002360358000000175,1
17,1778831818084,0.00031705439999999904,-0.000156854100000001,0.0002360358000000175,1
18,1778831818087,-0.0001314456000000002,-0.0001373541000000006,-0.0008247642000000664,1
19,1778831818089,-0.0001314456000000002,-0.0001373541000000006,-0.0008247642000000664,1
20,1778831818091,-0.0001314456000000002,-0.0001373541000000006,-0.0008247642000000664,1
21,1778831818094,-0.00024064560000000047,-0.00019585410000000011,0.0002477357999999654,1
22,1778831818096,-0.00024064560000000047,-0.00019585410000000011,0.0002477357999999654,1
23,1778831818098,-0.00024064560000000047,-0.00019585410000000011,0.0002477357999999654,1
24,1778831818101,-0.00024064560000000047,-0.00019585410000000011,0.0002477357999999654,1
25,1778831818103,-7.294560000000068e-05,-2.425410000000093e-05,-0.00022806420000006083,1
26,1778831818106,-7.294560000000068e-05,-2.425410000000093e-05,-0.00022806420000006083,1
27,1778831818108,-7.294560000000068e-05,-2.425410000000093e-05,-0.00022806420000006083,1
28,1778831818110,-4.5645599999999745e-05,-0.00010615410000000026,2.9335800000013408e-05,1
29,1778831818113,-4.5645599999999745e-05,-0.00010615410000000026,2.9335800000013408e-05,1
30,1778831818115,-4.5645599999999745e-05,-0.00010615410000000026,2.9335800000013408e-05,1
31,1778831818117,-4.5645599999999745e-05,-0.00010615410000000026,-3.306420000000459e-05,1
32,1778831818120,0.00012985439999999883,0.00010444589999999976,-3.306420000000459e-05,1
33,1778831818122,0.00012985439999999883,0.00010444589999999976,-3.306420000000459e-05,1
34,1778831818124,0.00012985439999999883,0.00010444589999999976,-3.306420000000459e-05,1
35,1778831818127,-7.684560000000007e-05,0.00029164589999999997,-0.00012276419999997495,1
36,1778831818129,-7.684560000000007e-05,0.00029164589999999997,-0.00012276419999997495,1
37,1778831818131,-7.684560000000007e-05,0.00029164589999999997,-0.00012276419999997495,1
38,1778831818134,-0.00014704560000000123,0.00015514589999999877,-0.00010326420000002483,1
39,1778831818136,-0.00014704560000000123,0.00015514589999999877,-0.00010326420000002483,1
40,1778831818139,-0.00014704560000000123,0.00015514589999999877,-0.00010326420000002483,1
41,1778831818141,-0.00014704560000000123,0.00015514589999999877,-0.00010326420000002483,1
42,1778831818143,-1.8345600000000545e-05,-1.2554100000001026e-05,-0.0004581642000000717,1
43,1778831818146,-1.8345600000000545e-05,-1.2554100000001026e-05,-0.0004581642000000717,1
44,1778831818148,-1.8345600000000545e-05,-1.2554100000001026e-05,-0.0004581642000000717,1
45,1778831818150,-0.00039664560000000036,-2.425410000000093e-05,4.103579999996127e-05,1
46,1778831818153,-0.00039664560000000036,-2.425410000000093e-05,4.103579999996127e-05,1
47,1778831818155,-0.00039664560000000036,-2.425410000000093e-05,4.103579999996127e-05,1
48,1778831818157,-0.00039664560000000036,-2.425410000000093e-05,0.00016193579999994063,1
49,1778831818160,-2.2245599999999935e-05,-4.754100000000511e-06,0.00016193579999994063,1
50,1778831818162,-2.2245599999999935e-05,-4.754100000000511e-06,0.00016193579999994063,1
51,1778831818164,-2.2245599999999935e-05,-4.754100000000511e-06,0.00016193579999994063,1
52,1778831818167,3.625439999999959e-05,4.9845899999999624e-05,0.0007508357999999439,1
53,1778831818169,3.625439999999959e-05,4.9845899999999624e-05,0.0007508357999999439,1
54,1778831818172,3.625439999999959e-05,4.9845899999999624e-05,0.0007508357999999439,1
55,1778831818174,-0.000104145600000001,0.00012004589999999905,0.0002867357999999766,1
56,1778831818176,-0.000104145600000001,0.00012004589999999905,0.0002867357999999766,1
57,1778831818179,-0.000104145600000001,0.00012004589999999905,0.0002867357999999766,1
58,1778831818181,-0.000104145600000001,0.00012004589999999905,0.0002867357999999766,1
59,1778831818183,-2.74560000000125e-06,7.714589999999882e-05,-0.00016566420000004283,1
60,1778831818186,-2.74560000000125e-06,7.714589999999882e-05,-0.00016566420000004283,1
61,1778831818188,-2.74560000000125e-06,7.714589999999882e-05,-0.00016566420000004283,1
62,1778831818191,-5.7345600000001384e-05,5.3745899999999014e-05,-0.0006843642000000259,1
63,1778831818193,-5.7345600000001384e-05,5.3745899999999014e-05,-0.0006843642000000259,1
64,1778831818195,-5.7345600000001384e-05,5.3745899999999014e-05,-0.0006843642000000259,1
65,1778831818198,-5.7345600000001384e-05,-9.055410000000097e-05,-0.00015006420000003833,1
66,1778831818200,-5.7345600000001384e-05,-9.055410000000097e-05,-0.00015006420000003833,1
67,1778831818203,-5.7345600000001384e-05,-9.055410000000097e-05,-0.00015006420000003833,1
68,1778831818205,-5.7345600000001384e-05,-9.055410000000097e-05,-0.00015006420000003833,1
69,1778831818207,-1.4445600000001155e-05,1.4745899999999909e-05,-0.0005946642000000555,1
70,1778831818210,-1.4445600000001155e-05,1.4745899999999909e-05,-0.0005946642000000555,1
71,1778831818212,-1.4445600000001155e-05,1.4745899999999909e-05,-0.0005946642000000555,1
72,1778831818214,-0.00015874560000000114,1.86458999999993e-05,0.00031013579999998337,1
73,1778831818217,-0.00015874560000000114,1.86458999999993e-05,0.00031013579999998337,1
74,1778831818219,-0.00015874560000000114,1.86458999999993e-05,0.00031013579999998337,1
75,1778831818221,-0.00015874560000000114,1.86458999999993e-05,0.00031013579999998337,1
76,1778831818224,-0.0002523456000000004,0.00015124589999999938,-0.00029826419999997005,1
77,1778831818226,-0.0002523456000000004,0.00015124589999999938,-0.00029826419999997005,1
78,1778831818228,-0.0002523456000000004,0.00015124589999999938,-0.00029826419999997005,1
79,1778831818231,-0.00015484560000000001,1.4745899999999909e-05,-6.036420000006797e-05,1
80,1778831818233,-0.00015484560000000001,1.4745899999999909e-05,-6.036420000006797e-05,1
81,1778831818236,-0.00015484560000000001,1.4745899999999909e-05,-6.036420000006797e-05,1
82,1778831818238,-0.00015484560000000001,0.0001707458999999998,-7.596420000007247e-05,1
83,1778831818240,-2.2245599999999935e-05,0.0001707458999999998,-7.596420000007247e-05,1
84,1778831818243,-2.2245599999999935e-05,0.0001707458999999998,-7.596420000007247e-05,1
85,1778831818245,-2.2245599999999935e-05,0.0001707458999999998,-7.596420000007247e-05,1
86,1778831818247,-4.1745600000000355e-05,-3.9854100000000225e-05,-4.086420000000684e-05,1
87,1778831818250,-4.1745600000000355e-05,-3.9854100000000225e-05,-4.086420000000684e-05,1
88,1778831818252,-4.1745600000000355e-05,-3.9854100000000225e-05,-4.086420000000684e-05,1
89,1778831818254,-1.8345600000000545e-05,-5.155410000000013e-05,0.0004271358000000171,1
90,1778831818257,-1.8345600000000545e-05,-5.155410000000013e-05,0.0004271358000000171,1
91,1778831818260,-1.8345600000000545e-05,-5.155410000000013e-05,0.0004271358000000171,1
92,1778831818262,-1.8345600000000545e-05,0.0002097458999999989,0.00016193579999994063,1
93,1778831818264,-8.07456000000012e-05,0.0002097458999999989,0.00016193579999994063,1
94,1778831818267,-8.07456000000012e-05,0.0002097458999999989,0.00016193579999994063,1
95,1778831818269,-8.07456000000012e-05,0.0002097458999999989,0.00016193579999994063,1
96,1778831818272,-0.0001314456000000002,6.934590000000004e-05,0.0008717358000000343,1
97,1778831818274,-0.0001314456000000002,6.934590000000004e-05,0.0008717358000000343,1
98,1778831818277,-0.0001314456000000002,6.934590000000004e-05,0.0008717358000000343,1
99,1778831818279,6.355439999999879e-05,0.00032284589999999856,0.000220435800000013,1
100,1778831818281,6.355439999999879e-05,0.00032284589999999856,0.000220435800000013,1
101,1778831818284,6.355439999999879e-05,0.00032284589999999856,0.000220435800000013,1
102,1778831818286,-0.0003303456000000003,0.00015124589999999938,-1.8641999999955902e-06,1
103,1778831818289,-0.0003303456000000003,0.00015124589999999938,-1.8641999999955902e-06,1
104,1778831818291,-0.0003303456000000003,0.00015124589999999938,-1.8641999999955902e-06,1
105,1778831818293,-0.0003303456000000003,0.00015124589999999938,-1.8641999999955902e-06,1
106,1778831818296,0.0002156543999999993,6.154589999999953e-05,-0.00029436420000002444,1
107,1778831818298,0.0002156543999999993,6.154589999999953e-05,-0.00029436420000002444,1
108,1778831818300,0.0002156543999999993,6.154589999999953e-05,-0.00029436420000002444,1
109,1778831818303,-0.00013534560000000133,0.00014344589999999886,-0.0008637641999999666,1
110,1778831818305,-0.00013534560000000133,0.00014344589999999886,-0.0008637641999999666,1
111,1778831818308,-0.00013534560000000133,0.00014344589999999886,-0.0008637641999999666,1
112,1778831818310,-0.00013534560000000133,0.00014344589999999886,-0.0007818641999999985,1
113,1778831818312,2.8454399999999075e-05,-6.325410000000004e-05,-0.0007818641999999985,1
114,1778831818315,2.8454399999999075e-05,-6.325410000000004e-05,-0.0007818641999999985,1
115,1778831818317,2.8454399999999075e-05,-6.325410000000004e-05,-0.0007818641999999985,1
116,1778831818319,-0.0002601456000000009,-0.00011005410000000139,-0.0005946642000000555,1
117,1778831818322,-0.0002601456000000009,-0.00011005410000000139,-0.0005946642000000555,1
118,1778831818324,-0.0002601456000000009,-0.00011005410000000139,-0.0005946642000000555,1
119,1778831818327,-3.004560000000045e-05,1.0845899999998784e-05,-0.00018906420000004958,1
120,1778831818329,-3.004560000000045e-05,1.0845899999998784e-05,-0.00018906420000004958,1
121,1778831818331,-3.004560000000045e-05,1.0845899999998784e-05,-0.00018906420000004958,1
122,1778831818334,-3.004560000000045e-05,1.0845899999998784e-05,-0.00018906420000004958,1
123,1778831818336,-5.344560000000026e-05,6.934590000000004e-05,-0.00014226420000003608,1
124,1778831818338,-5.344560000000026e-05,6.934590000000004e-05,-0.00014226420000003608,1
