0,1778830466690,0.012626693485713998,0.005763633942859999,-5.913737143000645e-05,2
1,1778830466693,0.012677393485713999,0.005798733942859999,-0.0003204373714300263,2
2,1778830466751,0.012657893485713998,0.005818233942859999,0.0004985626285699879,2
3,1778830466754,0.012724193485713998,0.00576753394286,0.0001397626285699954,2
4,1778830466756,0.012809993485713999,0.005794833942859999,-0.00034383737143003305,2
5,1778830466758,0.012809993485713999,0.005794833942859999,-0.00034383737143003305,2
6,1778830466761,0.012809993485713999,0.005794833942859999,-0.00034383737143003305,2
7,1778830466763,0.012809993485713999,0.005794833942859999,3.836262856996616e-05,2
8,1778830466765,0.012755393485713999,0.00581433394286,3.836262856996616e-05,2
9,1778830466768,0.012755393485713999,0.00581433394286,3.836262856996616e-05,2
10,1778830466770,0.012755393485713999,0.00581433394286,3.836262856996616e-05,2
11,1778830466773,0.012681293485713998,0.005642733942859999,-0.0004491373714300079,2
12,1778830466775,0.012681293485713998,0.005642733942859999,-0.0004491373714300079,2
13,1778830466777,0.012681293485713998,0.005642733942859999,-0.0004491373714300079,2
14,1778830466780,0.012747593485713998,0.005455533942859999,-0.00027753737143006944,2
15,1778830466782,0.012747593485713998,0.005455533942859999,-0.00027753737143006944,2
16,1778830466784,0.012747593485713998,0.005455533942859999,-0.00027753737143006944,2
17,1778830466787,0.012747593485713998,0.005455533942859999,-0.00027753737143006944,2
18,1778830466789,0.012435593485713999,0.005818233942859999,-0.000531037371429976,2
19,1778830466791,0.012435593485713999,0.005818233942859999,-0.000531037371429976,2
20,1778830466794,0.012435593485713999,0.005818233942859999,-0.000531037371429976,2
21,1778830466796,0.012880193485713998,0.00598983394286,-7.863737143006758e-05,2
22,1778830466799,0.012880193485713998,0.00598983394286,-7.863737143006758e-05,2
23,1778830466801,0.012880193485713998,0.00598983394286,-7.863737143006758e-05,2
24,1778830466803,0.012880193485713998,0.00598983394286,-0.00012543737142997006,2
25,1778830466806,0.012396593485714,0.005728533942859999,-0.00012543737142997006,2
26,1778830466808,0.012396593485714,0.005728533942859999,-0.00012543737142997006,2
27,1778830466810,0.012396593485714,0.005728533942859999,-0.00012543737142997006,2
28,1778830466813,0.012806093485714,0.005607633942859999,-0.0003399373714299764,2
29,1778830466815,0.012806093485714,0.005607633942859999,-0.0003399373714299764,2
30,1778830466817,0.012806093485714,0.005607633942859999,-0.0003399373714299764,2
31,1778830466820,0.012657893485713998,0.005576433942859999,0.00022556262857002015,2
32,1778830466822,0.012657893485713998,0.005576433942859999,0.00022556262857002015,2
33,1778830466825,0.012657893485713998,0.005576433942859999,0.00022556262857002015,2
34,1778830466827,0.012657893485713998,0.005576433942859999,0.00022556262857002015,2
35,1778830466829,0.012700793485713999,0.005728533942859999,-0.0005154373714299715,2
36,1778830466832,0.012700793485713999,0.005728533942859999,-0.0005154373714299715,2
37,1778830466834,0.012700793485713999,0.005728533942859999,-0.0005154373714299715,2
38,1778830466836,0.012735893485713998,0.00563493394286,0.00038936262856995637,2
39,1778830466839,0.012735893485713998,0.00563493394286,0.00038936262856995637,2
40,1778830466841,0.012735893485713998,0.00563493394286,0.00038936262856995637,2
41,1778830466843,0.012735893485713998,0.00563493394286,-0.0001917373714300447,2
42,1778830466846,0.012490193485713999,0.005732433942859999,-0.0001917373714300447,2
43,1778830466848,0.012490193485713999,0.005732433942859999,-0.0001917373714300447,2
44,1778830466853,0.012876293485713999,0.00590403394286,0.0001709626285700044,2
45,1778830466856,0.012876293485713999,0.00590403394286,0.0001709626285700044,2
46,1778830466858,0.012876293485713999,0.00590403394286,0.0001709626285700044,2
47,1778830466861,0.012579893485713999,0.005744133942859999,-0.0005739373714300439,2
48,1778830466863,0.012579893485713999,0.005744133942859999,-0.0005739373714300439,2
49,1778830466865,0.012579893485713999,0.005744133942859999,-0.0005739373714300439,2
50,1778830466868,0.012579893485713999,0.00545943394286,6.956262856997516e-05,2
51,1778830466870,0.012755393485713999,0.00545943394286,6.956262856997516e-05,2
52,1778830466872,0.012755393485713999,0.00545943394286,6.956262856997516e-05,2
53,1778830466875,0.012755393485713999,0.00545943394286,6.956262856997516e-05,2
54,1778830466877,0.012478493485713999,0.0057168339428599994,-0.0005505373714300371,2
55,1778830466879,0.012478493485713999,0.0057168339428599994,-0.0005505373714300371,2
56,1778830466882,0.012478493485713999,0.0057168339428599994,-0.0005505373714300371,2
57,1778830466884,0.012763193485714,0.005740233942859999,-0.0006051373714300529,2
58,1778830466886,0.012763193485714,0.005740233942859999,-0.0006051373714300529,2
59,1778830466889,0.012763193485714,0.005740233942859999,-0.0006051373714300529,2
60,1778830466891,0.012763193485714,0.005740233942859999,-0.0006051373714300529,2
61,1778830466894,0.012650093485714,0.005732433942859999,-0.0002385373714300582,2
62,1778830466896,0.012650093485714,0.005732433942859999,-0.0002385373714300582,2
63,1778830466898,0.012650093485714,0.005732433942859999,-0.0002385373714300582,2
64,1778830466901,0.012782693485714,0.005818233942859999,9.686262856992752e-05,2
65,1778830466903,0.012782693485714,0.005818233942859999,9.686262856992752e-05,2
66,1778830466905,0.012782693485714,0.005818233942859999,9.686262856992752e-05,2
67,1778830466908,0.012782693485714,0.00590403394286,0.00026066262856997476,2
68,1778830466910,0.012755393485713999,0.00590403394286,0.00026066262856997476,2
69,1778830466918,0.012755393485713999,0.00590403394286,0.00026066262856997476,2
70,1778830466920,0.012798293485713999,0.005794833942859999,0.0001397626285699954,2
71,1778830466922,0.012798293485713999,0.005794833942859999,0.0001397626285699954,2
72,1778830466925,0.012536993485713998,0.00583773394286,-2.01373714299952e-05,2
73,1778830466927,0.012536993485713998,0.00583773394286,-2.01373714299952e-05,2
74,1778830466930,0.012536993485713998,0.00583773394286,-2.01373714299952e-05,2
75,1778830466932,0.012536993485713998,0.00573633394286,0.0005219626285699946,2
76,1778830466934,0.012673493485714,0.00573633394286,0.0005219626285699946,2
77,1778830466937,0.012673493485714,0.00573633394286,0.0005219626285699946,2
78,1778830466939,0.012673493485714,0.00573633394286,0.0005219626285699946,2
79,1778830466941,0.012478493485713999,0.005810433942859999,0.0002840626285699815,2
80,1778830466944,0.012478493485713999,0.005810433942859999,0.0002840626285699815,2
81,1778830466946,0.012478493485713999,0.005810433942859999,0.0002840626285699815,2
82,1778830466948,0.012848993485714,0.005751933942859999,-0.00048813737143001915,2
83,1778830466951,0.012848993485714,0.005751933942859999,-0.00048813737143001915,2
84,1778830466953,0.012848993485714,0.005751933942859999,-0.00048813737143001915,2
85,1778830466955,0.012848993485714,0.005751933942859999,0.0003503626285699451,2
86,1778830466958,0.012646193485713999,0.005943033942859999,0.0003503626285699451,2
87,1778830466960,0.012646193485713999,0.005943033942859999,0.0003503626285699451,2
88,1778830466963,0.012646193485713999,0.005943033942859999,0.0003503626285699451,2
89,1778830466965,0.012747593485713998,0.00592353394286,-0.0004959373714300214,2
90,1778830466967,0.012747593485713998,0.00592353394286,-0.0004959373714300214,2
91,1778830466970,0.012747593485713998,0.00592353394286,-0.0004959373714300214,2
92,1778830466972,0.012747593485713998,0.00573633394286,-0.0001917373714300447,2
93,1778830466974,0.012728093485714,0.00573633394286,-0.0001917373714300447,2
94,1778830466977,0.012728093485714,0.00573633394286,-0.0001917373714300447,2
95,1778830466979,0.012728093485714,0.00573633394286,-0.0001917373714300447,2
96,1778830466981,0.012544793485713999,0.005732433942859999,-4.7437371430058585e-05,2
97,1778830466984,0.012544793485713999,0.005732433942859999,-4.7437371430058585e-05,2
98,1778830466986,0.012544793485713999,0.005732433942859999,-4.7437371430058585e-05,2
99,1778830466988,0.012763193485714,0.005576433942859999,-0.0005076373714299693,2
100,1778830466991,0.012763193485714,0.005576433942859999,-0.0005076373714299693,2
101,1778830466993,0.012763193485714,0.005576433942859999,-0.0005076373714299693,2
102,1778830466996,0.012763193485714,0.005576433942859999,-0.0005076373714299693,2
103,1778830466998,0.012841193485714,0.0057168339428599994,-5.5237371430060835e-05,2
104,1778830467000,0.012841193485714,0.0057168339428599994,-5.5237371430060835e-05,2
105,1778830467003,0.012841193485714,0.0057168339428599994,-5.5237371430060835e-05,2
106,1778830467005,0.012942593485713999,0.00584553394286,-0.0001137373714300222,2
107,1778830467007,0.012942593485713999,0.00584553394286,-0.0001137373714300222,2
108,1778830467010,0.012942593485713999,0.00584553394286,-0.0001137373714300222,2
109,1778830467012,0.012942593485713999,0.005818233942859999,-8.437371430047337e-06,2
110,1778830467014,0.012716393485714,0.005818233942859999,-8.437371430047337e-06,2
111,1778830467017,0.012716393485714,0.005818233942859999,-8.437371430047337e-06,2
112,1778830467019,0.012716393485714,0.005818233942859999,-8.437371430047337e-06,2
113,1778830467022,0.012657893485713998,0.00575973394286,3.2626285700115484e-06,2
114,1778830467037,0.012657893485713998,0.00575973394286,3.2626285700115484e-06,2
115,1778830467046,0.012724193485713998,0.005584233942859999,0.00043616262856996987,2
116,1778830467048,0.012724193485713998,0.005584233942859999,0.00043616262856996987,2
117,1778830467050,0.012724193485713998,0.005584233942859999,0.00043616262856996987,2
118,1778830467053,0.012572093485714,0.005584233942859999,-0.00020343737142999255,2
119,1778830467055,0.012572093485714,0.005584233942859999,-0.00020343737142999255,2
120,1778830467057,0.012572093485714,0.005584233942859999,-0.00020343737142999255,2
121,1778830467060,0.012572093485714,0.005584233942859999,-0.0006480373714300098,2
122,1778830467062,0.012852893485714,0.005650533942859999,-0.0006480373714300098,2
123,1778830467065,0.012852893485714,0.005650533942859999,-0.0006480373714300098,2
124,1778830467067,0.012852893485714,0.005650533942859999,-0.0006480373714300098,2
