0,1778832726198,-0.00019774560000000024,8.104589999999995e-05,-8.766420000002034e-05,1
1,1778832726200,-0.00019774560000000024,8.104589999999995e-05,-8.766420000002034e-05,1
2,1778832726202,-0.00019774560000000024,8.104589999999995e-05,-8.766420000002034e-05,1
3,1778832726205,-0.00010024559999999988,-2.425410000000093e-05,-2.9164200000058975e-05,1
4,1778832726234,-0.00010024559999999988,-2.425410000000093e-05,-2.9164200000058975e-05,1
5,1778832726237,-7.684560000000007e-05,-8.665409999999985e-05,-0.0004113642000000582,1
6,1778832726300,-7.684560000000007e-05,-8.665409999999985e-05,-0.0004113642000000582,1
7,1778832726303,-0.0002835456000000007,0.00013954589999999947,-0.0009885642000000026,1
8,1778832726305,-0.0002835456000000007,0.00013954589999999947,-0.0009885642000000026,1
9,1778832726308,-0.0002835456000000007,0.00013954589999999947,-0.00017346420000004508,1
10,1778832726310,1.285439999999978e-05,3.045900000000004e-06,-0.00017346420000004508,1
11,1778832726312,1.285439999999978e-05,3.045900000000004e-06,-0.00017346420000004508,1
12,1778832726315,1.285439999999978e-05,3.045900000000004e-06,-0.00017346420000004508,1
13,1778832726317,0.00011425439999999953,0.00014344589999999886,-0.0001305641999999772,1
14,1778832726319,0.00011425439999999953,0.00014344589999999886,-0.0001305641999999772,1
15,1778832726322,0.00011425439999999953,0.00014344589999999886,-0.0001305641999999772,1
16,1778832726324,-0.00016264560000000053,0.00013564590000000008,0.0007352357999999394,1
17,1778832726327,-0.00016264560000000053,0.00013564590000000008,0.0007352357999999394,1
18,1778832726329,-0.00016264560000000053,0.00013564590000000008,0.0007352357999999394,1
19,1778832726331,-0.00016264560000000053,0.00013564590000000008,0.0007352357999999394,1
20,1778832726334,2.065439999999856e-05,0.0002097458999999989,0.000563635800000001,1
21,1778832726336,2.065439999999856e-05,0.0002097458999999989,0.000563635800000001,1
22,1778832726338,2.065439999999856e-05,0.0002097458999999989,0.000563635800000001,1
23,1778832726341,-0.0001431456000000001,0.00016684589999999867,0.0002477357999999654,1
24,1778832726343,-0.0001431456000000001,0.00016684589999999867,0.0002477357999999654,1
25,1778832726345,-0.0001431456000000001,0.00016684589999999867,0.0002477357999999654,1
26,1778832726348,-0.0001431456000000001,9.664589999999924e-05,0.0003335357999999901,1
27,1778832726350,1.675439999999917e-05,9.664589999999924e-05,0.0003335357999999901,1
28,1778832726352,1.675439999999917e-05,9.664589999999924e-05,0.0003335357999999901,1
29,1778832726355,1.675439999999917e-05,9.664589999999924e-05,0.0003335357999999901,1
30,1778832726357,-0.00018214560000000095,-0.00018805410000000133,0.00025943580000002426,1
31,1778832726360,-0.00018214560000000095,-0.00018805410000000133,0.00025943580000002426,1
32,1778832726362,-0.00018214560000000095,-0.00018805410000000133,0.00025943580000002426,1
33,1778832726364,0.00010255439999999963,-9.055410000000097e-05,-1.3564200000054476e-05,1
34,1778832726367,0.00010255439999999963,-9.055410000000097e-05,-1.3564200000054476e-05,1
35,1778832726369,0.00010255439999999963,-9.055410000000097e-05,-1.3564200000054476e-05,1
36,1778832726371,0.00010255439999999963,-9.055410000000097e-05,-1.3564200000054476e-05,1
37,1778832726374,-5.7345600000001384e-05,8.884589999999873e-05,-0.00037236420000004693,1
38,1778832726376,-5.7345600000001384e-05,8.884589999999873e-05,-0.00037236420000004693,1
39,1778832726378,-5.7345600000001384e-05,8.884589999999873e-05,-0.00037236420000004693,1
40,1778832726381,4.7954399999999495e-05,0.0001473459,-7.986420000001809e-05,1
41,1778832726383,4.7954399999999495e-05,0.0001473459,-7.986420000001809e-05,1
42,1778832726386,4.7954399999999495e-05,0.0001473459,-7.986420000001809e-05,1
43,1778832726388,4.7954399999999495e-05,0.00020194590000000012,-0.0009261641999999846,1
44,1778832726390,-0.00017824559999999982,0.00020194590000000012,-0.0009261641999999846,1
45,1778832726393,-0.00017824559999999982,0.00020194590000000012,-0.0009261641999999846,1
46,1778832726395,-0.00017824559999999982,0.00020194590000000012,-0.0009261641999999846,1
47,1778832726399,-4.954560000000087e-05,-0.00014125409999999998,-0.0001773641999999907,1
48,1778832726401,-4.954560000000087e-05,-0.00014125409999999998,-0.0001773641999999907,1
49,1778832726404,-4.954560000000087e-05,-0.00024655410000000086,-0.0010002642000000615,1
50,1778832726406,-5.344560000000026e-05,-0.00024655410000000086,-0.0010002642000000615,1
51,1778832726409,-5.344560000000026e-05,-0.00024655410000000086,-0.0010002642000000615,1
52,1778832726411,-5.344560000000026e-05,-0.00024655410000000086,-0.0010002642000000615,1
53,1778832726414,5.575440000000001e-05,1.4745899999999909e-05,0.00016193579999994063,1
54,1778832726416,5.575440000000001e-05,1.4745899999999909e-05,0.00016193579999994063,1
55,1778832726418,5.575440000000001e-05,1.4745899999999909e-05,0.00016193579999994063,1
56,1778832726421,-0.00021724560000000066,0.00010444589999999976,0.0009614358000000047,1
57,1778832726423,-0.00021724560000000066,0.00010444589999999976,0.0009614358000000047,1
58,1778832726426,-0.00021724560000000066,0.00010444589999999976,0.0009614358000000047,1
59,1778832726428,-0.00021724560000000066,0.000198045899999999,0.0002672358000000265,1
60,1778832726430,-0.00022504560000000118,0.000198045899999999,0.0002672358000000265,1
61,1778832726433,-0.00022504560000000118,0.000198045899999999,0.0002672358000000265,1
62,1778832726435,-0.00022504560000000118,0.000198045899999999,0.0002672358000000265,1
63,1778832726437,6.745439999999991e-05,2.254589999999869e-05,0.0002048358000000085,1
64,1778832726440,6.745439999999991e-05,2.254589999999869e-05,0.0002048358000000085,1
65,1778832726442,6.745439999999991e-05,2.254589999999869e-05,0.0002048358000000085,1
66,1778832726444,7.13543999999993e-05,0.00022534589999999993,0.00037253580000000137,1
67,1778832726447,7.13543999999993e-05,0.00022534589999999993,0.00037253580000000137,1
68,1778832726449,7.13543999999993e-05,0.00022534589999999993,0.00037253580000000137,1
69,1778832726452,7.13543999999993e-05,0.00022534589999999993,0.00037253580000000137,1
70,1778832726454,0.00019615439999999887,0.00023704589999999984,0.00017363579999999951,1
71,1778832726456,0.00019615439999999887,0.00023704589999999984,0.00017363579999999951,1
72,1778832726459,0.00019615439999999887,0.00023704589999999984,0.00017363579999999951,1
73,1778832726461,-0.00011584560000000091,-0.00019195410000000072,0.000345235799999938,1
74,1778832726463,-0.00011584560000000091,-0.00019195410000000072,0.000345235799999938,1
75,1778832726466,-0.00011584560000000091,-0.00019195410000000072,0.000345235799999938,1
76,1778832726468,-0.00011584560000000091,-0.0001724541000000003,0.00041543579999995823,1
77,1778832726470,0.00013765439999999934,-0.0001724541000000003,0.00041543579999995823,1
78,1778832726473,0.00013765439999999934,-0.0001724541000000003,0.00041543579999995823,1
79,1778832726475,0.00013765439999999934,-0.0001724541000000003,0.00041543579999995823,1
80,1778832726478,-0.00012364560000000142,-1.6454100000000416e-05,7.223579999997027e-05,1
81,1778832726480,-0.00012364560000000142,-1.6454100000000416e-05,7.223579999997027e-05,1
82,1778832726483,-0.00012364560000000142,-1.6454100000000416e-05,7.223579999997027e-05,1
83,1778832726485,-8.07456000000012e-05,2.254589999999869e-05,0.0004466357999999672,1
84,1778832726487,-8.07456000000012e-05,2.254589999999869e-05,0.0004466357999999672,1
85,1778832726490,-8.07456000000012e-05,2.254589999999869e-05,0.0004466357999999672,1
86,1778832726492,-0.00018604560000000034,3.4245899999998594e-05,-5.764200000052226e-06,1
87,1778832726495,-0.00018604560000000034,3.4245899999998594e-05,-5.764200000052226e-06,1
88,1778832726497,-0.00018604560000000034,3.4245899999998594e-05,-5.764200000052226e-06,1
89,1778832726500,-0.00018604560000000034,3.4245899999998594e-05,-5.764200000052226e-06,1
90,1778832726502,-3.004560000000045e-05,0.0001824458999999997,3.323579999995902e-05,1
91,1778832726504,-3.004560000000045e-05,0.0001824458999999997,3.323579999995902e-05,1
92,1778832726507,-3.004560000000045e-05,0.0001824458999999997,3.323579999995902e-05,1
93,1778832726509,-1.4445600000001155e-05,5.3745899999999014e-05,-0.0008520642000000187,1
94,1778832726511,-1.4445600000001155e-05,5.3745899999999014e-05,-0.0008520642000000187,1
95,1778832726514,-1.4445600000001155e-05,5.3745899999999014e-05,-0.0008520642000000187,1
96,1778832726516,-1.4445600000001155e-05,5.3745899999999014e-05,-9.546420000002259e-05,1
97,1778832726518,-0.0002679456000000014,-4.375410000000135e-05,-9.546420000002259e-05,1
98,1778832726521,-0.0002679456000000014,-4.375410000000135e-05,-9.546420000002259e-05,1
99,1778832726523,-0.0002679456000000014,-4.375410000000135e-05,-9.546420000002259e-05,1
100,1778832726525,-2.614560000000106e-05,0.0002058458999999995,-0.0011211642000000408,1
101,1778832726528,-2.614560000000106e-05,0.0002058458999999995,-0.0011211642000000408,1
102,1778832726530,-2.614560000000106e-05,0.0002058458999999995,-0.0011211642000000408,1
103,1778832726532,-8.07456000000012e-05,-2.035410000000154e-05,-0.00013446420000003383,1
104,1778832726535,-8.07456000000012e-05,-2.035410000000154e-05,-0.00013446420000003383,1
105,1778832726537,-8.07456000000012e-05,-2.035410000000154e-05,-0.00013446420000003383,1
106,1778832726540,-8.07456000000012e-05,-2.035410000000154e-05,-0.00013446420000003383,1
107,1778832726542,0.0002273543999999992,-4.754100000000511e-06,-0.0002709642000000177,1
108,1778832726545,0.0002273543999999992,-4.754100000000511e-06,-0.0002709642000000177,1
109,1778832726547,0.0002273543999999992,-4.754100000000511e-06,-0.0002709642000000177,1
110,1778832726550,-6.64560000000064e-06,0.00011224589999999854,0.00017753579999994513,1
111,1778832726552,-6.64560000000064e-06,0.00011224589999999854,0.00017753579999994513,1
112,1778832726554,-6.64560000000064e-06,0.00011224589999999854,0.00017753579999994513,1
113,1778832726557,-3.394559999999984e-05,0.00010834589999999915,0.0003803358000000036,1
114,1778832726559,-3.394559999999984e-05,0.00010834589999999915,0.0003803358000000036,1
115,1778832726562,-3.394559999999984e-05,0.00010834589999999915,0.0003803358000000036,1
116,1778832726564,-3.394559999999984e-05,-4.754100000000511e-06,0.000376435799999947,1
117,1778832726567,-0.00021334560000000127,-4.754100000000511e-06,0.000376435799999947,1
118,1778832726570,-0.00021334560000000127,-4.754100000000511e-06,0.000376435799999947,1
119,1778832726572,-0.00021334560000000127,-4.754100000000511e-06,0.000345235799999938,1
120,1778832726575,-7.684560000000007e-05,0.00012004589999999905,0.000345235799999938,1
121,1778832726577,-7.684560000000007e-05,0.00012004589999999905,0.000345235799999938,1
122,1778832726579,-7.684560000000007e-05,0.00012004589999999905,0.000345235799999938,1
123,1778832726582,-0.00012754560000000081,1.0845899999998784e-05,0.0005558357999999987,1
124,1778832726584,-0.00012754560000000081,1.0845899999998784e-05,0.0005558357999999987,1
