0,1778833911794,0.00018445439999999896,0.00021754589999999942,0.00019313579999994963,1
1,1778833911796,0.00018445439999999896,0.00021754589999999942,0.00019313579999994963,1
2,1778833911799,0.00018445439999999896,0.00021754589999999942,0.00019313579999994963,1
3,1778833911801,-0.00015094560000000062,0.00041254590000000015,0.0004427358000000216,1
4,1778833911803,-0.00015094560000000062,0.00041254590000000015,0.0004427358000000216,1
5,1778833911806,-0.00015094560000000062,0.00041254590000000015,0.0004427358000000216,1
6,1778833911808,-0.00015094560000000062,0.00021364590000000003,-0.00010326420000002483,1
7,1778833911810,0.00012985439999999883,0.00021364590000000003,-0.00010326420000002483,1
8,1778833911842,9.085439999999972e-05,0.00029554589999999936,-0.0011250641999999865,1
9,1778833911903,9.085439999999972e-05,0.00029554589999999936,-0.0011250641999999865,1
10,1778833911906,-7.294560000000068e-05,0.0003774458999999987,0.00030623579999992673,1
11,1778833911908,-7.294560000000068e-05,0.0003774458999999987,0.00030623579999992673,1
12,1778833911910,-7.294560000000068e-05,0.0003774458999999987,0.00030623579999992673,1
13,1778833911913,-4.5645599999999745e-05,0.0005022459,-0.0007467642000000439,1
14,1778833911915,-4.5645599999999745e-05,0.0005022459,-0.0007467642000000439,1
15,1778833911917,-4.5645599999999745e-05,0.0005022459,-0.0007467642000000439,1
16,1778833911920,-4.5645599999999745e-05,0.0005022459,-0.0007467642000000439,1
17,1778833911922,-0.000248445600000001,0.00046324589999999916,0.00038423579999994923,1
18,1778833911924,-0.000248445600000001,0.00046324589999999916,0.00038423579999994923,1
19,1778833911927,-0.000248445600000001,0.00046324589999999916,0.00038423579999994923,1
20,1778833911929,-0.00010024559999999988,0.00042814589999999944,-0.0005010642000000285,1
21,1778833911932,-0.00010024559999999988,0.00042814589999999944,-0.0005010642000000285,1
22,1778833911934,-0.00010024559999999988,0.00042814589999999944,-0.0005010642000000285,1
23,1778833911936,-0.00010024559999999988,0.0005568459000000001,-0.00015006420000003833,1
24,1778833911939,-0.00012364560000000142,0.0005568459000000001,-0.00015006420000003833,1
25,1778833911941,-0.00012364560000000142,0.0005568459000000001,-0.00015006420000003833,1
26,1778833911943,-0.00012364560000000142,0.0005568459000000001,-0.00015006420000003833,1
27,1778833911946,3.23544000000002e-05,0.0005139458999999999,-0.00015786420000004058,1
28,1778833911948,3.23544000000002e-05,0.0005139458999999999,-0.00015786420000004058,1
29,1778833911950,3.23544000000002e-05,0.0005139458999999999,-0.00015786420000004058,1
30,1778833911953,-4.5645599999999745e-05,0.00027604589999999894,0.00040373580000001037,1
31,1778833911955,-4.5645599999999745e-05,0.00027604589999999894,0.00040373580000001037,1
32,1778833911957,-4.5645599999999745e-05,0.00027604589999999894,0.00040373580000001037,1
33,1778833911960,-4.5645599999999745e-05,0.00027604589999999894,0.00040373580000001037,1
34,1778833911962,0.00014155439999999873,0.00045154589999999925,0.0003608357999999425,1
35,1778833911965,0.00014155439999999873,0.00045154589999999925,0.0003608357999999425,1
36,1778833911967,0.00014155439999999873,0.00045154589999999925,0.0003608357999999425,1
37,1778833911969,-0.00018604560000000034,0.00027994590000000007,0.00032183579999993123,1
38,1778833911972,-0.00018604560000000034,0.00027994590000000007,0.00032183579999993123,1
39,1778833911974,-0.00018604560000000034,0.00027994590000000007,0.00032183579999993123,1
40,1778833911976,-0.00018604560000000034,0.0003813458999999998,0.0004739358000000306,1
41,1778833911979,-0.00017434560000000043,0.0003813458999999998,0.0004739358000000306,1
42,1778833911981,-0.00017434560000000043,0.0003813458999999998,0.0004739358000000306,1
43,1778833911983,-0.00017434560000000043,0.0003813458999999998,0.0004739358000000306,1
44,1778833911986,-0.00023674560000000108,0.0003930458999999997,-0.0001461641999999817,1
45,1778833911988,-0.00023674560000000108,0.0003930458999999997,-0.0001461641999999817,1
46,1778833911990,-0.00023674560000000108,0.0003930458999999997,-0.0001461641999999817,1
47,1778833911993,1.285439999999978e-05,0.00044374589999999874,-0.00019686420000005183,1
48,1778833911995,1.285439999999978e-05,0.00044374589999999874,-0.00019686420000005183,1
49,1778833911998,1.285439999999978e-05,0.00044374589999999874,-0.00019686420000005183,1
50,1778833912000,1.285439999999978e-05,0.00044374589999999874,-0.00019686420000005183,1
51,1778833912002,7.52543999999987e-05,0.00040474589999999963,-0.000828664200000012,1
52,1778833912005,7.52543999999987e-05,0.00040474589999999963,-0.000828664200000012,1
53,1778833912007,7.52543999999987e-05,0.00040474589999999963,-0.000828664200000012,1
54,1778833912009,-0.00012364560000000142,0.00016684589999999867,-0.0003840641999999948,1
55,1778833912012,-0.00012364560000000142,0.00016684589999999867,-0.0003840641999999948,1
56,1778833912014,-0.00012364560000000142,0.00016684589999999867,-0.0003840641999999948,1
57,1778833912016,-0.00012364560000000142,0.00016684589999999867,-0.0007857642000000551,1
58,1778833912019,5.96543999999994e-05,0.0002097458999999989,-0.0007857642000000551,1
59,1778833912021,5.96543999999994e-05,0.0002097458999999989,-0.0007857642000000551,1
60,1778833912023,5.96543999999994e-05,0.0002097458999999989,-0.0007857642000000551,1
61,1778833912026,-0.0002718456000000008,0.00027994590000000007,0.00041543579999995823,1
62,1778833912028,-0.0002718456000000008,0.00027994590000000007,0.00041543579999995823,1
63,1778833912031,-0.0002718456000000008,0.00027994590000000007,0.00041543579999995823,1
64,1778833912033,-0.00017824559999999982,0.0003696458999999999,-0.00021246420000005633,1
65,1778833912035,-0.00017824559999999982,0.0003696458999999999,-0.00021246420000005633,1
66,1778833912038,-0.00017824559999999982,0.0003696458999999999,-0.00021246420000005633,1
67,1778833912040,-0.00017824559999999982,0.0003696458999999999,-0.00021246420000005633,1
68,1778833912042,6.355439999999879e-05,0.0003657458999999988,0.00027893579999997437,1
69,1778833912045,6.355439999999879e-05,0.0003657458999999988,0.00027893579999997437,1
70,1778833912047,6.355439999999879e-05,0.0003657458999999988,0.00027893579999997437,1
71,1778833912049,-0.0001197456000000003,0.0005256458999999998,-0.00029826419999997005,1
72,1778833912052,-0.0001197456000000003,0.0005256458999999998,-0.00029826419999997005,1
73,1778833912054,-0.0001197456000000003,0.0005256458999999998,-0.00029826419999997005,1
74,1778833912057,-0.0001197456000000003,0.0005256458999999998,0.00024383580000001976,1
75,1778833912059,-0.00018994559999999973,0.0004827458999999996,0.00024383580000001976,1
76,1778833912061,-0.00018994559999999973,0.0004827458999999996,0.00024383580000001976,1
77,1778833912064,-0.00018994559999999973,0.0004827458999999996,0.00024383580000001976,1
78,1778833912066,-6.514560000000016e-05,0.00031894589999999917,-0.00023586420000006308,1
79,1778833912068,-6.514560000000016e-05,0.00031894589999999917,-0.00023586420000006308,1
80,1778833912071,-6.514560000000016e-05,0.00031894589999999917,-0.00023586420000006308,1
81,1778833912073,-4.1745600000000355e-05,0.00033454589999999847,-1.8641999999955902e-06,1
82,1778833912075,-4.1745600000000355e-05,0.00033454589999999847,-1.8641999999955902e-06,1
83,1778833912078,-4.1745600000000355e-05,0.00033454589999999847,-1.8641999999955902e-06,1
84,1778833912080,-4.1745600000000355e-05,0.00033454589999999847,-1.8641999999955902e-06,1
85,1778833912082,7.915439999999982e-05,0.00045934589999999977,-0.00028266419999996555,1
86,1778833912085,7.915439999999982e-05,0.00045934589999999977,-0.00028266419999996555,1
87,1778833912087,7.915439999999982e-05,0.00045934589999999977,-0.00028266419999996555,1
88,1778833912089,-0.00018214560000000095,0.0006894458999999985,-0.00029436420000002444,1
89,1778833912092,-0.00018214560000000095,0.0006894458999999985,-0.00029436420000002444,1
90,1778833912094,-0.00018214560000000095,0.0006894458999999985,-0.00029436420000002444,1
91,1778833912097,-0.00018214560000000095,0.0006894458999999985,-0.0002514642000000676,1
92,1778833912099,0.00012205440000000005,0.0005763458999999988,-0.0002514642000000676,1
93,1778833912101,0.00012205440000000005,0.0005763458999999988,-0.0002514642000000676,1
94,1778833912104,0.00012205440000000005,0.0005763458999999988,-0.0002514642000000676,1
95,1778833912106,-5.344560000000026e-05,0.0005061458999999994,-0.0006492642000000713,1
96,1778833912108,-5.344560000000026e-05,0.0005061458999999994,-0.0006492642000000713,1
97,1778833912111,-5.344560000000026e-05,0.0005061458999999994,-0.0006492642000000713,1
98,1778833912113,2.4554399999999685e-05,0.00033454589999999847,-0.0003684641999999903,1
99,1778833912115,2.4554399999999685e-05,0.00033454589999999847,-0.0003684641999999903,1
100,1778833912118,2.4554399999999685e-05,0.00033454589999999847,-0.0003684641999999903,1
101,1778833912120,2.4554399999999685e-05,0.00033454589999999847,-0.0003684641999999903,1
102,1778833912122,-8.854559999999997e-05,0.0004827458999999996,-0.00039186419999999705,1
103,1778833912125,-8.854559999999997e-05,0.0004827458999999996,-0.00039186419999999705,1
104,1778833912127,-8.854559999999997e-05,0.0004827458999999996,-0.00039186419999999705,1
105,1778833912129,0.00012205440000000005,0.0005061458999999994,0.00030623579999992673,1
106,1778833912132,0.00012205440000000005,0.0005061458999999994,0.00030623579999992673,1
107,1778833912134,0.00012205440000000005,0.0005061458999999994,0.00030623579999992673,1
108,1778833912137,0.00012205440000000005,0.0005061458999999994,-0.00018126420000004733,1
109,1778833912139,1.675439999999917e-05,0.0006114458999999985,-0.00018126420000004733,1
110,1778833912141,1.675439999999917e-05,0.0006114458999999985,-0.00018126420000004733,1
111,1778833912144,1.675439999999917e-05,0.0006114458999999985,-0.00018126420000004733,1
112,1778833912146,-3.7845600000000965e-05,0.000552945899999999,0.0005051357999999286,1
113,1778833912149,-3.7845600000000965e-05,0.000552945899999999,0.0005051357999999286,1
114,1778833912151,-3.7845600000000965e-05,0.000552945899999999,0.0005051357999999286,1
115,1778833912153,0.0002234543999999998,0.0007518458999999991,-0.000766264199999994,1
116,1778833912156,0.0002234543999999998,0.0007518458999999991,-0.000766264199999994,1
117,1778833912158,0.0002234543999999998,0.0007518458999999991,-0.000766264199999994,1
118,1778833912161,0.0002234543999999998,0.0007518458999999991,-0.000766264199999994,1
119,1778833912163,3.23544000000002e-05,0.00024094589999999923,-0.0001149641999999727,1
120,1778833912165,3.23544000000002e-05,0.00024094589999999923,-0.0001149641999999727,1
121,1778833912168,3.23544000000002e-05,0.00024094589999999923,-0.0001149641999999727,1
122,1778833912170,0.0002273543999999992,0.0003501458999999995,-0.00032556420000003344,1
123,1778833912172,0.0002273543999999992,0.0003501458999999995,-0.00032556420000003344,1
124,1778833912175,0.0002273543999999992,0.0003501458999999995,-0.00032556420000003344,1
