0,1778831067459,0.012821693485713999,0.0058494339428599995,-0.00031263737143002405,2
1,1778831067462,0.012821693485713999,0.0058494339428599995,-0.00031263737143002405,2
2,1778831067464,0.012821693485713999,0.0058494339428599995,-0.0003984373714300488,2
3,1778831067467,0.012747593485713998,0.005853333942859999,-0.0003984373714300488,2
4,1778831067469,0.012747593485713998,0.005853333942859999,-0.0003984373714300488,2
5,1778831067471,0.012747593485713998,0.005853333942859999,-0.0003984373714300488,2
6,1778831067474,0.012638393485714,0.005763633942859999,-0.00047253737143001465,2
7,1778831067476,0.012638393485714,0.005763633942859999,-0.00047253737143001465,2
8,1778831067478,0.012638393485714,0.005763633942859999,-0.00047253737143001465,2
9,1778831067481,0.012435593485713999,0.00568173394286,-0.00015273737143003344,2
10,1778831067483,0.012435593485713999,0.00568173394286,-0.00015273737143003344,2
11,1778831067485,0.012435593485713999,0.00568173394286,-0.00015273737143003344,2
12,1778831067488,0.012435593485713999,0.00568173394286,-0.00015273737143003344,2
13,1778831067490,0.012720293485713999,0.005697333942859999,0.0002840626285699815,2
14,1778831067492,0.012720293485713999,0.005697333942859999,0.0002840626285699815,2
15,1778831067495,0.012720293485713999,0.005697333942859999,0.0002840626285699815,2
16,1778831067497,0.012544793485713999,0.00585723394286,0.00033866262856999726,2
17,1778831067526,0.012544793485713999,0.00585723394286,0.00033866262856999726,2
18,1778831067528,0.012747593485713998,0.005985933942859999,3.056262856996391e-05,2
19,1778831067537,0.012669593485713998,0.005740233942859999,0.0005726626285699537,2
20,1778831067591,0.012712493485713999,0.005666133942859999,0.00022946262856996576,2
21,1778831067594,0.012751493485714,0.005787033942859999,-0.00031653737142996966,2
22,1778831067596,0.012751493485714,0.005787033942859999,-0.00031653737142996966,2
23,1778831067598,0.012751493485714,0.005787033942859999,-0.00031653737142996966,2
24,1778831067601,0.012751493485714,0.00577143394286,0.0001709626285700044,2
25,1778831067603,0.012700793485713999,0.00577143394286,0.0001709626285700044,2
26,1778831067605,0.012700793485713999,0.00577143394286,0.0001709626285700044,2
27,1778831067608,0.012700793485713999,0.00577143394286,0.0001709626285700044,2
28,1778831067610,0.012739793485714,0.005939133942859999,0.0001709626285700044,2
29,1778831067613,0.012739793485714,0.005939133942859999,0.0001709626285700044,2
30,1778831067615,0.012739793485714,0.005939133942859999,0.0001709626285700044,2
31,1778831067617,0.012603293485713998,0.005841633942859999,-8.25373714300132e-05,2
32,1778831067620,0.012603293485713998,0.005841633942859999,-8.25373714300132e-05,2
33,1778831067622,0.012603293485713998,0.005841633942859999,-8.25373714300132e-05,2
34,1778831067624,0.012603293485713998,0.005841633942859999,-8.25373714300132e-05,2
35,1778831067627,0.012575993485713999,0.005794833942859999,0.0001553626285699999,2
36,1778831067629,0.012575993485713999,0.005794833942859999,0.0001553626285699999,2
37,1778831067631,0.012575993485713999,0.005794833942859999,0.0001553626285699999,2
38,1778831067634,0.012509693485713999,0.00573633394286,0.00017486262856995002,2
39,1778831067636,0.012509693485713999,0.00573633394286,0.00017486262856995002,2
40,1778831067639,0.012509693485713999,0.00573633394286,0.00017486262856995002,2
41,1778831067641,0.012509693485713999,0.00570123394286,-0.0001917373714300447,2
42,1778831067643,0.012587693485713999,0.00570123394286,-0.0001917373714300447,2
43,1778831067646,0.012587693485713999,0.00570123394286,-0.0001917373714300447,2
44,1778831067648,0.012587693485713999,0.00570123394286,-0.0001917373714300447,2
45,1778831067650,0.012548693485713998,0.00575973394286,-5.13373714300042e-05,2
46,1778831067653,0.012548693485713998,0.00575973394286,-5.13373714300042e-05,2
47,1778831067655,0.012548693485713998,0.00575973394286,-5.13373714300042e-05,2
48,1778831067658,0.012692993485713998,0.005732433942859999,-0.0002580373714300083,2
49,1778831067660,0.012692993485713998,0.005732433942859999,-0.0002580373714300083,2
50,1778831067662,0.012692993485713998,0.005732433942859999,-0.0002580373714300083,2
51,1778831067665,0.012692993485713998,0.005732433942859999,-0.00021903737142999705,2
52,1778831067667,0.012607193485714,0.005962533942859999,-0.00021903737142999705,2
53,1778831067669,0.012607193485714,0.005962533942859999,-0.00021903737142999705,2
54,1778831067672,0.012607193485714,0.005962533942859999,-0.00021903737142999705,2
55,1778831067674,0.012478493485713999,0.005720733942859999,-0.0006636373714300143,2
56,1778831067676,0.012478493485713999,0.005720733942859999,-0.0006636373714300143,2
57,1778831067679,0.012478493485713999,0.005720733942859999,-0.0006636373714300143,2
58,1778831067681,0.012759293485713998,0.00562323394286,-0.0004608373714300668,2
59,1778831067684,0.012759293485713998,0.00562323394286,-0.0004608373714300668,2
60,1778831067686,0.012759293485713998,0.00562323394286,-0.0004608373714300668,2
61,1778831067688,0.012759293485713998,0.00562323394286,-0.0004608373714300668,2
62,1778831067691,0.012431693485714,0.00568173394286,8.90626285700363e-05,2
63,1778831067693,0.012431693485714,0.00568173394286,8.90626285700363e-05,2
64,1778831067695,0.012431693485714,0.00568173394286,8.90626285700363e-05,2
65,1778831067698,0.012731993485713999,0.005619333942859999,0.00016706262856994777,2
66,1778831067700,0.012731993485713999,0.005619333942859999,0.00016706262856994777,2
67,1778831067702,0.012731993485713999,0.005619333942859999,0.00016706262856994777,2
68,1778831067705,0.012731993485713999,0.005619333942859999,5.0062628570025046e-05,2
69,1778831067707,0.012618893485714,0.00592353394286,5.0062628570025046e-05,2
70,1778831067710,0.012618893485714,0.00592353394286,5.0062628570025046e-05,2
71,1778831067712,0.012618893485714,0.00592353394286,5.0062628570025046e-05,2
72,1778831067714,0.012708593485714,0.005697333942859999,0.0002021626285700134,2
73,1778831067717,0.012708593485714,0.005697333942859999,0.0002021626285700134,2
74,1778831067719,0.012708593485714,0.005697333942859999,0.0002021626285700134,2
75,1778831067721,0.012774893485714,0.005931333942859999,0.0004400626285700265,2
76,1778831067724,0.012774893485714,0.005931333942859999,0.0004400626285700265,2
77,1778831067726,0.012774893485714,0.005931333942859999,0.0004400626285700265,2
78,1778831067728,0.012774893485714,0.005931333942859999,0.0004400626285700265,2
79,1778831067731,0.012802193485713998,0.005876733942859999,1.4962628569959412e-05,2
80,1778831067733,0.012802193485713998,0.005876733942859999,1.4962628569959412e-05,2
81,1778831067736,0.012802193485713998,0.005876733942859999,1.4962628569959412e-05,2
82,1778831067738,0.012653993485713999,0.00577143394286,0.00025676262857002915,2
83,1778831067740,0.012653993485713999,0.00577143394286,0.00025676262857002915,2
84,1778831067743,0.012653993485713999,0.00577143394286,0.00025676262857002915,2
85,1778831067745,0.012653993485713999,0.00577143394286,-0.0004959373714300214,2
86,1778831067747,0.012564293485714,0.005541333942859999,-0.0004959373714300214,2
87,1778831067750,0.012564293485714,0.005541333942859999,-0.0004959373714300214,2
88,1778831067752,0.012564293485714,0.005541333942859999,-0.0004959373714300214,2
89,1778831067754,0.012607193485714,0.00571293394286,-0.00010593737143001995,2
90,1778831067757,0.012607193485714,0.00571293394286,-0.00010593737143001995,2
91,1778831067759,0.012607193485714,0.00571293394286,-0.00010593737143001995,2
92,1778831067762,0.012583793485714,0.00571293394286,0.0004127626285699631,2
93,1778831067764,0.012583793485714,0.00571293394286,0.0004127626285699631,2
94,1778831067766,0.012583793485714,0.00571293394286,0.0004127626285699631,2
95,1778831067769,0.012583793485714,0.00571293394286,0.0004127626285699631,2
96,1778831067771,0.012712493485713999,0.00581433394286,-0.00031653737142996966,2
97,1778831067773,0.012712493485713999,0.00581433394286,-0.00031653737142996966,2
98,1778831067776,0.012712493485713999,0.00581433394286,-0.00031653737142996966,2
99,1778831067778,0.012696893485714,0.00574803394286,-0.0002229373714300537,2
100,1778831067780,0.012696893485714,0.00574803394286,-0.0002229373714300537,2
101,1778831067783,0.012696893485714,0.00574803394286,-0.0002229373714300537,2
102,1778831067785,0.012696893485714,0.00574803394286,-9.423737143007208e-05,2
103,1778831067788,0.012646193485713999,0.00575973394286,-9.423737143007208e-05,2
104,1778831067790,0.012646193485713999,0.00575973394286,-9.423737143007208e-05,2
105,1778831067792,0.012646193485713999,0.00575973394286,-9.423737143007208e-05,2
106,1778831067795,0.012525293485713998,0.005642733942859999,-9.423737143007208e-05,2
107,1778831067797,0.012525293485713998,0.005642733942859999,-9.423737143007208e-05,2
108,1778831067799,0.012525293485713998,0.005642733942859999,-9.423737143007208e-05,2
109,1778831067802,0.012642293485714,0.00570123394286,0.00017486262856995002,2
110,1778831067804,0.012642293485714,0.00570123394286,0.00017486262856995002,2
111,1778831067806,0.012642293485714,0.00570123394286,0.00017486262856995002,2
112,1778831067809,0.012642293485714,0.00570123394286,0.00017486262856995002,2
113,1778831067811,0.012283493485714,0.00583383394286,-0.0002229373714300537,2
114,1778831067814,0.012283493485714,0.00583383394286,-0.0002229373714300537,2
115,1778831067816,0.012283493485714,0.00583383394286,-0.0002229373714300537,2
116,1778831067818,0.012751493485714,0.005884533942859999,-2.793737142999745e-05,2
117,1778831067821,0.012751493485714,0.005884533942859999,-2.793737142999745e-05,2
118,1778831067823,0.012751493485714,0.005884533942859999,-2.793737142999745e-05,2
119,1778831067825,0.012751493485714,0.005876733942859999,-0.0001800373714299858,2
120,1778831067828,0.012568193485713999,0.005876733942859999,-0.0001800373714299858,2
121,1778831067830,0.012568193485713999,0.005876733942859999,-0.0001800373714299858,2
122,1778831067832,0.012568193485713999,0.005876733942859999,-0.0001800373714299858,2
123,1778831067835,0.013082993485714,0.00590013394286,5.0062628570025046e-05,2
124,1778831067837,0.013082993485714,0.00590013394286,5.0062628570025046e-05,2
