0,1778830146847,0.012575993485713999,0.005720733942859999,-0.0001956373714299903,2
1,1778830146870,0.012661793485714,0.005584233942859999,-0.0005505373714300371,2
2,1778830146881,0.012848993485714,0.005584233942859999,-0.0005505373714300371,2
3,1778830146884,0.012646193485713999,0.005631033942859999,-0.0004491373714300079,2
4,1778830146941,0.012934793485713999,0.00575973394286,2.276262856996166e-05,2
5,1778830146943,0.012938693485714,0.00571293394286,-0.00033213737142997416,2
6,1778830146946,0.012938693485714,0.00571293394286,-0.00033213737142997416,2
7,1778830146948,0.012938693485714,0.00571293394286,-0.00033213737142997416,2
8,1778830146950,0.012466793485713999,0.00568953394286,-0.0001956373714299903,2
9,1778830146953,0.012466793485713999,0.00568953394286,-0.0001956373714299903,2
10,1778830146955,0.012466793485713999,0.00568953394286,-0.0001956373714299903,2
11,1778830146957,0.012466793485713999,0.005709033942859999,-0.00030093737142996516,2
12,1778830146960,0.012899693485713999,0.005709033942859999,-0.00030093737142996516,2
13,1778830146962,0.012899693485713999,0.005709033942859999,-0.00030093737142996516,2
14,1778830146964,0.012899693485713999,0.005709033942859999,-0.00030093737142996516,2
15,1778830146967,0.012689093485713999,0.00561153394286,-0.0007845373714299936,2
16,1778830146969,0.012689093485713999,0.00561153394286,-0.0007845373714299936,2
17,1778830146972,0.012689093485713999,0.00561153394286,-0.0007845373714299936,2
18,1778830146974,0.012813893485713998,0.005697333942859999,-0.00031653737142996966,2
19,1778830146977,0.012813893485713998,0.005697333942859999,-0.00031653737142996966,2
20,1778830146979,0.012813893485713998,0.005697333942859999,-0.00031653737142996966,2
21,1778830146981,0.012813893485713998,0.005599833942859999,-0.001205737371430004,2
22,1778830146984,0.012568193485713999,0.005599833942859999,-0.001205737371430004,2
23,1778830146986,0.012568193485713999,0.005599833942859999,-0.001205737371430004,2
24,1778830146989,0.012568193485713999,0.005599833942859999,-0.001205737371430004,2
25,1778830146991,0.012650093485714,0.00563493394286,-0.0002268373714299993,2
26,1778830146994,0.012650093485714,0.00563493394286,-0.0002268373714299993,2
27,1778830146996,0.012650093485714,0.00563493394286,-0.0002268373714299993,2
28,1778830146998,0.012747593485713998,0.005954733942859999,-0.00011763737142996781,2
29,1778830147001,0.012747593485713998,0.005954733942859999,-0.00011763737142996781,2
30,1778830147003,0.012747593485713998,0.005954733942859999,-0.00011763737142996781,2
31,1778830147005,0.012747593485713998,0.005697333942859999,4.2262628570022796e-05,2
32,1778830147008,0.013036193485713998,0.005697333942859999,4.2262628570022796e-05,2
33,1778830147010,0.013036193485713998,0.005697333942859999,4.2262628570022796e-05,2
34,1778830147012,0.013036193485713998,0.005697333942859999,4.2262628570022796e-05,2
35,1778830147015,0.012872393485714,0.005619333942859999,-2.01373714299952e-05,2
36,1778830147017,0.012872393485714,0.005619333942859999,-2.01373714299952e-05,2
37,1778830147020,0.012872393485714,0.005619333942859999,-2.01373714299952e-05,2
38,1778830147022,0.012556493485713999,0.005662233942859999,0.000518062628569938,2
39,1778830147024,0.012556493485713999,0.005662233942859999,0.000518062628569938,2
40,1778830147027,0.012556493485713999,0.005662233942859999,0.000518062628569938,2
41,1778830147029,0.012556493485713999,0.005662233942859999,0.000518062628569938,2
42,1778830147031,0.012622793485713999,0.0055725339428599995,-0.00046863737143006904,2
43,1778830147034,0.012622793485713999,0.0055725339428599995,-0.00046863737143006904,2
44,1778830147036,0.012622793485713999,0.0055725339428599995,-0.00046863737143006904,2
45,1778830147038,0.012997193485714,0.005486733942859999,-0.0003516373714300353,2
46,1778830147041,0.012997193485714,0.005486733942859999,-0.0003516373714300353,2
47,1778830147043,0.012997193485714,0.005486733942859999,-0.0003516373714300353,2
48,1778830147046,0.012997193485714,0.005533533942859999,-0.0002853373714300717,2
49,1778830147048,0.012825593485713998,0.005533533942859999,-0.0002853373714300717,2
50,1778830147050,0.012825593485713998,0.005533533942859999,-0.0002853373714300717,2
51,1778830147053,0.012825593485713998,0.005533533942859999,-0.0002853373714300717,2
52,1778830147055,0.012747593485713998,0.00573633394286,-0.0004023373714299944,2
53,1778830147057,0.012747593485713998,0.00573633394286,-0.0004023373714299944,2
54,1778830147060,0.012747593485713998,0.00573633394286,-0.0004023373714299944,2
55,1778830147063,0.012950393485714,0.005642733942859999,-0.00018783737142998806,2
56,1778830147065,0.012950393485714,0.005642733942859999,-0.00018783737142998806,2
57,1778830147068,0.012950393485714,0.005642733942859999,-0.00018783737142998806,2
58,1778830147070,0.012681293485713998,0.00561543394286,-0.0002073373714300492,2
59,1778830147073,0.012681293485713998,0.00561543394286,-0.0002073373714300492,2
60,1778830147076,0.012681293485713998,0.00561543394286,-0.0002073373714300492,2
61,1778830147079,0.013051793485714,0.005408733942859999,-4.7437371430058585e-05,2
62,1778830147081,0.013051793485714,0.005408733942859999,-4.7437371430058585e-05,2
63,1778830147084,0.013051793485714,0.005408733942859999,-4.7437371430058585e-05,2
64,1778830147087,0.012462893485714,0.0054945339428599995,-0.00010593737143001995,2
65,1778830147090,0.012462893485714,0.0054945339428599995,-0.00010593737143001995,2
66,1778830147092,0.012462893485714,0.0054945339428599995,-0.00010593737143001995,2
67,1778830147094,0.012903593485713998,0.00568173394286,0.000299662628569986,2
68,1778830147097,0.012903593485713998,0.00568173394286,0.000299662628569986,2
69,1778830147099,0.012903593485713998,0.00568173394286,0.000299662628569986,2
70,1778830147101,0.012903593485713998,0.00568173394286,-0.00011763737142996781,2
71,1778830147104,0.012638393485714,0.00583773394286,-0.00011763737142996781,2
72,1778830147106,0.012638393485714,0.00583773394286,-0.00011763737142996781,2
73,1778830147108,0.012638393485714,0.00583773394286,-0.00011763737142996781,2
74,1778830147111,0.012903593485713998,0.005677833942859999,-0.0003048373714300218,2
75,1778830147113,0.012903593485713998,0.005677833942859999,-0.0003048373714300218,2
76,1778830147116,0.012903593485713998,0.005677833942859999,-0.0003048373714300218,2
77,1778830147118,0.012954293485713999,0.005751933942859999,-0.0002073373714300492,2
78,1778830147120,0.012954293485713999,0.005751933942859999,-0.0002073373714300492,2
79,1778830147123,0.012954293485713999,0.005751933942859999,-0.0002073373714300492,2
80,1778830147125,0.012954293485713999,0.005751933942859999,-0.0002073373714300492,2
81,1778830147127,0.012712493485713999,0.00562713394286,-0.0006090373714299985,2
82,1778830147130,0.012712493485713999,0.00562713394286,-0.0006090373714299985,2
83,1778830147132,0.012712493485713999,0.00562713394286,-0.0006090373714299985,2
84,1778830147134,0.012735893485713998,0.005599833942859999,-0.0005544373714299828,2
85,1778830147137,0.012735893485713998,0.005599833942859999,-0.0005544373714299828,2
86,1778830147139,0.012735893485713998,0.005599833942859999,-0.0005544373714299828,2
87,1778830147142,0.012735893485713998,0.005599833942859999,-0.0005232373714299738,2
88,1778830147144,0.012626693485713998,0.005510133942859999,-0.0005232373714299738,2
89,1778830147146,0.012626693485713998,0.005510133942859999,-0.0005232373714299738,2
90,1778830147149,0.012626693485713998,0.005510133942859999,-0.0005232373714299738,2
91,1778830147151,0.012880193485713998,0.00559203394286,-0.00020343737142999255,2
92,1778830147153,0.012880193485713998,0.00559203394286,-0.00020343737142999255,2
93,1778830147156,0.012880193485713998,0.00559203394286,-0.00020343737142999255,2
94,1778830147158,0.012708593485714,0.005829933942859999,-0.00028143737143001505,2
95,1778830147161,0.012708593485714,0.005829933942859999,-0.00028143737143001505,2
96,1778830147163,0.012708593485714,0.005829933942859999,-0.00028143737143001505,2
97,1778830147165,0.012708593485714,0.005829933942859999,-0.00028143737143001505,2
98,1778830147168,0.012806093485714,0.00598203394286,-0.00031263737143002405,2
99,1778830147170,0.012806093485714,0.00598203394286,-0.00031263737143002405,2
100,1778830147172,0.012806093485714,0.00598203394286,-0.00031263737143002405,2
101,1778830147175,0.012700793485713999,0.00572463394286,-0.0004023373714299944,2
102,1778830147177,0.012700793485713999,0.00572463394286,-0.0004023373714299944,2
103,1778830147179,0.012700793485713999,0.00572463394286,-0.0004023373714299944,2
104,1778830147182,0.012700793485713999,0.00568173394286,7.736262856997741e-05,2
105,1778830147184,0.012681293485713998,0.00568173394286,7.736262856997741e-05,2
106,1778830147187,0.012681293485713998,0.00568173394286,7.736262856997741e-05,2
107,1778830147189,0.012681293485713998,0.00568173394286,7.736262856997741e-05,2
108,1778830147191,0.012540893485714,0.00568173394286,-0.0007845373714299936,2
109,1778830147194,0.012540893485714,0.00568173394286,-0.0007845373714299936,2
110,1778830147196,0.012540893485714,0.00568173394286,-0.0007845373714299936,2
111,1778830147198,0.012977693485713999,0.005654433942859999,5.7862628570027295e-05,2
112,1778830147201,0.012977693485713999,0.005654433942859999,5.7862628570027295e-05,2
113,1778830147203,0.012977693485713999,0.005654433942859999,5.7862628570027295e-05,2
114,1778830147205,0.012977693485713999,0.005654433942859999,5.7862628570027295e-05,2
115,1778830147208,0.012341993485714,0.005974233942859999,-0.00030093737142996516,2
116,1778830147210,0.012341993485714,0.005974233942859999,-0.00030093737142996516,2
117,1778830147213,0.012341993485714,0.005974233942859999,-0.00030093737142996516,2
118,1778830147215,0.013024493485713998,0.005654433942859999,-0.0007767373714299914,2
119,1778830147217,0.013024493485713998,0.005654433942859999,-0.0007767373714299914,2
120,1778830147220,0.013024493485713998,0.005654433942859999,-0.0007767373714299914,2
121,1778830147222,0.013024493485713998,0.00561153394286,-0.0007767373714299914,2
122,1778830147224,0.012798293485713999,0.00561153394286,-0.0007767373714299914,2
123,1778830147227,0.012798293485713999,0.00561153394286,-0.0007767373714299914,2
124,1778830147229,0.012798293485713999,0.00561153394286,-0.0007767373714299914,2
