0,1778830747669,0.012763193485714,0.005642733942859999,0.0002021626285700134,2
1,1778830747672,0.012525293485713998,0.005709033942859999,0.0007754626285700122,2
2,1778830747675,0.012525293485713998,0.005709033942859999,0.0007754626285700122,2
3,1778830747677,0.012525293485713998,0.005709033942859999,0.0007754626285700122,2
4,1778830747680,0.012525293485713998,0.00585723394286,0.0006155626285700216,2
5,1778830747682,0.012700793485713999,0.00585723394286,0.0006155626285700216,2
6,1778830747684,0.012700793485713999,0.00585723394286,0.0006155626285700216,2
7,1778830747687,0.012700793485713999,0.00585723394286,0.0006155626285700216,2
8,1778830747717,0.012416093485714,0.005954733942859999,0.00013586262856993877,2
9,1778830747719,0.012622793485713999,0.005822133942859999,-0.0006948373714300233,2
10,1778830747757,0.012540893485714,0.00562713394286,-0.0002892373714300173,2
11,1778830747780,0.012681293485713998,0.005865033942859999,6.566262857002955e-05,2
12,1778830747782,0.012681293485713998,0.005865033942859999,6.566262857002955e-05,2
13,1778830747785,0.012774893485714,0.00605613394286,8.126262857003404e-05,2
14,1778830747787,0.012774893485714,0.00605613394286,8.126262857003404e-05,2
15,1778830747789,0.012774893485714,0.00605613394286,8.126262857003404e-05,2
16,1778830747792,0.012774893485714,0.00605613394286,-0.0002541373714300627,2
17,1778830747794,0.012494093485714,0.00588063394286,-0.0002541373714300627,2
18,1778830747796,0.012494093485714,0.00588063394286,-0.0002541373714300627,2
19,1778830747799,0.012494093485714,0.00588063394286,-0.0002541373714300627,2
20,1778830747801,0.012821693485713999,0.00576753394286,-0.00014103737142997456,2
21,1778830747803,0.012821693485713999,0.00576753394286,-0.00014103737142997456,2
22,1778830747806,0.012821693485713999,0.00576753394286,-0.00014103737142997456,2
23,1778830747808,0.012825593485713998,0.00595863394286,-0.00029703737143001955,2
24,1778830747810,0.012825593485713998,0.00595863394286,-0.00029703737143001955,2
25,1778830747813,0.012825593485713998,0.00595863394286,-0.00029703737143001955,2
26,1778830747815,0.012825593485713998,0.00595863394286,-0.00029703737143001955,2
27,1778830747818,0.012778793485713999,0.005810433942859999,-5.13373714300042e-05,2
28,1778830747820,0.012778793485713999,0.005810433942859999,-5.13373714300042e-05,2
29,1778830747822,0.012778793485713999,0.005810433942859999,-5.13373714300042e-05,2
30,1778830747825,0.012509693485713999,0.005595933942859999,-0.00031653737142996966,2
31,1778830747827,0.012509693485713999,0.005595933942859999,-0.00031653737142996966,2
32,1778830747829,0.012509693485713999,0.005595933942859999,-0.00031653737142996966,2
33,1778830747832,0.012509693485713999,0.005595933942859999,0.00046346262857003325,2
34,1778830747834,0.012712493485713999,0.00574803394286,0.00046346262857003325,2
35,1778830747837,0.012712493485713999,0.00574803394286,0.00046346262857003325,2
36,1778830747839,0.012712493485713999,0.00574803394286,0.00046346262857003325,2
37,1778830747841,0.012599393485713999,0.00580263394286,0.0002957626285699294,2
38,1778830747844,0.012599393485713999,0.00580263394286,0.0002957626285699294,2
39,1778830747846,0.012599393485713999,0.00580263394286,0.0002957626285699294,2
40,1778830747848,0.012622793485713999,0.005709033942859999,0.0005726626285699537,2
41,1778830747851,0.012622793485713999,0.005709033942859999,0.0005726626285699537,2
42,1778830747853,0.012622793485713999,0.005709033942859999,0.0005726626285699537,2
43,1778830747855,0.012622793485713999,0.005709033942859999,0.0005726626285699537,2
44,1778830747858,0.012646193485713999,0.005763633942859999,-0.00023463737143000155,2
45,1778830747860,0.012646193485713999,0.005763633942859999,-0.00023463737143000155,2
46,1778830747863,0.012646193485713999,0.005763633942859999,-0.00023463737143000155,2
47,1778830747865,0.012650093485714,0.00585723394286,-0.0004803373714300169,2
48,1778830747867,0.012650093485714,0.00585723394286,-0.0004803373714300169,2
49,1778830747870,0.012650093485714,0.00585723394286,-0.0004803373714300169,2
50,1778830747872,0.012650093485714,0.00571293394286,-0.0008469373714300116,2
51,1778830747874,0.012809993485713999,0.00571293394286,-0.0008469373714300116,2
52,1778830747877,0.012809993485713999,0.00571293394286,-0.0008469373714300116,2
53,1778830747879,0.012809993485713999,0.00571293394286,-0.0008469373714300116,2
54,1778830747881,0.012630593485714,0.005861133942859999,-0.0007416373714300368,2
55,1778830747884,0.012630593485714,0.005861133942859999,-0.0007416373714300368,2
56,1778830747886,0.012630593485714,0.005861133942859999,-0.0007416373714300368,2
57,1778830747889,0.012587693485713999,0.00575583394286,-0.0008781373714300206,2
58,1778830747891,0.012587693485713999,0.00575583394286,-0.0008781373714300206,2
59,1778830747893,0.012587693485713999,0.00575583394286,-0.0008781373714300206,2
60,1778830747896,0.012587693485713999,0.00575583394286,-0.0008781373714300206,2
61,1778830747898,0.012568193485713999,0.0057831339428599995,-0.00043743737143006004,2
62,1778830747900,0.012568193485713999,0.0057831339428599995,-0.00043743737143006004,2
63,1778830747903,0.012568193485713999,0.0057831339428599995,-0.00043743737143006004,2
64,1778830747905,0.012903593485713998,0.005829933942859999,0.00027236262857003365,2
65,1778830747907,0.012903593485713998,0.005829933942859999,0.00027236262857003365,2
66,1778830747910,0.012903593485713998,0.005829933942859999,0.00027236262857003365,2
67,1778830747912,0.012903593485713998,0.006005433942859999,0.0006545626285700329,2
68,1778830747914,0.012634493485713999,0.006005433942859999,0.0006545626285700329,2
69,1778830747917,0.012634493485713999,0.006005433942859999,0.0006545626285700329,2
70,1778830747919,0.012634493485713999,0.006005433942859999,0.0006545626285700329,2
71,1778830747922,0.012552593485714,0.005787033942859999,0.00137996262857002,2
72,1778830747924,0.012552593485714,0.005787033942859999,0.00137996262857002,2
73,1778830747926,0.012552593485714,0.005787033942859999,0.00137996262857002,2
74,1778830747929,0.012607193485714,0.005588133942859999,0.0005999626285700171,2
75,1778830747931,0.012607193485714,0.005588133942859999,0.0005999626285700171,2
76,1778830747934,0.012607193485714,0.005588133942859999,0.0005999626285700171,2
77,1778830747936,0.012607193485714,0.005588133942859999,0.0005999626285700171,2
78,1778830747938,0.012809993485713999,0.00571293394286,0.0004088626285700175,2
79,1778830747941,0.012809993485713999,0.00571293394286,0.0004088626285700175,2
80,1778830747943,0.012809993485713999,0.00571293394286,0.0004088626285700175,2
81,1778830747945,0.012435593485713999,0.005677833942859999,-0.00014103737142997456,2
82,1778830747948,0.012435593485713999,0.005677833942859999,-0.00014103737142997456,2
83,1778830747950,0.012435593485713999,0.005677833942859999,-0.00014103737142997456,2
84,1778830747952,0.012435593485713999,0.00583383394286,-8.25373714300132e-05,2
85,1778830747955,0.012841193485714,0.00583383394286,-8.25373714300132e-05,2
86,1778830747957,0.012841193485714,0.00583383394286,-8.25373714300132e-05,2
87,1778830747960,0.012841193485714,0.00583383394286,-8.25373714300132e-05,2
88,1778830747962,0.012661793485714,0.00593523394286,-0.001186237371430054,2
89,1778830747964,0.012661793485714,0.00593523394286,-0.001186237371430054,2
90,1778830747967,0.012661793485714,0.00593523394286,-0.001186237371430054,2
91,1778830747969,0.012985493485714,0.0057831339428599995,-0.001018537371430061,2
92,1778830747971,0.012985493485714,0.0057831339428599995,-0.001018537371430061,2
93,1778830747974,0.012985493485714,0.0057831339428599995,-0.001018537371430061,2
94,1778830747976,0.012985493485714,0.0057831339428599995,-0.0005505373714300371,2
95,1778830747978,0.012817793485714,0.00562323394286,-0.0005505373714300371,2
96,1778830747981,0.012817793485714,0.00562323394286,-0.0005505373714300371,2
97,1778830747983,0.012817793485714,0.00562323394286,-0.0005505373714300371,2
98,1778830747986,0.012661793485714,0.0057051339428599995,-0.0003204373714300263,2
99,1778830747988,0.012661793485714,0.0057051339428599995,-0.0003204373714300263,2
100,1778830747990,0.012661793485714,0.0057051339428599995,-0.0003204373714300263,2
101,1778830747993,0.012915293485714,0.0057051339428599995,0.000268462628569977,2
102,1778830747995,0.012915293485714,0.0057051339428599995,0.000268462628569977,2
103,1778830747997,0.012915293485714,0.0057051339428599995,0.000268462628569977,2
104,1778830748000,0.012915293485714,0.0057051339428599995,0.000268462628569977,2
105,1778830748002,0.012462893485714,0.00575583394286,0.00035426262857000176,2
106,1778830748004,0.012462893485714,0.00575583394286,0.00035426262857000176,2
107,1778830748007,0.012462893485714,0.00575583394286,0.00035426262857000176,2
108,1778830748009,0.012685193485714,0.0060717339428599994,0.00043226262857002425,2
109,1778830748012,0.012685193485714,0.0060717339428599994,0.00043226262857002425,2
110,1778830748014,0.012685193485714,0.0060717339428599994,0.00043226262857002425,2
111,1778830748016,0.012685193485714,0.0060717339428599994,0.000518062628569938,2
112,1778830748019,0.012692993485713998,0.006032733942859999,0.000518062628569938,2
113,1778830748021,0.012692993485713998,0.006032733942859999,0.000518062628569938,2
114,1778830748023,0.012692993485713998,0.006032733942859999,0.000518062628569938,2
115,1778830748026,0.012946493485713998,0.00582603394286,0.00016706262856994777,2
116,1778830748028,0.012946493485713998,0.00582603394286,0.00016706262856994777,2
117,1778830748031,0.012946493485713998,0.00582603394286,0.00016706262856994777,2
118,1778830748033,0.012603293485713998,0.005553033942859999,-0.0003711373714299854,2
119,1778830748035,0.012603293485713998,0.005553033942859999,-0.0003711373714299854,2
120,1778830748038,0.012603293485713998,0.005553033942859999,-0.0003711373714299854,2
121,1778830748040,0.012603293485713998,0.005553033942859999,-0.0003711373714299854,2
122,1778830748042,0.012564293485714,0.0057831339428599995,-0.0006675373714300709,2
123,1778830748045,0.012564293485714,0.0057831339428599995,-0.0006675373714300709,2
124,1778830748047,0.012564293485714,0.0057831339428599995,-0.0006675373714300709,2
