0,1778832428875,-3.7845600000000965e-05,-0.00015295409999999988,0.000438835799999965,1
1,1778832428877,-3.394559999999984e-05,-0.0001373541000000006,0.000438835799999965,1
2,1778832428879,-3.394559999999984e-05,-0.0001373541000000006,0.000438835799999965,1
3,1778832428882,-3.394559999999984e-05,-0.0001373541000000006,0.000438835799999965,1
4,1778832428884,-8.07456000000012e-05,-4.375410000000135e-05,0.000220435800000013,1
5,1778832428887,-8.07456000000012e-05,-4.375410000000135e-05,0.000220435800000013,1
6,1778832428889,-8.07456000000012e-05,-4.375410000000135e-05,0.000220435800000013,1
7,1778832428891,-0.0001197456000000003,6.934590000000004e-05,-0.00022026420000005858,1
8,1778832428894,-0.0001197456000000003,6.934590000000004e-05,-0.00022026420000005858,1
9,1778832428896,-0.0001197456000000003,6.934590000000004e-05,-0.00022026420000005858,1
10,1778832428898,-0.0001197456000000003,6.934590000000004e-05,-0.00022026420000005858,1
11,1778832428901,6.745439999999991e-05,3.0345899999999204e-05,-0.00045036420000006943,1
12,1778832428903,6.745439999999991e-05,3.0345899999999204e-05,-0.00045036420000006943,1
13,1778832428906,6.745439999999991e-05,3.0345899999999204e-05,-0.00045036420000006943,1
14,1778832428908,-0.00013924560000000072,0.0001863458999999991,-0.0003372641999999813,1
15,1778832428936,-0.00013924560000000072,0.0001863458999999991,-0.0003372641999999813,1
16,1778832428939,-0.00011194559999999978,-2.815410000000032e-05,-3.306420000000459e-05,1
17,1778832429001,-9.634560000000049e-05,7.714589999999882e-05,-3.306420000000459e-05,1
18,1778832429003,-0.00020944560000000015,0.00027604589999999894,-0.00013836419999997945,1
19,1778832429006,-0.00020944560000000015,0.00027604589999999894,-0.00013836419999997945,1
20,1778832429008,-0.00020944560000000015,0.00027604589999999894,-0.00013836419999997945,1
21,1778832429011,-0.00020944560000000015,0.00027604589999999894,-0.00013836419999997945,1
22,1778832429013,0.00011815439999999892,7.714589999999882e-05,-0.0005673641999999922,1
23,1778832429015,0.00011815439999999892,7.714589999999882e-05,-0.0005673641999999922,1
24,1778832429018,0.00011815439999999892,7.714589999999882e-05,-0.0005673641999999922,1
25,1778832429020,-0.00015874560000000114,0.0002214458999999988,-0.0004113642000000582,1
26,1778832429022,-0.00015874560000000114,0.0002214458999999988,-0.0004113642000000582,1
27,1778832429025,-0.00015874560000000114,0.0002214458999999988,-0.0004113642000000582,1
28,1778832429027,-0.00015874560000000114,0.0002214458999999988,-0.000579064200000051,1
29,1778832429029,-4.954560000000087e-05,1.86458999999993e-05,-0.000579064200000051,1
30,1778832429032,-4.954560000000087e-05,1.86458999999993e-05,-0.000579064200000051,1
31,1778832429034,-4.954560000000087e-05,1.86458999999993e-05,-0.000579064200000051,1
32,1778832429036,8.954399999998655e-06,-4.765410000000074e-05,0.0010706358000000362,1
33,1778832429039,8.954399999998655e-06,-4.765410000000074e-05,0.0010706358000000362,1
34,1778832429041,8.954399999998655e-06,-4.765410000000074e-05,0.0010706358000000362,1
35,1778832429044,-0.0001197456000000003,0.00015124589999999938,0.0003023357999999811,1
36,1778832429046,-0.0001197456000000003,0.00015124589999999938,0.0003023357999999811,1
37,1778832429048,-0.0001197456000000003,0.00015124589999999938,0.0003023357999999811,1
38,1778832429051,-0.0001197456000000003,0.00015124589999999938,0.0003023357999999811,1
39,1778832429053,0.0002468543999999996,0.00014344589999999886,0.0009926358000000137,1
40,1778832429055,0.0002468543999999996,0.00014344589999999886,0.0009926358000000137,1
41,1778832429058,0.0002468543999999996,0.00014344589999999886,0.0009926358000000137,1
42,1778832429060,-0.0003186456000000004,0.0002058458999999995,0.0002984358000000355,1
43,1778832429062,-0.0003186456000000004,0.0002058458999999995,0.0002984358000000355,1
44,1778832429065,-0.0003186456000000004,0.0002058458999999995,0.0002984358000000355,1
45,1778832429067,-0.0003186456000000004,0.0002058458999999995,7.61358000000269e-05,1
46,1778832429069,0.00011815439999999892,9.274589999999985e-05,7.61358000000269e-05,1
47,1778832429072,0.00011815439999999892,9.274589999999985e-05,7.61358000000269e-05,1
48,1778832429074,0.00011815439999999892,9.274589999999985e-05,7.61358000000269e-05,1
49,1778832429076,-0.00015094560000000062,-7.495409999999994e-05,-0.0003957642000000537,1
50,1778832429079,-0.00015094560000000062,-7.495409999999994e-05,-0.0003957642000000537,1
51,1778832429081,-0.00015094560000000062,-7.495409999999994e-05,-0.0003957642000000537,1
52,1778832429084,-0.00022504560000000118,-0.0003401541000000001,-0.00015006420000003833,1
53,1778832429086,-0.00022504560000000118,-0.0003401541000000001,-0.00015006420000003833,1
54,1778832429088,-0.00022504560000000118,-0.0003401541000000001,-0.00015006420000003833,1
55,1778832429091,-0.00022504560000000118,-0.0003401541000000001,-0.00015006420000003833,1
56,1778832429093,-0.000104145600000001,0.00010834589999999915,-0.0007155642000000349,1
57,1778832429095,-0.000104145600000001,0.00010834589999999915,-0.0007155642000000349,1
58,1778832429098,-0.000104145600000001,0.00010834589999999915,-0.0007155642000000349,1
59,1778832429100,-0.0002601456000000009,0.00013954589999999947,-0.000735064199999985,1
60,1778832429102,-0.0002601456000000009,0.00013954589999999947,-0.000735064199999985,1
61,1778832429105,-0.0002601456000000009,0.00013954589999999947,-0.000735064199999985,1
62,1778832429107,-0.0002601456000000009,0.00013954589999999947,6.833580000002466e-05,1
63,1778832429109,5.1854399999998885e-05,1.86458999999993e-05,6.833580000002466e-05,1
64,1778832429112,5.1854399999998885e-05,1.86458999999993e-05,6.833580000002466e-05,1
65,1778832429114,5.1854399999998885e-05,1.86458999999993e-05,6.833580000002466e-05,1
66,1778832429116,-5.7345600000001384e-05,0.00011224589999999854,-0.00022026420000005858,1
67,1778832429119,-5.7345600000001384e-05,0.00011224589999999854,-0.00022026420000005858,1
68,1778832429121,-5.7345600000001384e-05,0.00011224589999999854,-0.00022026420000005858,1
69,1778832429124,-5.7345600000001384e-05,0.00020194590000000012,0.0004583358000000261,1
70,1778832429126,-5.344560000000026e-05,0.00020194590000000012,0.0004583358000000261,1
71,1778832429128,-5.344560000000026e-05,0.00020194590000000012,0.0004583358000000261,1
72,1778832429131,-5.344560000000026e-05,0.00020194590000000012,0.0004583358000000261,1
73,1778832429133,0.00010645439999999902,-5.5454100000001255e-05,0.0004622357999999717,1
74,1778832429135,0.00010645439999999902,-5.5454100000001255e-05,0.0004622357999999717,1
75,1778832429138,0.00010645439999999902,-5.5454100000001255e-05,0.0004622357999999717,1
76,1778832429140,5.054399999999265e-06,-4.375410000000135e-05,0.0006611357999999736,1
77,1778832429142,5.054399999999265e-06,-4.375410000000135e-05,0.0006611357999999736,1
78,1778832429145,5.054399999999265e-06,-4.375410000000135e-05,0.0006611357999999736,1
79,1778832429147,5.054399999999265e-06,-4.375410000000135e-05,0.0006611357999999736,1
80,1778832429149,0.00014935439999999925,-0.00021145410000000114,-3.306420000000459e-05,1
81,1778832429152,0.00014935439999999925,-0.00021145410000000114,-3.306420000000459e-05,1
82,1778832429154,0.00014935439999999925,-0.00021145410000000114,-3.306420000000459e-05,1
83,1778832429156,-0.00022894560000000057,-0.00022315410000000105,0.0006728358000000325,1
84,1778832429159,-0.00022894560000000057,-0.00022315410000000105,0.0006728358000000325,1
85,1778832429161,-0.00022894560000000057,-0.00022315410000000105,0.0006728358000000325,1
86,1778832429164,-0.00022894560000000057,8.494589999999934e-05,-0.0007740641999999963,1
87,1778832429166,0.00016885439999999967,8.494589999999934e-05,-0.0007740641999999963,1
88,1778832429168,0.00016885439999999967,8.494589999999934e-05,-0.0007740641999999963,1
89,1778832429171,0.00016885439999999967,8.494589999999934e-05,-0.0007740641999999963,1
90,1778832429173,0.00011815439999999892,0.0002331458999999987,-0.00012666420000003158,1
91,1778832429175,0.00011815439999999892,0.0002331458999999987,-0.00012666420000003158,1
92,1778832429178,0.00011815439999999892,0.0002331458999999987,-0.00012666420000003158,1
93,1778832429180,-0.00020944560000000015,0.0001590458999999999,-0.000797464200000003,1
94,1778832429182,-0.00020944560000000015,0.0001590458999999999,-0.000797464200000003,1
95,1778832429185,-0.00020944560000000015,0.0001590458999999999,-0.000797464200000003,1
96,1778832429187,-0.00020944560000000015,0.0001590458999999999,-0.000797464200000003,1
97,1778832429189,-0.00012754560000000081,0.00015514589999999877,-0.0005985642000000011,1
98,1778832429192,-0.00012754560000000081,0.00015514589999999877,-0.0005985642000000011,1
99,1778832429194,-0.00012754560000000081,0.00015514589999999877,-0.0005985642000000011,1
100,1778832429196,-0.00012364560000000142,0.00013954589999999947,0.00017363579999999951,1
101,1778832429199,-0.00012364560000000142,0.00013954589999999947,0.00017363579999999951,1
102,1778832429201,-0.00012364560000000142,0.00013954589999999947,0.00017363579999999951,1
103,1778832429204,-0.00012364560000000142,-8.665409999999985e-05,-0.00024756420000001094,1
104,1778832429206,4.4054400000000105e-05,-8.665409999999985e-05,-0.00024756420000001094,1
105,1778832429208,4.4054400000000105e-05,-8.665409999999985e-05,-0.00024756420000001094,1
106,1778832429211,4.4054400000000105e-05,-8.665409999999985e-05,-0.00024756420000001094,1
107,1778832429213,-9.24456000000011e-05,7.714589999999882e-05,0.0008054357999999597,1
108,1778832429216,-9.24456000000011e-05,7.714589999999882e-05,0.0008054357999999597,1
109,1778832429219,-9.24456000000011e-05,7.714589999999882e-05,0.0008054357999999597,1
110,1778832429221,2.065439999999856e-05,1.86458999999993e-05,-0.00023586420000006308,1
111,1778832429223,2.065439999999856e-05,1.86458999999993e-05,-0.00023586420000006308,1
112,1778832429226,2.065439999999856e-05,1.86458999999993e-05,-0.00023586420000006308,1
113,1778832429228,5.1854399999998885e-05,-4.765410000000074e-05,0.0003959358000000081,1
114,1778832429230,5.1854399999998885e-05,-4.765410000000074e-05,0.0003959358000000081,1
115,1778832429233,5.1854399999998885e-05,-4.765410000000074e-05,0.0003959358000000081,1
116,1778832429235,5.1854399999998885e-05,-4.765410000000074e-05,0.0003959358000000081,1
117,1778832429237,-8.07456000000012e-05,9.274589999999985e-05,-0.0004152642000000038,1
118,1778832429240,-8.07456000000012e-05,9.274589999999985e-05,-0.0004152642000000038,1
119,1778832429242,-8.07456000000012e-05,9.274589999999985e-05,-0.0004152642000000038,1
120,1778832429245,-6.64560000000064e-06,0.000198045899999999,0.000220435800000013,1
121,1778832429247,-6.64560000000064e-06,0.000198045899999999,0.000220435800000013,1
122,1778832429249,-6.64560000000064e-06,0.000198045899999999,0.000220435800000013,1
123,1778832429252,-6.64560000000064e-06,0.000198045899999999,-0.0005205641999999787,1
124,1778832429254,-0.0001314456000000002,-0.00011785410000000017,-0.0005205641999999787,1
