0,1778813064316,0.009413093485714,0.00699993394286,0.00011636262856998866,2
1,1778813064319,0.009413093485714,0.00699993394286,0.00011636262856998866,2
2,1778813064322,0.009432593485714,0.00699993394286,-0.00023073737143005594,2
3,1778813064324,0.009432593485714,0.00699993394286,-0.00023073737143005594,2
4,1778813064327,0.009432593485714,0.00699993394286,0.0002840626285699815,2
5,1778813064330,0.009350693485713999,0.006972633942859999,0.0002840626285699815,2
6,1778813064333,0.009350693485713999,0.006972633942859999,0.0002840626285699815,2
7,1778813064335,0.009350693485713999,0.00685563394286,-0.0001800373714299858,2
8,1778813064338,0.009697793485713998,0.00685563394286,-0.0001800373714299858,2
9,1778813064341,0.009697793485713998,0.00685563394286,-0.0001800373714299858,2
10,1778813064344,0.009647093485714,0.0069648339428599985,-0.00026193737143006494,2
11,1778813064347,0.009647093485714,0.0069648339428599985,-0.00026193737143006494,2
12,1778813064350,0.009647093485714,0.0069648339428599985,-0.00026193737143006494,2
13,1778813064352,0.009405293485713999,0.007097433942859999,-0.0005661373714300416,2
14,1778813064355,0.009405293485713999,0.007097433942859999,-0.0005661373714300416,2
15,1778813064358,0.009405293485713999,0.007097433942859999,-0.0005661373714300416,2
16,1778813064360,0.009748493485713999,0.00668793394286,-0.0005193373714300282,2
17,1778813064363,0.009748493485713999,0.00668793394286,-0.0005193373714300282,2
18,1778813064366,0.009748493485713999,0.00668793394286,-0.0005193373714300282,2
19,1778813064369,0.009530093485713998,0.00695703394286,-0.00047253737143001465,2
20,1778813064371,0.009530093485713998,0.00695703394286,-0.00047253737143001465,2
21,1778813064374,0.009530093485713998,0.00695703394286,-0.00047253737143001465,2
22,1778813064377,0.009440393485713999,0.00703503394286,-0.0005349373714300327,2
23,1778813064380,0.009440393485713999,0.00703503394286,-0.0005349373714300327,2
24,1778813064382,0.009440393485713999,0.00703503394286,-0.0005349373714300327,2
25,1778813064385,0.009444293485714,0.006929733942859999,-0.0003711373714299854,2
26,1778813064388,0.009444293485714,0.006929733942859999,-0.0003711373714299854,2
27,1778813064390,0.009444293485714,0.006929733942859999,-0.0003711373714299854,2
28,1778813064393,0.009444293485714,0.00696873394286,-0.000967837371429991,2
29,1778813064396,0.009444293485714,0.00696873394286,-0.000967837371429991,2
30,1778813064398,0.009444293485714,0.00696873394286,-0.000967837371429991,2
31,1778813064401,0.009553493485713998,0.007031133942859999,-0.0004335373714300034,2
32,1778813064404,0.009553493485713998,0.007031133942859999,-0.0004335373714300034,2
33,1778813064407,0.009553493485713998,0.007031133942859999,-0.0004335373714300034,2
34,1778813064409,0.009678293485714,0.00714423394286,-0.00037503737143004204,2
35,1778813064412,0.009678293485714,0.00714423394286,-0.00037503737143004204,2
36,1778813064415,0.009678293485714,0.00714423394286,-0.00037503737143004204,2
37,1778813064417,0.009771893485713999,0.006941433942859999,0.0005648626285699515,2
38,1778813064420,0.009771893485713999,0.006941433942859999,0.0005648626285699515,2
39,1778813064423,0.009771893485713999,0.006941433942859999,0.0005648626285699515,2
40,1778813064426,0.009452093485713998,0.006863433942859999,0.0009119626285699961,2
41,1778813064428,0.009452093485713998,0.006863433942859999,0.0009119626285699961,2
42,1778813064431,0.009452093485713998,0.006863433942859999,0.0009119626285699961,2
43,1778813064434,0.009705593485713999,0.00697653394286,0.0005687626285700081,2
44,1778813064436,0.009705593485713999,0.00697653394286,0.0005687626285700081,2
45,1778813064439,0.009705593485713999,0.00697653394286,0.0005687626285700081,2
46,1778813064442,0.009604193485713999,0.007194933942859999,0.0009743626285700141,2
47,1778813064445,0.009604193485713999,0.007194933942859999,0.0009743626285700141,2
48,1778813064447,0.009604193485713999,0.007194933942859999,0.0009743626285700141,2
49,1778813064450,0.009210293485714,0.00691023394286,-0.0002229373714300537,2
50,1778813064453,0.009210293485714,0.00691023394286,-0.0002229373714300537,2
51,1778813064456,0.009210293485714,0.00689073394286,5.0062628570025046e-05,2
52,1778813064459,0.009436493485714,0.00689073394286,5.0062628570025046e-05,2
53,1778813064462,0.009436493485714,0.00689073394286,5.0062628570025046e-05,2
54,1778813064465,0.009288293485714,0.006984333942859999,-0.0008664373714300727,2
55,1778813064467,0.009288293485714,0.006984333942859999,-0.0008664373714300727,2
56,1778813064470,0.009288293485714,0.006984333942859999,-0.0008664373714300727,2
57,1778813064473,0.009475493485713998,0.006882933942859999,-0.000687037371430021,2
58,1778813064476,0.009475493485713998,0.006882933942859999,-0.000687037371430021,2
59,1778813064479,0.009475493485713998,0.006882933942859999,-0.000687037371430021,2
60,1778813064482,0.009448193485713999,0.00672303394286,-0.0011160373714300337,2
61,1778813064484,0.009448193485713999,0.00672303394286,-0.0011160373714300337,2
62,1778813064487,0.009448193485713999,0.00672303394286,-0.0011160373714300337,2
63,1778813064490,0.009728993485713999,0.007062333942859999,-0.0005817373714300461,2
64,1778813064493,0.009728993485713999,0.007062333942859999,-0.0005817373714300461,2
65,1778813064495,0.009728993485713999,0.007062333942859999,-0.0005817373714300461,2
66,1778813064498,0.009728993485713999,0.007175433942859999,-9.423737143007208e-05,2
67,1778813064501,0.009728993485713999,0.007175433942859999,-9.423737143007208e-05,2
68,1778813064503,0.009728993485713999,0.007175433942859999,-9.423737143007208e-05,2
69,1778813064506,0.009530093485713998,0.00719103394286,1.8862628570016048e-05,2
70,1778813064509,0.009530093485713998,0.00719103394286,1.8862628570016048e-05,2
71,1778813064512,0.009530093485713998,0.00719103394286,-0.00015273737143003344,2
72,1778813064514,0.009974693485713998,0.00682443394286,-0.00015273737143003344,2
73,1778813064517,0.009974693485713998,0.00682443394286,-0.00015273737143003344,2
74,1778813064520,0.009974693485713998,0.00682443394286,-0.00010203737142996331,2
75,1778813064522,0.008761793485713999,0.006937533942859999,-0.00010203737142996331,2
76,1778813064525,0.008761793485713999,0.006937533942859999,-0.00010203737142996331,2
77,1778813064528,0.008761793485713999,0.006937533942859999,0.000486862628569929,2
78,1778813064531,0.009760193485713999,0.006785433942859999,0.000486862628569929,2
79,1778813064533,0.009760193485713999,0.006785433942859999,0.000486862628569929,2
80,1778813064536,0.009686093485713998,0.007070133942859999,-0.0005895373714300484,2
81,1778813064539,0.009686093485713998,0.007070133942859999,-0.0005895373714300484,2
82,1778813064542,0.009686093485713998,0.007070133942859999,-0.0005895373714300484,2
83,1778813064544,0.009062093485713999,0.006984333942859999,0.0008456626285700325,2
84,1778813064547,0.009062093485713999,0.006984333942859999,0.0008456626285700325,2
85,1778813064550,0.009062093485713999,0.006984333942859999,0.0008456626285700325,2
86,1778813064552,0.010001993485714,0.006773733942859999,-0.0007377373714299801,2
87,1778813064555,0.010001993485714,0.006773733942859999,-0.0007377373714299801,2
88,1778813064558,0.010001993485714,0.006773733942859999,-0.0007377373714299801,2
89,1778813064561,0.009592493485713999,0.00732363394286,0.0003464626285699995,2
90,1778813064563,0.009592493485713999,0.00732363394286,0.0003464626285699995,2
91,1778813064567,0.009592493485713999,0.00732363394286,0.0003464626285699995,2
92,1778813064569,0.009502793485714,0.00689853394286,-0.0012330373714300675,2
93,1778813064572,0.009502793485714,0.00689853394286,-0.0012330373714300675,2
94,1778813064575,0.009502793485714,0.00689853394286,-0.0012330373714300675,2
95,1778813064578,0.009834293485714,0.00654753394286,0.000237262628569968,2
96,1778813064580,0.009834293485714,0.00654753394286,0.000237262628569968,2
97,1778813064583,0.009834293485714,0.00654753394286,0.000237262628569968,2
98,1778813064586,0.009284393485713999,0.006949233942859999,-0.0010107373714300589,2
99,1778813064589,0.009284393485713999,0.006949233942859999,-0.0010107373714300589,2
100,1778813064591,0.009284393485713999,0.006949233942859999,-0.0010107373714300589,2
101,1778813064594,0.009452093485713998,0.007093533942859999,0.0001397626285699954,2
102,1778813064597,0.009452093485713998,0.007093533942859999,0.0001397626285699954,2
103,1778813064600,0.009452093485713998,0.007093533942859999,0.0001397626285699954,2
104,1778813064602,0.009631493485713998,0.0068205339428599986,-0.0004452373714300623,2
105,1778813064605,0.009631493485713998,0.0068205339428599986,-0.0004452373714300623,2
106,1778813064609,0.009631493485713998,0.0068205339428599986,-0.0005661373714300416,2
107,1778813064611,0.009280493485714,0.00704673394286,-0.0005661373714300416,2
108,1778813064614,0.009280493485714,0.00704673394286,-0.0005661373714300416,2
109,1778813064617,0.009526193485713999,0.00703503394286,0.00020996262857001565,2
110,1778813064619,0.009526193485713999,0.00703503394286,0.00020996262857001565,2
111,1778813064622,0.009526193485713999,0.00703503394286,0.00020996262857001565,2
112,1778813064625,0.009366293485714,0.00703503394286,-0.00034383737143003305,2
113,1778813064628,0.009366293485714,0.00703503394286,-0.00034383737143003305,2
114,1778813064630,0.009366293485714,0.00703503394286,-0.00034383737143003305,2
115,1778813064633,0.009409193485713998,0.00683223394286,0.000455662628570031,2
116,1778813064636,0.009409193485713998,0.00683223394286,0.000455662628570031,2
117,1778813064638,0.009409193485713998,0.00683223394286,0.000455662628570031,2
118,1778813064641,0.009354593485714,0.006797133942859999,-0.0002853373714300717,2
119,1778813064644,0.009354593485714,0.006797133942859999,-0.0002853373714300717,2
120,1778813064647,0.009354593485714,0.006797133942859999,-0.0002853373714300717,2
121,1778813064649,0.009728993485713999,0.007019433942859999,0.0005648626285699515,2
122,1778813064652,0.009728993485713999,0.007019433942859999,0.0005648626285699515,2
123,1778813064655,0.009728993485713999,0.007019433942859999,0.0005648626285699515,2
124,1778813064657,0.009296093485713999,0.00713253394286,-0.00026193737143006494,2
