0,1778812761264,0.009604193485713999,0.00690243394286,0.000299662628569986,2
1,1778812761267,0.009569093485714,0.00689853394286,0.00014366262856994102,2
2,1778812761270,0.009569093485714,0.00689853394286,0.00014366262856994102,2
3,1778812761272,0.009381893485713999,0.006937533942859999,-0.0010068373714300022,2
4,1778812761275,0.009381893485713999,0.006937533942859999,-0.0010068373714300022,2
5,1778812761278,0.009381893485713999,0.006937533942859999,-0.0010068373714300022,2
6,1778812761280,0.009572993485713999,0.007027233942859999,-0.0004842373714299625,2
7,1778812761283,0.009572993485713999,0.007027233942859999,-0.0004842373714299625,2
8,1778812761286,0.009572993485713999,0.007027233942859999,-0.0004842373714299625,2
9,1778812761288,0.009358493485714,0.006949233942859999,-0.001030237371430009,2
10,1778812761291,0.009358493485714,0.006949233942859999,-0.001030237371430009,2
11,1778812761294,0.009358493485714,0.006949233942859999,-0.001030237371430009,2
12,1778812761297,0.009611993485714,0.006960933942859999,-0.0005427373714300349,2
13,1778812761299,0.009611993485714,0.006960933942859999,-0.0005427373714300349,2
14,1778812761302,0.009611993485714,0.006960933942859999,-0.0005427373714300349,2
15,1778812761305,0.009533993485714,0.006851733942859999,1.4962628569959412e-05,2
16,1778812761307,0.009533993485714,0.006851733942859999,1.4962628569959412e-05,2
17,1778812761310,0.009533993485714,0.006851733942859999,1.4962628569959412e-05,2
18,1778812761313,0.009284393485713999,0.006953133942859999,-0.0010887373714299703,2
19,1778812761315,0.009284393485713999,0.006953133942859999,-0.0010887373714299703,2
20,1778812761318,0.009284393485713999,0.006953133942859999,-0.0010887373714299703,2
21,1778812761321,0.009635393485714,0.007003833942859999,-5.5237371430060835e-05,2
22,1778812761323,0.009635393485714,0.007003833942859999,-5.5237371430060835e-05,2
23,1778812761326,0.009635393485714,0.007003833942859999,-5.5237371430060835e-05,2
24,1778812761329,0.009397493485713998,0.007074033942859999,-0.0012954373714299744,2
25,1778812761331,0.009397493485713998,0.007074033942859999,-0.0012954373714299744,2
26,1778812761334,0.009397493485713998,0.007074033942859999,-0.0012954373714299744,2
27,1778812761337,0.009647093485714,0.00682443394286,-1.6237371430049587e-05,2
28,1778812761340,0.009647093485714,0.00682443394286,-1.6237371430049587e-05,2
29,1778812761342,0.009647093485714,0.00682443394286,-1.6237371430049587e-05,2
30,1778812761345,0.009260993485713999,0.006894633942859999,-0.0012876373714299722,2
31,1778812761348,0.009260993485713999,0.006894633942859999,-0.0012876373714299722,2
32,1778812761350,0.009260993485713999,0.006894633942859999,-0.0012876373714299722,2
33,1778812761353,0.009662693485713999,0.00703503394286,0.0007559626285699511,2
34,1778812761356,0.009662693485713999,0.00703503394286,0.0007559626285699511,2
35,1778812761358,0.009662693485713999,0.00703503394286,0.0007559626285699511,2
36,1778812761361,0.009409193485713998,0.007140333942859999,-0.0014904373714300307,2
37,1778812761364,0.009409193485713998,0.007140333942859999,-0.0014904373714300307,2
38,1778812761366,0.009409193485713998,0.007140333942859999,-0.0014904373714300307,2
39,1778812761369,0.009693893485713999,0.006808833942859999,0.00026066262856997476,2
40,1778812761372,0.009693893485713999,0.006808833942859999,0.00026066262856997476,2
41,1778812761374,0.009693893485713999,0.006808833942859999,0.00026066262856997476,2
42,1778812761377,0.009471593485713999,0.007015533942859999,-0.0016347373714300168,2
43,1778812761380,0.009471593485713999,0.007015533942859999,-0.0016347373714300168,2
44,1778812761382,0.009471593485713999,0.007015533942859999,-0.0016347373714300168,2
45,1778812761385,0.009884993485713998,0.00675423394286,-4.537371429990701e-06,2
46,1778812761388,0.009884993485713998,0.00675423394286,-4.537371429990701e-06,2
47,1778812761390,0.009884993485713998,0.00675423394286,-4.537371429990701e-06,2
48,1778812761393,0.009424793485714,0.0068205339428599986,-0.0009171373714300319,2
49,1778812761396,0.009424793485714,0.0068205339428599986,-0.0009171373714300319,2
50,1778812761399,0.009424793485714,0.0068205339428599986,-0.0009171373714300319,2
51,1778812761401,0.009409193485713998,0.006929733942859999,0.000393262628570013,2
52,1778812761404,0.009409193485713998,0.006929733942859999,0.000393262628570013,2
53,1778812761407,0.009409193485713998,0.006929733942859999,0.000393262628570013,2
54,1778812761409,0.009436493485714,0.0069141339428599995,-0.0002697373714300672,2
55,1778812761412,0.009436493485714,0.0069141339428599995,-0.0002697373714300672,2
56,1778812761415,0.009436493485714,0.0069141339428599995,-0.0002697373714300672,2
57,1778812761417,0.009432593485714,0.007249533942859999,-0.0001956373714299903,2
58,1778812761420,0.009432593485714,0.007249533942859999,-0.0001956373714299903,2
59,1778812761423,0.009432593485714,0.007249533942859999,-0.0001956373714299903,2
60,1778812761425,0.009658793485713999,0.00683613394286,-0.0004335373714300034,2
61,1778812761428,0.009658793485713999,0.00683613394286,-0.0004335373714300034,2
62,1778812761431,0.009658793485713999,0.00683613394286,-0.0004335373714300034,2
63,1778812761433,0.009572993485713999,0.006882933942859999,-0.0007104373714300278,2
64,1778812761436,0.009572993485713999,0.006882933942859999,-0.0007104373714300278,2
65,1778812761439,0.009572993485713999,0.006882933942859999,-0.0004296373714300578,2
66,1778812761442,0.009514493485714,0.006918033942859999,-0.0004296373714300578,2
67,1778812761444,0.009514493485714,0.006918033942859999,-0.0004296373714300578,2
68,1778812761447,0.009514493485714,0.006918033942859999,-0.0015099373714299808,2
69,1778812761450,0.009522293485714,0.0067698339428599996,-0.0015099373714299808,2
70,1778812761452,0.009522293485714,0.0067698339428599996,-0.0015099373714299808,2
71,1778812761455,0.009522293485714,0.0067698339428599996,0.00017876262857000665,2
72,1778812761458,0.009697793485713998,0.006684033942859999,0.00017876262857000665,2
73,1778812761460,0.009697793485713998,0.006684033942859999,0.00017876262857000665,2
74,1778812761463,0.009697793485713998,0.006684033942859999,-0.0013266373714299834,2
75,1778812761466,0.009276593485714,0.00695703394286,-0.0013266373714299834,2
76,1778812761468,0.009276593485714,0.00695703394286,-0.0013266373714299834,2
77,1778812761471,0.009276593485714,0.00695703394286,0.0004400626285700265,2
78,1778812761474,0.009814793485713999,0.006894633942859999,0.0004400626285700265,2
79,1778812761476,0.009814793485713999,0.006894633942859999,0.0004400626285700265,2
80,1778812761479,0.009814793485713999,0.006894633942859999,-0.0017166373714299849,2
81,1778812761482,0.009260993485713999,0.0068205339428599986,-0.0017166373714299849,2
82,1778812761484,0.009260993485713999,0.0068205339428599986,-0.0017166373714299849,2
83,1778812761487,0.009260993485713999,0.0068205339428599986,2.6662628570018297e-05,2
84,1778812761490,0.009693893485713999,0.006719133942859999,2.6662628570018297e-05,2
85,1778812761492,0.009693893485713999,0.006719133942859999,2.6662628570018297e-05,2
86,1778812761495,0.009693893485713999,0.006719133942859999,-0.0018102373714300119,2
87,1778812761498,0.009237593485713999,0.00697653394286,-0.0018102373714300119,2
88,1778812761501,0.009237593485713999,0.00697653394286,-0.0018102373714300119,2
89,1778812761503,0.009237593485713999,0.00697653394286,0.000549262628569947,2
90,1778812761506,0.009744593485714,0.00686733394286,0.000549262628569947,2
91,1778812761509,0.009744593485714,0.00686733394286,0.000549262628569947,2
92,1778812761511,0.009744593485714,0.00686733394286,-0.0010653373714299636,2
93,1778812761514,0.009350693485713999,0.006894633942859999,-0.0010653373714299636,2
94,1778812761517,0.009350693485713999,0.006894633942859999,-0.0010653373714299636,2
95,1778812761519,0.009350693485713999,0.0070584339428599995,2.276262856996166e-05,2
96,1778812761522,0.009732893485714,0.0070584339428599995,2.276262856996166e-05,2
97,1778812761525,0.009732893485714,0.0070584339428599995,2.276262856996166e-05,2
98,1778812761527,0.009732893485714,0.007085733942859999,-0.001205737371430004,2
99,1778812761530,0.009635393485714,0.007085733942859999,-0.001205737371430004,2
100,1778812761533,0.009635393485714,0.007085733942859999,-0.001205737371430004,2
101,1778812761535,0.009635393485714,0.00699993394286,-0.0007299373714299779,2
102,1778812761538,0.009689993485714,0.00699993394286,-0.0007299373714299779,2
103,1778812761541,0.009689993485714,0.00699993394286,-0.0007299373714299779,2
104,1778812761544,0.009689993485714,0.006726933942859999,-0.0008664373714300727,2
105,1778812761546,0.009639293485713999,0.006726933942859999,-0.0008664373714300727,2
106,1778812761549,0.009639293485713999,0.006726933942859999,-0.0008664373714300727,2
107,1778812761552,0.009459893485713999,0.00693363394286,-0.001080937371429968,2
108,1778812761554,0.009459893485713999,0.00693363394286,-0.001080937371429968,2
109,1778812761557,0.009459893485713999,0.00693363394286,-0.001080937371429968,2
110,1778812761563,0.009713393485714,0.006828333942859999,0.00011636262856998866,2
111,1778812761566,0.009713393485714,0.006828333942859999,0.00011636262856998866,2
112,1778812761569,0.009182993485713999,0.00706623394286,-0.0011316373714300382,2
113,1778812761571,0.009182993485713999,0.00706623394286,-0.0011316373714300382,2
114,1778812761574,0.009182993485713999,0.00706623394286,-0.0011316373714300382,2
115,1778812761577,0.009713393485714,0.00681273394286,0.0011069626285699413,2
116,1778812761580,0.009713393485714,0.00681273394286,0.0011069626285699413,2
117,1778812761582,0.009713393485714,0.00681273394286,0.0011069626285699413,2
118,1778812761585,0.009440393485713999,0.0071364339428599995,-0.0011394373714300405,2
119,1778812761588,0.009440393485713999,0.0071364339428599995,-0.0011394373714300405,2
120,1778812761590,0.009440393485713999,0.0071364339428599995,-0.0011394373714300405,2
121,1778812761593,0.009955193485714,0.00696873394286,0.0006467626285700306,2
122,1778812761596,0.009955193485714,0.00696873394286,0.0006467626285700306,2
123,1778812761599,0.009955193485714,0.00696873394286,0.0006467626285700306,2
124,1778812761601,0.009405293485713999,0.007003833942859999,-0.0013656373714299947,2
