0,1778831468006,0.012435593485713999,0.005732433942859999,-0.00046863737143006904,2
1,1778831468009,0.012435593485713999,0.005732433942859999,-0.00046863737143006904,2
2,1778831468038,0.012568193485713999,0.00601323394286,0.0004946626285699312,2
3,1778831468087,0.012568193485713999,0.00601323394286,0.0004946626285699312,2
4,1778831468098,0.012501893485713999,0.005685633942859999,5.7862628570027295e-05,2
5,1778831468100,0.012650093485714,0.005697333942859999,0.0002801626285700359,2
6,1778831468103,0.012650093485714,0.005697333942859999,0.0002801626285700359,2
7,1778831468105,0.012650093485714,0.005697333942859999,0.0002801626285700359,2
8,1778831468107,0.012579893485713999,0.00569343394286,2.6662628570018297e-05,2
9,1778831468110,0.012579893485713999,0.00569343394286,2.6662628570018297e-05,2
10,1778831468112,0.012579893485713999,0.00569343394286,2.6662628570018297e-05,2
11,1778831468114,0.012579893485713999,0.00569343394286,0.00033866262856999726,2
12,1778831468117,0.012408293485714,0.005451633942859999,0.00033866262856999726,2
13,1778831468119,0.012408293485714,0.005451633942859999,0.00033866262856999726,2
14,1778831468122,0.012408293485714,0.005451633942859999,0.00033866262856999726,2
15,1778831468124,0.012423893485713999,0.005654433942859999,-8.25373714300132e-05,2
16,1778831468126,0.012423893485713999,0.005654433942859999,-8.25373714300132e-05,2
17,1778831468129,0.012423893485713999,0.005654433942859999,-8.25373714300132e-05,2
18,1778831468131,0.012700793485713999,0.0059664339428599986,0.0004127626285699631,2
19,1778831468133,0.012700793485713999,0.0059664339428599986,0.0004127626285699631,2
20,1778831468136,0.012700793485713999,0.0059664339428599986,0.0004127626285699631,2
21,1778831468138,0.012700793485713999,0.0059664339428599986,0.0004127626285699631,2
22,1778831468140,0.012821693485713999,0.00577143394286,9.686262856992752e-05,2
23,1778831468143,0.012821693485713999,0.00577143394286,9.686262856992752e-05,2
24,1778831468145,0.012821693485713999,0.00577143394286,9.686262856992752e-05,2
25,1778831468148,0.012572093485714,0.005818233942859999,-0.0005895373714300484,2
26,1778831468150,0.012572093485714,0.005818233942859999,-0.0005895373714300484,2
27,1778831468152,0.012572093485714,0.005818233942859999,-0.0005895373714300484,2
28,1778831468155,0.012572093485714,0.005763633942859999,-0.00045303737143006454,2
29,1778831468157,0.012455093485713999,0.005763633942859999,-0.00045303737143006454,2
30,1778831468159,0.012455093485713999,0.005763633942859999,-0.00045303737143006454,2
31,1778831468162,0.012455093485713999,0.005763633942859999,-0.00045303737143006454,2
32,1778831468164,0.012731993485713999,0.00568173394286,-0.0007143373714299734,2
33,1778831468166,0.012731993485713999,0.00568173394286,-0.0007143373714299734,2
34,1778831468169,0.012731993485713999,0.00568173394286,-0.0007143373714299734,2
35,1778831468171,0.012517493485714,0.00559203394286,-0.00021903737142999705,2
36,1778831468174,0.012517493485714,0.00559203394286,-0.00021903737142999705,2
37,1778831468176,0.012517493485714,0.00559203394286,-0.00021903737142999705,2
38,1778831468178,0.012517493485714,0.00559203394286,-0.00021903737142999705,2
39,1778831468181,0.012712493485713999,0.005751933942859999,-9.81373714300177e-05,2
40,1778831468183,0.012712493485713999,0.005751933942859999,-9.81373714300177e-05,2
41,1778831468185,0.012712493485713999,0.005751933942859999,-9.81373714300177e-05,2
42,1778831468188,0.012763193485714,0.005919633942859999,0.0005297626285699969,2
43,1778831468190,0.012763193485714,0.005919633942859999,0.0005297626285699969,2
44,1778831468192,0.012763193485714,0.005919633942859999,0.0005297626285699969,2
45,1778831468195,0.012763193485714,0.00589233394286,-0.0001293373714300267,2
46,1778831468197,0.012653993485713999,0.00589233394286,-0.0001293373714300267,2
47,1778831468200,0.012653993485713999,0.00589233394286,-0.0001293373714300267,2
48,1778831468202,0.012653993485713999,0.00589233394286,-0.0001293373714300267,2
49,1778831468204,0.012876293485713999,0.005829933942859999,-0.00010593737143001995,2
50,1778831468207,0.012876293485713999,0.005829933942859999,-0.00010593737143001995,2
51,1778831468209,0.012876293485713999,0.005829933942859999,-0.00010593737143001995,2
52,1778831468211,0.012412193485713999,0.00577923394286,-8.437371430047337e-06,2
53,1778831468214,0.012412193485713999,0.00577923394286,-8.437371430047337e-06,2
54,1778831468216,0.012412193485713999,0.00577923394286,-8.437371430047337e-06,2
55,1778831468218,0.012412193485713999,0.00577923394286,-8.437371430047337e-06,2
56,1778831468221,0.012802193485713998,0.005740233942859999,-0.00010983737142996556,2
57,1778831468223,0.012802193485713998,0.005740233942859999,-0.00010983737142996556,2
58,1778831468226,0.012802193485713998,0.005740233942859999,-0.00010983737142996556,2
59,1778831468228,0.012497993485714,0.005631033942859999,0.0003659626285699496,2
60,1778831468230,0.012497993485714,0.005631033942859999,0.0003659626285699496,2
61,1778831468233,0.012497993485714,0.005631033942859999,0.0003659626285699496,2
62,1778831468235,0.012497993485714,0.005865033942859999,-0.00021513737143005144,2
63,1778831468237,0.012579893485713999,0.005865033942859999,-0.00021513737143005144,2
64,1778831468240,0.012579893485713999,0.005865033942859999,-0.00021513737143005144,2
65,1778831468242,0.012579893485713999,0.005865033942859999,-0.00021513737143005144,2
66,1778831468244,0.012751493485714,0.006106833942859999,8.516262856997966e-05,2
67,1778831468247,0.012751493485714,0.006106833942859999,8.516262856997966e-05,2
68,1778831468249,0.012751493485714,0.006106833942859999,8.516262856997966e-05,2
69,1778831468251,0.012353693485714,0.00589233394286,-0.0002697373714300672,2
70,1778831468254,0.012353693485714,0.00589233394286,-0.0002697373714300672,2
71,1778831468256,0.012353693485714,0.00589233394286,-0.0002697373714300672,2
72,1778831468259,0.012353693485714,0.00589233394286,-0.0002697373714300672,2
73,1778831468261,0.012747593485713998,0.005787033942859999,0.0003971626285699586,2
74,1778831468263,0.012747593485713998,0.005787033942859999,0.0003971626285699586,2
75,1778831468266,0.012747593485713998,0.005787033942859999,0.0003971626285699586,2
76,1778831468268,0.012384893485714,0.00561543394286,0.00038546262857001076,2
77,1778831468270,0.012384893485714,0.00561543394286,0.00038546262857001076,2
78,1778831468273,0.012384893485714,0.00561543394286,0.00038546262857001076,2
79,1778831468275,0.012384893485714,0.00570123394286,8.90626285700363e-05,2
80,1778831468277,0.012782693485714,0.00570123394286,8.90626285700363e-05,2
81,1778831468280,0.012782693485714,0.00570123394286,8.90626285700363e-05,2
82,1778831468282,0.012782693485714,0.00570123394286,8.90626285700363e-05,2
83,1778831468285,0.012642293485714,0.00568173394286,0.0001085626285699864,2
84,1778831468287,0.012642293485714,0.00568173394286,0.0001085626285699864,2
85,1778831468289,0.012642293485714,0.00568173394286,0.0001085626285699864,2
86,1778831468292,0.012466793485713999,0.005751933942859999,-0.0006051373714300529,2
87,1778831468294,0.012466793485713999,0.005751933942859999,-0.0006051373714300529,2
88,1778831468296,0.012466793485713999,0.005751933942859999,-0.0006051373714300529,2
89,1778831468299,0.012466793485713999,0.005751933942859999,-0.0006051373714300529,2
90,1778831468301,0.012587693485713999,0.005654433942859999,-0.0008196373714300592,2
91,1778831468303,0.012587693485713999,0.005654433942859999,-0.0008196373714300592,2
92,1778831468306,0.012587693485713999,0.005654433942859999,-0.0008196373714300592,2
93,1778831468308,0.012607193485714,0.005950833942859999,-0.0008937373714300251,2
94,1778831468311,0.012607193485714,0.005950833942859999,-0.0008937373714300251,2
95,1778831468313,0.012607193485714,0.005950833942859999,-0.0008937373714300251,2
96,1778831468315,0.012607193485714,0.00568173394286,-0.0009717373714300476,2
97,1778831468318,0.012689093485713999,0.00568173394286,-0.0009717373714300476,2
98,1778831468320,0.012689093485713999,0.00568173394286,-0.0009717373714300476,2
99,1778831468322,0.012689093485713999,0.00568173394286,-0.0009717373714300476,2
100,1778831468325,0.012458993485713998,0.0054945339428599995,-0.00021903737142999705,2
101,1778831468327,0.012458993485713998,0.0054945339428599995,-0.00021903737142999705,2
102,1778831468329,0.012458993485713998,0.0054945339428599995,-0.00021903737142999705,2
103,1778831468332,0.012404393485713998,0.005861133942859999,0.00043616262856996987,2
104,1778831468334,0.012404393485713998,0.005861133942859999,0.00043616262856996987,2
105,1778831468337,0.012404393485713998,0.005861133942859999,0.00043616262856996987,2
106,1778831468339,0.012404393485713998,0.005861133942859999,0.00043616262856996987,2
107,1778831468341,0.012692993485713998,0.005810433942859999,0.0005648626285699515,2
108,1778831468344,0.012692993485713998,0.005810433942859999,0.0005648626285699515,2
109,1778831468346,0.012692993485713998,0.005810433942859999,0.0005648626285699515,2
110,1778831468348,0.012564293485714,0.005685633942859999,0.0013604626285699589,2
111,1778831468351,0.012564293485714,0.005685633942859999,0.0013604626285699589,2
112,1778831468353,0.012564293485714,0.005685633942859999,0.0013604626285699589,2
113,1778831468356,0.012731993485713999,0.006032733942859999,2.6662628570018297e-05,2
114,1778831468358,0.012731993485713999,0.006032733942859999,2.6662628570018297e-05,2
115,1778831468360,0.012731993485713999,0.006032733942859999,2.6662628570018297e-05,2
116,1778831468363,0.012731993485713999,0.006032733942859999,2.6662628570018297e-05,2
117,1778831468365,0.012681293485713998,0.005798733942859999,0.0007091626285699376,2
118,1778831468367,0.012681293485713998,0.005798733942859999,0.0007091626285699376,2
119,1778831468370,0.012681293485713998,0.005798733942859999,0.0007091626285699376,2
120,1778831468372,0.012513593485713998,0.00577143394286,1.4962628569959412e-05,2
121,1778831468374,0.012513593485713998,0.00577143394286,1.4962628569959412e-05,2
122,1778831468377,0.012513593485713998,0.00577143394286,1.4962628569959412e-05,2
123,1778831468379,0.012513593485713998,0.00577143394286,-0.0004608373714300668,2
124,1778831468382,0.012759293485713998,0.005732433942859999,-0.0004608373714300668,2
