0,1778833620850,2.065439999999856e-05,0.00027214589999999955,0.0006845357999999803,1
1,1778833620852,2.065439999999856e-05,0.00027214589999999955,0.0006845357999999803,1
2,1778833620854,-3.7845600000000965e-05,0.0005256458999999998,0.00017753579999994513,1
3,1778833620857,-3.7845600000000965e-05,0.0005256458999999998,0.00017753579999994513,1
4,1778833620859,-3.7845600000000965e-05,0.0005256458999999998,0.00017753579999994513,1
5,1778833620862,7.915439999999982e-05,0.0004905459000000001,-0.00043866420000001054,1
6,1778833620864,7.915439999999982e-05,0.0004905459000000001,-0.00043866420000001054,1
7,1778833620866,7.915439999999982e-05,0.0004905459000000001,-0.00043866420000001054,1
8,1778833620869,7.915439999999982e-05,0.00047884589999999845,0.00013463579999998827,1
9,1778833620871,1.675439999999917e-05,0.00047884589999999845,0.00013463579999998827,1
10,1778833620873,1.675439999999917e-05,0.00047884589999999845,0.00013463579999998827,1
11,1778833620876,1.675439999999917e-05,0.00047884589999999845,0.00013463579999998827,1
12,1778833620878,0.00016105439999999915,0.0002097458999999989,-0.00015786420000004058,1
13,1778833620880,0.00016105439999999915,0.0002097458999999989,-0.00015786420000004058,1
14,1778833620883,0.00016105439999999915,0.0002097458999999989,-0.00015786420000004058,1
15,1778833620885,-0.00023674560000000108,0.00045154589999999925,0.00016583579999999726,1
16,1778833620916,0.00030925440000000026,0.0004008458999999985,-0.0006375642000000124,1
17,1778833620918,-0.00017434560000000043,0.00046324589999999916,0.00018533579999994738,1
18,1778833620942,-0.00017434560000000043,0.00026434589999999904,-0.00024366420000006533,1
19,1778833620979,6.355439999999879e-05,0.0006504458999999994,0.0004544357999999695,1
20,1778833620982,0.0002000544,0.0003696458999999999,-0.0008715641999999689,1
21,1778833620984,0.0002000544,0.0003696458999999999,-0.0008715641999999689,1
22,1778833620986,0.0002000544,0.0003696458999999999,-0.0008715641999999689,1
23,1778833620989,0.0002000544,0.0003696458999999999,-0.00015396419999998395,1
24,1778833620991,-0.00010024559999999988,0.00026434589999999904,-0.00015396419999998395,1
25,1778833620994,-0.00010024559999999988,0.00026434589999999904,-0.00015396419999998395,1
26,1778833620996,-0.00010024559999999988,0.00026434589999999904,-0.00015396419999998395,1
27,1778833620998,0.00014155439999999873,0.0004905459000000001,-0.00034116420000003794,1
28,1778833621001,0.00014155439999999873,0.0004905459000000001,-0.00034116420000003794,1
29,1778833621003,0.00014155439999999873,0.0004905459000000001,-0.00034116420000003794,1
30,1778833621005,-0.00016264560000000053,0.0005568459000000001,0.0004427358000000216,1
31,1778833621008,-0.00016264560000000053,0.0005568459000000001,0.0004427358000000216,1
32,1778833621010,-0.00016264560000000053,0.0005568459000000001,0.0004427358000000216,1
33,1778833621012,-0.00016264560000000053,0.0005568459000000001,0.0004427358000000216,1
34,1778833621015,6.355439999999879e-05,0.0003969458999999991,-5.764200000052226e-06,1
35,1778833621017,6.355439999999879e-05,0.0003969458999999991,-5.764200000052226e-06,1
36,1778833621019,6.355439999999879e-05,0.0003969458999999991,-5.764200000052226e-06,1
37,1778833621022,-8.854559999999997e-05,0.00033454589999999847,-0.00015786420000004058,1
38,1778833621024,-8.854559999999997e-05,0.00033454589999999847,-0.00015786420000004058,1
39,1778833621027,-8.854559999999997e-05,0.00033454589999999847,-0.00015786420000004058,1
40,1778833621029,-8.854559999999997e-05,0.00033454589999999847,-0.0003801642000000492,1
41,1778833621031,-4.1745600000000355e-05,0.00042424590000000005,-0.0003801642000000492,1
42,1778833621034,-4.1745600000000355e-05,0.00042424590000000005,-0.0003801642000000492,1
43,1778833621036,-4.1745600000000355e-05,0.00042424590000000005,-0.0003801642000000492,1
44,1778833621038,-0.00017044560000000104,0.0001824458999999997,0.00019313579999994963,1
45,1778833621041,-0.00017044560000000104,0.0001824458999999997,0.00019313579999994963,1
46,1778833621043,-0.00017044560000000104,0.0001824458999999997,0.00019313579999994963,1
47,1778833621045,-0.00018604560000000034,0.00016684589999999867,-4.4764200000063474e-05,1
48,1778833621048,-0.00018604560000000034,0.00016684589999999867,-4.4764200000063474e-05,1
49,1778833621050,-0.00018604560000000034,0.00016684589999999867,-4.4764200000063474e-05,1
50,1778833621052,-0.00018604560000000034,0.00016684589999999867,-4.4764200000063474e-05,1
51,1778833621055,-0.00022504560000000118,0.00026044589999999965,0.0005129357999999308,1
52,1778833621057,-0.00022504560000000118,0.00026044589999999965,0.0005129357999999308,1
53,1778833621059,-0.00022504560000000118,0.00026044589999999965,0.0005129357999999308,1
54,1778833621062,8.954399999998655e-06,0.0006270458999999996,-0.00010326420000002483,1
55,1778833621064,8.954399999998655e-06,0.0006270458999999996,-0.00010326420000002483,1
56,1778833621067,8.954399999998655e-06,0.0006270458999999996,-0.00010326420000002483,1
57,1778833621069,8.954399999998655e-06,0.0006270458999999996,-0.0005439641999999854,1
58,1778833621071,0.0002351543999999997,0.0008025458999999999,-0.0005439641999999854,1
59,1778833621074,0.0002351543999999997,0.0008025458999999999,-0.0005439641999999854,1
60,1778833621076,0.0002351543999999997,0.0008025458999999999,-0.0005439641999999854,1
61,1778833621078,-0.00016264560000000053,0.00031894589999999917,0.000189235800000004,1
62,1778833621081,-0.00016264560000000053,0.00031894589999999917,0.000189235800000004,1
63,1778833621083,-0.00016264560000000053,0.00031894589999999917,0.000189235800000004,1
64,1778833621085,-0.00016264560000000053,0.00027604589999999894,-0.00031386419999997455,1
65,1778833621088,-8.07456000000012e-05,0.00027604589999999894,-0.00031386419999997455,1
66,1778833621090,-8.07456000000012e-05,0.00027604589999999894,-0.00031386419999997455,1
67,1778833621092,-8.07456000000012e-05,0.00027604589999999894,-0.00031386419999997455,1
68,1778833621095,-6.904560000000129e-05,0.00045544589999999864,0.0003491357999999946,1
69,1778833621097,-6.904560000000129e-05,0.00045544589999999864,0.0003491357999999946,1
70,1778833621099,-6.904560000000129e-05,0.00045544589999999864,0.0003491357999999946,1
71,1778833621102,-0.0001080456000000004,0.00042424590000000005,-0.0006882641999999715,1
72,1778833621104,-0.0001080456000000004,0.00042424590000000005,-0.0006882641999999715,1
73,1778833621107,-0.0001080456000000004,0.00042424590000000005,-0.0006882641999999715,1
74,1778833621109,-0.0001080456000000004,0.00042424590000000005,-0.0006882641999999715,1
75,1778833621111,-0.0002952456000000006,0.0003618458999999994,0.0007703358000000051,1
76,1778833621114,-0.0002952456000000006,0.0003618458999999994,0.0007703358000000051,1
77,1778833621116,-0.0002952456000000006,0.0003618458999999994,0.0007703358000000051,1
78,1778833621118,7.915439999999982e-05,0.0005256458999999998,-0.0007194641999999805,1
79,1778833621121,7.915439999999982e-05,0.0005256458999999998,-0.0007194641999999805,1
80,1778833621123,7.915439999999982e-05,0.0005256458999999998,-0.0007194641999999805,1
81,1778833621125,7.915439999999982e-05,0.0003267458999999997,0.00041933580000001486,1
82,1778833621128,-0.00011584560000000091,0.0003267458999999997,0.00041933580000001486,1
83,1778833621130,-0.00011584560000000091,0.0003267458999999997,0.00041933580000001486,1
84,1778833621133,-0.00011584560000000091,0.0003267458999999997,0.00041933580000001486,1
85,1778833621135,6.355439999999879e-05,0.0003852458999999992,2.153580000001116e-05,1
86,1778833621137,6.355439999999879e-05,0.0003852458999999992,2.153580000001116e-05,1
87,1778833621140,6.355439999999879e-05,0.0003852458999999992,2.153580000001116e-05,1
88,1778833621142,-0.00018604560000000034,0.00026434589999999904,0.00011123579999998152,1
89,1778833621144,-0.00018604560000000034,0.00026434589999999904,0.00011123579999998152,1
90,1778833621147,-0.00018604560000000034,0.00026434589999999904,0.00011123579999998152,1
91,1778833621149,-0.00018604560000000034,0.00026434589999999904,-0.00022026420000005858,1
92,1778833621152,-0.000248445600000001,0.0003735458999999993,-0.00022026420000005858,1
93,1778833621154,-0.000248445600000001,0.0003735458999999993,-0.00022026420000005858,1
94,1778833621156,-0.000248445600000001,0.0003735458999999993,-0.00022026420000005858,1
95,1778833621159,2.065439999999856e-05,0.00024094589999999923,-0.00018516419999999294,1
96,1778833621161,2.065439999999856e-05,0.00024094589999999923,-0.00018516419999999294,1
97,1778833621163,2.065439999999856e-05,0.00024094589999999923,-0.00018516419999999294,1
98,1778833621166,-6.514560000000016e-05,0.00040474589999999963,0.00011123579999998152,1
99,1778833621168,-6.514560000000016e-05,0.00040474589999999963,0.00011123579999998152,1
100,1778833621170,-6.514560000000016e-05,0.00040474589999999963,0.00011123579999998152,1
101,1778833621173,-6.514560000000016e-05,0.00040474589999999963,0.00011123579999998152,1
102,1778833621175,-6.64560000000064e-06,0.0005256458999999998,-0.0006297642000000101,1
103,1778833621177,-6.64560000000064e-06,0.0005256458999999998,-0.0006297642000000101,1
104,1778833621180,-6.64560000000064e-06,0.0005256458999999998,-0.0006297642000000101,1
105,1778833621182,4.4054400000000105e-05,0.0005685459,-0.0001929641999999952,1
106,1778833621184,4.4054400000000105e-05,0.0005685459,-0.0001929641999999952,1
107,1778833621187,4.4054400000000105e-05,0.0005685459,-0.0001929641999999952,1
108,1778833621189,4.4054400000000105e-05,0.0005685459,-0.0006141642000000056,1
109,1778833621192,0.00016105439999999915,0.0005763458999999988,-0.0006141642000000056,1
110,1778833621194,0.00016105439999999915,0.0005763458999999988,-0.0006141642000000056,1
111,1778833621196,0.00016105439999999915,0.0005763458999999988,-0.0006141642000000056,1
112,1778833621199,-0.0003108455999999999,0.000342345899999999,0.0002672358000000265,1
113,1778833621201,-0.0003108455999999999,0.000342345899999999,0.0002672358000000265,1
114,1778833621203,-0.0003108455999999999,0.000342345899999999,0.0002672358000000265,1
115,1778833621206,-2.74560000000125e-06,0.0003852458999999992,-0.00018126420000004733,1
116,1778833621208,-2.74560000000125e-06,0.0003852458999999992,-0.00018126420000004733,1
117,1778833621210,-2.74560000000125e-06,0.0003852458999999992,-0.00018126420000004733,1
118,1778833621213,-2.74560000000125e-06,0.0003852458999999992,-0.00018126420000004733,1
119,1778833621215,-0.0002523456000000004,0.0003657458999999988,0.0005597357999999443,1
120,1778833621218,-0.0002523456000000004,0.0003657458999999988,0.0005597357999999443,1
121,1778833621220,-0.0002523456000000004,0.0003657458999999988,0.0005597357999999443,1
122,1778833621222,-7.684560000000007e-05,0.0005334458999999986,-0.0003684641999999903,1
123,1778833621225,-7.684560000000007e-05,0.0005334458999999986,-0.0003684641999999903,1
124,1778833621228,-7.684560000000007e-05,0.0005334458999999986,-0.0003684641999999903,1
