0,1778813359673,0.009549593485713999,0.0069921339428599995,0.0014696626285699904,2
1,1778813359676,0.009549593485713999,0.0069921339428599995,0.0014696626285699904,2
2,1778813359678,0.009167393485714,0.007175433942859999,-0.0007104373714300278,2
3,1778813359680,0.009167393485714,0.007175433942859999,-0.0007104373714300278,2
4,1778813359683,0.009167393485714,0.007175433942859999,-0.0007104373714300278,2
5,1778813359685,0.009167393485714,0.007175433942859999,-0.0007104373714300278,2
6,1778813359687,0.009557393485714,0.00719883394286,0.0009665626285700118,2
7,1778813359690,0.009557393485714,0.00719883394286,0.0009665626285700118,2
8,1778813359692,0.009557393485714,0.00719883394286,0.0009665626285700118,2
9,1778813359695,0.009307793485713999,0.007249533942859999,-0.00045693737143001015,2
10,1778813359697,0.009307793485713999,0.007249533942859999,-0.00045693737143001015,2
11,1778813359700,0.009307793485713999,0.007249533942859999,-0.00045693737143001015,2
12,1778813359702,0.009428693485713999,0.007163733942859999,-0.00015273737143003344,2
13,1778813359704,0.009428693485713999,0.007163733942859999,-0.00015273737143003344,2
14,1778813359707,0.009428693485713999,0.007163733942859999,-0.00015273737143003344,2
15,1778813359709,0.009428693485713999,0.007163733942859999,-0.00015273737143003344,2
16,1778813359712,0.009264893485713998,0.00697653394286,-0.0003399373714299764,2
17,1778813359714,0.009264893485713998,0.00697653394286,-0.0003399373714299764,2
18,1778813359716,0.009264893485713998,0.00697653394286,-0.0003399373714299764,2
19,1778813359719,0.009315593485713999,0.007007733942859999,-0.0001761373714300402,2
20,1778813359721,0.009315593485713999,0.007007733942859999,-0.0001761373714300402,2
21,1778813359724,0.009315593485713999,0.007007733942859999,-0.0001761373714300402,2
22,1778813359726,0.009315593485713999,0.0072027339428599995,-0.0005583373714300394,2
23,1778813359728,0.009221993485714,0.0072027339428599995,-0.0005583373714300394,2
24,1778813359731,0.009221993485714,0.0072027339428599995,-0.0005583373714300394,2
25,1778813359733,0.009221993485714,0.0072027339428599995,-0.0005583373714300394,2
26,1778813359735,0.009206393485713999,0.00736653394286,-0.0006480373714300098,2
27,1778813359738,0.009206393485713999,0.00736653394286,-0.0006480373714300098,2
28,1778813359740,0.009206393485713999,0.00736653394286,-0.0006480373714300098,2
29,1778813359742,0.009397493485713998,0.007272933942859999,0.00018266262856995227,2
30,1778813359745,0.009397493485713998,0.007272933942859999,0.00018266262856995227,2
31,1778813359747,0.009397493485713998,0.007272933942859999,0.00018266262856995227,2
32,1778813359750,0.009397493485713998,0.00710133394286,-0.00015663737142997906,2
33,1778813359753,0.009225893485714,0.00710133394286,-0.00015663737142997906,2
34,1778813359755,0.009225893485714,0.00710133394286,-0.00015663737142997906,2
35,1778813359758,0.009225893485714,0.00710133394286,0.0009470626285699507,2
36,1778813359760,0.009522293485714,0.00695703394286,0.0009470626285699507,2
37,1778813359763,0.009522293485714,0.00695703394286,0.0009470626285699507,2
38,1778813359765,0.009522293485714,0.00695703394286,0.0009470626285699507,2
39,1778813359767,0.009241493485713998,0.006996033942859999,-0.0003516373714300353,2
40,1778813359770,0.009241493485713998,0.006996033942859999,-0.0003516373714300353,2
41,1778813359772,0.009241493485713998,0.006996033942859999,-0.0003516373714300353,2
42,1778813359775,0.009260993485713999,0.00705453394286,0.0005024626285699335,2
43,1778813359777,0.009260993485713999,0.00705453394286,0.0005024626285699335,2
44,1778813359779,0.009260993485713999,0.00705453394286,0.0005024626285699335,2
45,1778813359782,0.009260993485713999,0.00705453394286,0.0005024626285699335,2
46,1778813359784,0.009147893485714,0.0072027339428599995,-0.0009171373714300319,2
47,1778813359786,0.009147893485714,0.0072027339428599995,-0.0009171373714300319,2
48,1778813359789,0.009147893485714,0.0072027339428599995,-0.0009171373714300319,2
49,1778813359791,0.009526193485713999,0.007163733942859999,0.000580462628569956,2
50,1778813359793,0.009526193485713999,0.007163733942859999,0.000580462628569956,2
51,1778813359796,0.009526193485713999,0.007163733942859999,0.000580462628569956,2
52,1778813359798,0.009526193485713999,0.007074033942859999,-0.0011472373714300427,2
53,1778813359801,0.009042593485713998,0.007074033942859999,-0.0011472373714300427,2
54,1778813359803,0.009042593485713998,0.007074033942859999,-0.0011472373714300427,2
55,1778813359806,0.009042593485713998,0.007074033942859999,-0.0011472373714300427,2
56,1778813359808,0.009362393485713999,0.00705453394286,0.0007481626285699488,2
57,1778813359810,0.009362393485713999,0.00705453394286,0.0007481626285699488,2
58,1778813359813,0.009362393485713999,0.00705453394286,0.0007481626285699488,2
59,1778813359815,0.009023093485714,0.007003833942859999,-0.0012291373714300108,2
60,1778813359817,0.009023093485714,0.007003833942859999,-0.0012291373714300108,2
61,1778813359820,0.009023093485714,0.007003833942859999,-0.0012291373714300108,2
62,1778813359822,0.009023093485714,0.007003833942859999,0.0007871626285699601,2
63,1778813359824,0.009526193485713999,0.007093533942859999,0.0007871626285699601,2
64,1778813359827,0.009526193485713999,0.007093533942859999,0.0007871626285699601,2
65,1778813359829,0.009526193485713999,0.007093533942859999,0.0007871626285699601,2
66,1778813359831,0.008843693485713998,0.007031133942859999,-0.0010146373714300045,2
67,1778813359834,0.008843693485713998,0.007031133942859999,-0.0010146373714300045,2
68,1778813359836,0.008843693485713998,0.007031133942859999,-0.0010146373714300045,2
69,1778813359839,0.009549593485713999,0.007105233942859999,0.0009587626285700096,2
70,1778813359841,0.009549593485713999,0.007105233942859999,0.0009587626285700096,2
71,1778813359844,0.009549593485713999,0.007105233942859999,0.0009587626285700096,2
72,1778813359846,0.009549593485713999,0.00732363394286,-0.0002268373714299993,2
73,1778813359849,0.009058193485714,0.00732363394286,-0.0002268373714299993,2
74,1778813359851,0.009058193485714,0.00732363394286,-0.0002268373714299993,2
75,1778813359854,0.009058193485714,0.00732363394286,-0.0002268373714299993,2
76,1778813359856,0.009299993485714,0.007226133942859999,0.00029186262856998376,2
77,1778813359858,0.009299993485714,0.007226133942859999,0.00029186262856998376,2
78,1778813359861,0.009299993485714,0.007226133942859999,0.00029186262856998376,2
79,1778813359863,0.009397493485713998,0.007097433942859999,0.00017486262856995002,2
80,1778813359866,0.009397493485713998,0.007097433942859999,0.00017486262856995002,2
81,1778813359868,0.009397493485713998,0.007097433942859999,0.00017486262856995002,2
82,1778813359870,0.009397493485713998,0.007074033942859999,7.34626285700318e-05,2
83,1778813359873,0.009358493485714,0.007074033942859999,7.34626285700318e-05,2
84,1778813359875,0.009358493485714,0.007074033942859999,7.34626285700318e-05,2
85,1778813359877,0.009358493485714,0.007074033942859999,7.34626285700318e-05,2
86,1778813359880,0.009276593485714,0.00705453394286,-0.00013713737143002894,2
87,1778813359882,0.009276593485714,0.00705453394286,-0.00013713737143002894,2
88,1778813359884,0.009276593485714,0.00705453394286,-0.00013713737143002894,2
89,1778813359887,0.009206393485713999,0.00705453394286,-0.0005427373714300349,2
90,1778813359889,0.009206393485713999,0.00705453394286,-0.0005427373714300349,2
91,1778813359892,0.009206393485713999,0.00705453394286,-0.0005427373714300349,2
92,1778813359894,0.009206393485713999,0.00705453394286,-0.0005427373714300349,2
93,1778813359896,0.009510593485714,0.0071247339428599996,0.0003113626285699339,2
94,1778813359899,0.009510593485714,0.0071247339428599996,0.0003113626285699339,2
95,1778813359901,0.009510593485714,0.0071247339428599996,0.0003113626285699339,2
96,1778813359903,0.009093293485713999,0.00710913394286,-0.0013344373714299857,2
97,1778813359906,0.009093293485713999,0.00710913394286,-0.0013344373714299857,2
98,1778813359908,0.009093293485713999,0.00710913394286,-0.0013344373714299857,2
99,1778813359911,0.009717293485713999,0.0071364339428599995,0.0004127626285699631,2
100,1778813359913,0.009717293485713999,0.0071364339428599995,0.0004127626285699631,2
101,1778813359916,0.009717293485713999,0.0071364339428599995,0.0004127626285699631,2
102,1778813359918,0.009717293485713999,0.0071364339428599995,0.0004127626285699631,2
103,1778813359920,0.008956793485714,0.00689853394286,-0.0010848373714300247,2
104,1778813359923,0.008956793485714,0.00689853394286,-0.0010848373714300247,2
105,1778813359925,0.008956793485714,0.00689853394286,-0.0010848373714300247,2
106,1778813359928,0.009596393485713998,0.00710913394286,0.0016763626285699945,2
107,1778813359930,0.009596393485713998,0.00710913394286,0.0016763626285699945,2
108,1778813359933,0.009596393485713998,0.00710913394286,0.0016763626285699945,2
109,1778813359935,0.008855393485714,0.00708963394286,-0.0008508373714300682,2
110,1778813359938,0.008855393485714,0.00708963394286,-0.0008508373714300682,2
111,1778813359940,0.008855393485714,0.00708963394286,-0.0008508373714300682,2
112,1778813359943,0.009463793485713998,0.0069921339428599995,0.0016997626285700012,2
113,1778813359945,0.009463793485713998,0.0069921339428599995,0.0016997626285700012,2
114,1778813359948,0.009463793485713998,0.0069921339428599995,0.0016997626285700012,2
115,1778813359951,0.009463793485713998,0.0069921339428599995,-0.0012213373714300086,2
116,1778813359954,0.009085493485713999,0.00712083394286,-0.0012213373714300086,2
117,1778813359956,0.009085493485713999,0.00712083394286,-0.0012213373714300086,2
118,1778813359958,0.009085493485713999,0.00712083394286,0.000861262628570037,2
119,1778813359961,0.009576893485714,0.007249533942859999,0.000861262628570037,2
120,1778813359963,0.009576893485714,0.007249533942859999,0.000861262628570037,2
121,1778813359965,0.009576893485714,0.007249533942859999,0.000861262628570037,2
122,1778813359968,0.009062093485713999,0.00697653394286,-0.0011277373714299816,2
123,1778813359970,0.009062093485713999,0.00697653394286,-0.0011277373714299816,2
124,1778813359973,0.009062093485713999,0.00697653394286,-0.0011277373714299816,2
