0,1778479774726,0.004237793485714,0.00927363394286,4.2262628570022796e-05,2
1,1778479774786,0.004916393485714,0.008727633942859999,7.34626285700318e-05,2
2,1778479774788,0.005173793485714,0.00683613394286,0.00076766262857001,2
3,1778479774790,0.005173793485714,0.00683613394286,0.00076766262857001,2
4,1778479774793,0.005173793485714,0.00683613394286,0.00076766262857001,2
5,1778479774795,0.005376593485714,0.00629013394286,-7.083737143006533e-05,2
6,1778479774798,0.005376593485714,0.00629013394286,-7.083737143006533e-05,2
7,1778479774800,0.005376593485714,0.00629013394286,-7.083737143006533e-05,2
8,1778479774802,0.005376593485714,0.006231633942859999,0.00029186262856998376,2
9,1778479774805,0.005368793485714,0.006231633942859999,0.00029186262856998376,2
10,1778479774807,0.005368793485714,0.006231633942859999,0.00029186262856998376,2
11,1778479774809,0.005368793485714,0.006231633942859999,0.00029186262856998376,2
12,1778479774812,0.004678493485714,0.007982733942859999,0.00034256262856994287,2
13,1778479774814,0.004678493485714,0.007982733942859999,0.00034256262856994287,2
14,1778479774817,0.004678493485714,0.007982733942859999,0.00034256262856994287,2
15,1778479774819,0.004530293485714,0.00901233394286,0.00027236262857003365,2
16,1778479774821,0.004530293485714,0.00901233394286,0.00027236262857003365,2
17,1778479774824,0.004530293485714,0.00901233394286,0.00027236262857003365,2
18,1778479774826,0.004530293485714,0.00901233394286,-0.0001488373714299768,2
19,1778479774828,0.004031093485714,0.00953493394286,-0.0001488373714299768,2
20,1778479774831,0.004031093485714,0.00953493394286,-0.0001488373714299768,2
21,1778479774833,0.004031093485714,0.00953493394286,-0.0001488373714299768,2
22,1778479774835,0.004545893485714,0.007994433942859999,0.0003347626285699406,2
23,1778479774838,0.004545893485714,0.007994433942859999,0.0003347626285699406,2
24,1778479774840,0.004545893485714,0.007994433942859999,0.0003347626285699406,2
25,1778479774843,0.004772093485714,0.006762033942859999,-0.00024633737143006044,2
26,1778479774845,0.004772093485714,0.006762033942859999,-0.00024633737143006044,2
27,1778479774847,0.004772093485714,0.006762033942859999,-0.00024633737143006044,2
28,1778479774850,0.004772093485714,0.006762033942859999,-0.00024633737143006044,2
29,1778479774852,0.005204993485714,0.005685633942859999,0.0001865626285700089,2
30,1778479774854,0.005204993485714,0.005685633942859999,0.0001865626285700089,2
31,1778479774857,0.005204993485714,0.005685633942859999,0.0001865626285700089,2
32,1778479774859,0.004928093485714,0.00694533394286,5.7862628570027295e-05,2
33,1778479774861,0.004928093485714,0.00694533394286,5.7862628570027295e-05,2
34,1778479774864,0.004928093485714,0.00694533394286,5.7862628570027295e-05,2
35,1778479774866,0.004928093485714,0.00694533394286,-0.00010203737142996331,2
36,1778479774868,0.004865693485714,0.008306433942859999,-0.00010203737142996331,2
37,1778479774871,0.004865693485714,0.008306433942859999,-0.00010203737142996331,2
38,1778479774873,0.004865693485714,0.008306433942859999,-0.00010203737142996331,2
39,1778479774876,0.004487393485714,0.009792333942859999,-0.0001605373714300357,2
40,1778479774878,0.004487393485714,0.009792333942859999,-0.0001605373714300357,2
41,1778479774880,0.004487393485714,0.009792333942859999,-0.0001605373714300357,2
42,1778479774883,0.004803293485714,0.009125433942859999,-3.1837371430054086e-05,2
43,1778479774885,0.004803293485714,0.009125433942859999,-3.1837371430054086e-05,2
44,1778479774888,0.004803293485714,0.009125433942859999,-3.1837371430054086e-05,2
45,1778479774890,0.004803293485714,0.009125433942859999,-3.1837371430054086e-05,2
46,1778479774892,0.004881293485714,0.007581033942859999,0.0004127626285699631,2
47,1778479774895,0.004881293485714,0.007581033942859999,0.0004127626285699631,2
48,1778479774897,0.004881293485714,0.007581033942859999,0.0004127626285699631,2
49,1778479774899,0.005068493485714,0.00585723394286,-0.00025023737143000605,2
50,1778479774902,0.005068493485714,0.00585723394286,-0.00025023737143000605,2
51,1778479774904,0.005068493485714,0.00585723394286,-0.00025023737143000605,2
52,1778479774906,0.005068493485714,0.00585723394286,2.276262856996166e-05,2
53,1778479774909,0.005017793485714,0.005650533942859999,2.276262856996166e-05,2
54,1778479774911,0.005017793485714,0.005650533942859999,2.276262856996166e-05,2
55,1778479774913,0.005017793485714,0.005650533942859999,2.276262856996166e-05,2
56,1778479774916,0.004541993485714,0.00799833394286,-0.00036333737142998316,2
57,1778479774919,0.004541993485714,0.00799833394286,-0.00036333737142998316,2
58,1778479774921,0.004541993485714,0.00799833394286,-0.00036333737142998316,2
59,1778479774923,0.004912493485714,0.009137133942859999,0.0004907626285699856,2
60,1778479774926,0.004912493485714,0.009137133942859999,0.0004907626285699856,2
61,1778479774928,0.004912493485714,0.009137133942859999,0.0004907626285699856,2
62,1778479774930,0.004912493485714,0.009137133942859999,2.276262856996166e-05,2
63,1778479774933,0.004362593485714,0.00969093394286,2.276262856996166e-05,2
64,1778479774935,0.004362593485714,0.00969093394286,2.276262856996166e-05,2
65,1778479774937,0.004362593485714,0.00969093394286,2.276262856996166e-05,2
66,1778479774940,0.004678493485714,0.007951533942859999,0.000268462628569977,2
67,1778479774942,0.004678493485714,0.007951533942859999,0.000268462628569977,2
68,1778479774945,0.004678493485714,0.007951533942859999,0.000268462628569977,2
69,1778479774947,0.004179293485714,0.006672333942859999,-2.793737142999745e-05,2
70,1778479774949,0.004179293485714,0.006672333942859999,-2.793737142999745e-05,2
71,1778479774952,0.004179293485714,0.006672333942859999,-2.793737142999745e-05,2
72,1778479774954,0.004179293485714,0.006672333942859999,-2.793737142999745e-05,2
73,1778479774956,0.004545893485714,0.005950833942859999,0.0003815626285699541,2
74,1778479774959,0.004545893485714,0.005950833942859999,0.0003815626285699541,2
75,1778479774961,0.004545893485714,0.005950833942859999,0.0003815626285699541,2
76,1778479774963,0.004639493485714,0.00828693394286,-5.913737143000645e-05,2
77,1778479774966,0.004639493485714,0.00828693394286,-5.913737143000645e-05,2
78,1778479774968,0.004639493485714,0.00828693394286,-5.913737143000645e-05,2
79,1778479774970,0.004639493485714,0.00828693394286,0.0003113626285699339,2
80,1778479774973,0.005649593485714,0.00881343394286,0.0003113626285699339,2
81,1778479774975,0.005649593485714,0.00881343394286,0.0003113626285699339,2
82,1778479774978,0.005649593485714,0.00881343394286,0.0003113626285699339,2
83,1778479774980,0.004877393485714,0.00971433394286,0.0002645626285700314,2
84,1778479774982,0.004877393485714,0.00971433394286,0.0002645626285700314,2
85,1778479774985,0.004877393485714,0.00971433394286,0.0002645626285700314,2
86,1778479774987,0.004686293485714,0.00868473394286,-0.00031263737143002405,2
87,1778479774989,0.004686293485714,0.00868473394286,-0.00031263737143002405,2
88,1778479774992,0.004686293485714,0.00868473394286,-0.00031263737143002405,2
89,1778479774994,0.004686293485714,0.00868473394286,-0.00031263737143002405,2
90,1778479774996,0.004885193485714,0.007549833942859999,0.00020996262857001565,2
91,1778479774999,0.004885193485714,0.007549833942859999,0.00020996262857001565,2
92,1778479775001,0.004885193485714,0.007549833942859999,0.00020996262857001565,2
93,1778479775003,0.005025593485714,0.006418833942859999,5.7862628570027295e-05,2
94,1778479775006,0.005025593485714,0.006418833942859999,5.7862628570027295e-05,2
95,1778479775008,0.005025593485714,0.006418833942859999,5.7862628570027295e-05,2
96,1778479775011,0.005025593485714,0.006418833942859999,0.0002528626285699725,2
97,1778479775013,0.005111393485714,0.00606783394286,0.0002528626285699725,2
98,1778479775015,0.005111393485714,0.00606783394286,0.0002528626285699725,2
99,1778479775018,0.005111393485714,0.00606783394286,0.0002528626285699725,2
100,1778479775020,0.004818893485714,0.00758883394286,-0.00018393737143004244,2
101,1778479775022,0.004818893485714,0.00758883394286,-0.00018393737143004244,2
102,1778479775025,0.004818893485714,0.00758883394286,-0.00018393737143004244,2
103,1778479775027,0.005033393485714,0.008957733942859999,0.0005375626285699991,2
104,1778479775029,0.005033393485714,0.008957733942859999,0.0005375626285699991,2
105,1778479775032,0.005033393485714,0.008957733942859999,0.0005375626285699991,2
106,1778479775034,0.005033393485714,0.008957733942859999,0.0005375626285699991,2
107,1778479775037,0.004670693485714,0.009804033942859999,0.00026066262856997476,2
108,1778479775039,0.004670693485714,0.009804033942859999,0.00026066262856997476,2
109,1778479775041,0.004670693485714,0.009804033942859999,0.00026066262856997476,2
110,1778479775044,0.004900793485714,0.00850143394286,0.0003035626285699316,2
111,1778479775046,0.004900793485714,0.00850143394286,0.0003035626285699316,2
112,1778479775048,0.004900793485714,0.00850143394286,0.0003035626285699316,2
113,1778479775051,0.004900793485714,0.00850143394286,-0.0003672373714300398,2
114,1778479775053,0.004358693485714,0.007218333942859999,-0.0003672373714300398,2
115,1778479775063,0.004748693485714,0.00571293394286,0.00027626262856997926,2
116,1778479775065,0.004748693485714,0.00571293394286,0.00027626262856997926,2
117,1778479775068,0.004350893485714,0.00671133394286,5.0062628570025046e-05,2
118,1778479775070,0.004350893485714,0.00671133394286,5.0062628570025046e-05,2
119,1778479775073,0.004350893485714,0.00671133394286,5.0062628570025046e-05,2
120,1778479775075,0.004350893485714,0.00785403394286,0.00022166262856996351,2
121,1778479775077,0.004233893485714,0.00785403394286,0.00022166262856996351,2
122,1778479775080,0.004233893485714,0.00785403394286,0.00022166262856996351,2
123,1778479775082,0.004233893485714,0.00785403394286,0.00022166262856996351,2
124,1778479775084,0.004054493485714,0.009429633942859998,-0.00031653737142996966,2
0,1778479775096,0.004935893485714,0.009125433942859999,-0.00031653737142996966,2
1,1778479775099,0.004935893485714,0.009125433942859999,-0.00031653737142996966,2
2,1778479775101,0.004740893485714,0.008247933942859999,0.00045176262856997437,2
3,1778479775103,0.004740893485714,0.008247933942859999,0.00045176262856997437,2
4,1778479775106,0.004740893485714,0.008247933942859999,0.00045176262856997437,2
5,1778479775108,0.005138693485714,0.006715233942859999,-0.0002541373714300627,2
6,1778479775110,0.005138693485714,0.006715233942859999,-0.0002541373714300627,2
7,1778479775113,0.005138693485714,0.006715233942859999,-0.0002541373714300627,2
8,1778479775115,0.005138693485714,0.005818233942859999,0.0006350626285699717,2
9,1778479775144,0.004963193485714,0.005818233942859999,0.0006350626285699717,2
10,1778479775147,0.004510793485714,0.009780633942859999,-0.0002736373714300128,2
11,1778479775207,0.004647293485714,0.00848583394286,0.00043226262857002425,2
12,1778479775210,0.004647293485714,0.00848583394286,0.00043226262857002425,2
13,1778479775212,0.005107493485714,0.006972633942859999,8.516262856997966e-05,2
14,1778479775214,0.005107493485714,0.006972633942859999,8.516262856997966e-05,2
15,1778479775217,0.005107493485714,0.006972633942859999,8.516262856997966e-05,2
16,1778479775219,0.005107493485714,0.006972633942859999,0.0004127626285699631,2
17,1778479775222,0.005201093485714,0.006095133942859999,0.0004127626285699631,2
18,1778479775224,0.005201093485714,0.006095133942859999,0.0004127626285699631,2
19,1778479775227,0.005201093485714,0.006095133942859999,0.0004127626285699631,2
20,1778479775229,0.005099693485714,0.00682443394286,-8.437371430047337e-06,2
21,1778479775231,0.005099693485714,0.00682443394286,-8.437371430047337e-06,2
22,1778479775234,0.005099693485714,0.00682443394286,-8.437371430047337e-06,2
23,1778479775236,0.005045093485714,0.00825183394286,0.0005960626285699605,2
24,1778479775238,0.005045093485714,0.00825183394286,0.0005960626285699605,2
25,1778479775241,0.005045093485714,0.00825183394286,0.0005960626285699605,2
26,1778479775243,0.005045093485714,0.00825183394286,-0.0005427373714300349,2
27,1778479775245,0.004577093485714,0.009815733942859999,-0.0005427373714300349,2
28,1778479775248,0.004577093485714,0.009815733942859999,-0.0005427373714300349,2
29,1778479775250,0.004577093485714,0.009815733942859999,-0.0005427373714300349,2
30,1778479775253,0.005134793485714,0.009125433942859999,0.00027236262857003365,2
31,1778479775255,0.005134793485714,0.009125433942859999,0.00027236262857003365,2
32,1778479775259,0.005134793485714,0.009125433942859999,0.00027236262857003365,2
33,1778479775261,0.004853993485714,0.00809193394286,-4.537371429990701e-06,2
34,1778479775263,0.004853993485714,0.00809193394286,-4.537371429990701e-06,2
35,1778479775266,0.004853993485714,0.00809193394286,-4.537371429990701e-06,2
36,1778479775268,0.005150393485714,0.00610293394286,0.000237262628569968,2
37,1778479775271,0.005150393485714,0.00610293394286,0.000237262628569968,2
38,1778479775273,0.005150393485714,0.00610293394286,0.000237262628569968,2
39,1778479775275,0.005150393485714,0.00610293394286,-0.0001449373714300312,2
40,1778479775278,0.004920293485714,0.006309633942859999,-0.0001449373714300312,2
41,1778479775280,0.004920293485714,0.006309633942859999,-0.0001449373714300312,2
42,1778479775282,0.004920293485714,0.006309633942859999,-0.0001449373714300312,2
43,1778479775285,0.004924193485714,0.007237833942859999,0.0003152626285699905,2
44,1778479775287,0.004924193485714,0.007237833942859999,0.0003152626285699905,2
45,1778479775290,0.004924193485714,0.007237833942859999,0.0003152626285699905,2
46,1778479775292,0.004331393485714,0.009172233942859999,0.0001241626285699909,2
47,1778479775294,0.004331393485714,0.009172233942859999,0.0001241626285699909,2
48,1778479775297,0.004331393485714,0.009172233942859999,0.0001241626285699909,2
49,1778479775299,0.004331393485714,0.009172233942859999,0.0001241626285699909,2
50,1778479775301,0.004374293485714,0.009632433942859998,-0.00010593737143001995,2
51,1778479775304,0.004374293485714,0.009632433942859998,-0.00010593737143001995,2
52,1778479775306,0.004374293485714,0.009632433942859998,-0.00010593737143001995,2
53,1778479775308,0.004432793485714,0.00894213394286,0.00020606262856995902,2
54,1778479775311,0.004432793485714,0.00894213394286,0.00020606262856995902,2
55,1778479775313,0.004432793485714,0.00894213394286,0.00020606262856995902,2
56,1778479775316,0.004432793485714,0.00894213394286,-2.01373714299952e-05,2
57,1778479775318,0.004736993485714,0.007261233942859999,-2.01373714299952e-05,2
58,1778479775320,0.004736993485714,0.007261233942859999,-2.01373714299952e-05,2
59,1778479775323,0.004736993485714,0.007261233942859999,-2.01373714299952e-05,2
60,1778479775325,0.005025593485714,0.005841633942859999,-0.00021903737142999705,2
61,1778479775327,0.005025593485714,0.005841633942859999,-0.00021903737142999705,2
62,1778479775330,0.005025593485714,0.005841633942859999,-0.00021903737142999705,2
63,1778479775332,0.004658993485714,0.006407133942859999,-2.4037371430051836e-05,2
64,1778479775334,0.004658993485714,0.006407133942859999,-2.4037371430051836e-05,2
65,1778479775337,0.004658993485714,0.006407133942859999,-2.4037371430051836e-05,2
66,1778479775339,0.004658993485714,0.006407133942859999,-2.4037371430051836e-05,2
67,1778479775341,0.004807193485714,0.00792033394286,2.6662628570018297e-05,2
68,1778479775344,0.004807193485714,0.00792033394286,2.6662628570018297e-05,2
69,1778479775346,0.004807193485714,0.00792033394286,2.6662628570018297e-05,2
70,1778479775349,0.004756493485714,0.00926193394286,-1.6237371430049587e-05,2
71,1778479775351,0.004756493485714,0.00926193394286,-1.6237371430049587e-05,2
72,1778479775353,0.004756493485714,0.00926193394286,-1.6237371430049587e-05,2
73,1778479775356,0.004756493485714,0.00926193394286,0.00034256262856994287,2
74,1778479775358,0.004951493485714,0.009102033942859999,0.00034256262856994287,2
75,1778479775360,0.004951493485714,0.009102033942859999,0.00034256262856994287,2
76,1778479775363,0.004951493485714,0.009102033942859999,0.00034256262856994287,2
77,1778479775365,0.004873493485714,0.00834543394286,-0.0003828373714300443,2
78,1778479775367,0.004873493485714,0.00834543394286,-0.0003828373714300443,2
79,1778479775370,0.004873493485714,0.00834543394286,-0.0003828373714300443,2
80,1778479775372,0.005337593485714,0.00668793394286,0.0002801626285700359,2
81,1778479775374,0.005337593485714,0.00668793394286,0.0002801626285700359,2
82,1778479775377,0.005337593485714,0.00668793394286,0.0002801626285700359,2
83,1778479775379,0.005337593485714,0.00668793394286,0.0002801626285700359,2
84,1778479775382,0.005017793485714,0.006161433942859999,-0.00040623737143005104,2
85,1778479775384,0.005017793485714,0.006161433942859999,-0.00040623737143005104,2
86,1778479775386,0.005017793485714,0.006161433942859999,-0.00040623737143005104,2
87,1778479775389,0.004994393485714,0.00652413394286,0.00041666262857001975,2
88,1778479775391,0.004994393485714,0.00652413394286,0.00041666262857001975,2
89,1778479775393,0.004994393485714,0.00652413394286,0.00041666262857001975,2
90,1778479775396,0.004994393485714,0.00652413394286,-0.0003048373714300218,2
91,1778479775398,0.004343093485714,0.00863013394286,-0.0003048373714300218,2
92,1778479775400,0.004343093485714,0.00863013394286,-0.0003048373714300218,2
93,1778479775403,0.004343093485714,0.00863013394286,-0.0003048373714300218,2
94,1778479775405,0.004378193485714,0.009492033942859999,-0.0001293373714300267,2
95,1778479775407,0.004378193485714,0.009492033942859999,-0.0001293373714300267,2
96,1778479775410,0.004378193485714,0.009492033942859999,-0.0001293373714300267,2
97,1778479775412,0.004163693485714,0.009347733942859999,-3.1837371430054086e-05,2
98,1778479775415,0.004163693485714,0.009347733942859999,-3.1837371430054086e-05,2
99,1778479775417,0.004163693485714,0.009347733942859999,-3.1837371430054086e-05,2
100,1778479775419,0.004163693485714,0.009347733942859999,-3.1837371430054086e-05,2
101,1778479775422,0.004670693485714,0.00732363394286,0.00016316262857000215,2
102,1778479775424,0.004670693485714,0.00732363394286,0.00016316262857000215,2
103,1778479775426,0.004670693485714,0.00732363394286,0.00016316262857000215,2
104,1778479775429,0.004916393485714,0.006095133942859999,0.00029186262856998376,2
105,1778479775431,0.004916393485714,0.006095133942859999,0.00029186262856998376,2
106,1778479775433,0.004916393485714,0.006095133942859999,0.00029186262856998376,2
107,1778479775436,0.004916393485714,0.006095133942859999,0.0002957626285699294,2
108,1778479775438,0.004955393485714,0.006216033942859999,0.0002957626285699294,2
109,1778479775441,0.004955393485714,0.006216033942859999,0.0002957626285699294,2
110,1778479775443,0.004955393485714,0.006216033942859999,0.0002957626285699294,2
111,1778479775445,0.005041193485714,0.007616133942859999,0.000642862628569974,2
112,1778479775448,0.005041193485714,0.007616133942859999,0.000642862628569974,2
113,1778479775450,0.005041193485714,0.007616133942859999,0.000642862628569974,2
114,1778479775452,0.004842293485714,0.00915663394286,0.000424462628570022,2
115,1778479775455,0.004842293485714,0.00915663394286,0.000424462628570022,2
116,1778479775457,0.004842293485714,0.00915663394286,0.000424462628570022,2
117,1778479775459,0.004842293485714,0.00915663394286,0.000424462628570022,2
118,1778479775462,0.005052893485714,0.009499833942860001,0.0003113626285699339,2
119,1778479775464,0.005052893485714,0.009499833942860001,0.0003113626285699339,2
120,1778479775466,0.005052893485714,0.009499833942860001,0.0003113626285699339,2
121,1778479775469,0.005013893485714,0.008782233942859999,-0.00015273737143003344,2
122,1778479775471,0.005013893485714,0.008782233942859999,-0.00015273737143003344,2
123,1778479775474,0.005013893485714,0.008782233942859999,-0.00015273737143003344,2
124,1778479775476,0.005013893485714,0.008782233942859999,-0.0001761373714300402,2
0,1778479775488,0.004834493485714,0.005861133942859999,-0.00026193737143006494,2
1,1778479775490,0.004834493485714,0.005861133942859999,-0.00026193737143006494,2
2,1778479775492,0.004803293485714,0.006321333942859999,0.0004439626285699721,2
3,1778479775495,0.004803293485714,0.006321333942859999,0.0004439626285699721,2
4,1778479775497,0.004803293485714,0.006321333942859999,0.0004439626285699721,2
5,1778479775499,0.004803293485714,0.006321333942859999,0.0004439626285699721,2
6,1778479775502,0.004393793485714,0.00801393394286,-5.913737143000645e-05,2
7,1778479775504,0.004393793485714,0.00801393394286,-5.913737143000645e-05,2
8,1778479775532,0.004393793485714,0.00801393394286,-5.913737143000645e-05,2
9,1778479775535,0.004846193485714,0.006594333942859999,0.00020606262856995902,2
10,1778479775591,0.004990493485714,0.009312633942859999,-0.0006792373714300188,2
11,1778479775594,0.005099693485714,0.00624723394286,-9.033737143001545e-05,2
12,1778479775596,0.005099693485714,0.00624723394286,0.00015146262856994327,2
13,1778479775598,0.005013893485714,0.00589233394286,0.00015146262856994327,2
14,1778479775601,0.005013893485714,0.00589233394286,0.00015146262856994327,2
15,1778479775603,0.005013893485714,0.00589233394286,0.00015146262856994327,2
16,1778479775606,0.004440593485714,0.00778773394286,0.0002177626285700179,2
17,1778479775608,0.004440593485714,0.00778773394286,0.0002177626285700179,2
18,1778479775610,0.004440593485714,0.00778773394286,0.0002177626285700179,2
19,1778479775613,0.004288493485714,0.00923463394286,3.056262856996391e-05,2
20,1778479775615,0.004288493485714,0.00923463394286,3.056262856996391e-05,2
21,1778479775617,0.004288493485714,0.00923463394286,3.056262856996391e-05,2
22,1778479775620,0.004288493485714,0.00923463394286,3.056262856996391e-05,2
23,1778479775622,0.004101293485714,0.00955833394286,0.0002645626285700314,2
24,1778479775624,0.004101293485714,0.00955833394286,0.0002645626285700314,2
25,1778479775627,0.004101293485714,0.00955833394286,0.0002645626285700314,2
26,1778479775629,0.004701893485714,0.00850923394286,0.0006545626285700329,2
27,1778479775632,0.004701893485714,0.00850923394286,0.0006545626285700329,2
28,1778479775634,0.004701893485714,0.00850923394286,0.0006545626285700329,2
29,1778479775636,0.004701893485714,0.00850923394286,-6.303737143006308e-05,2
30,1778479775639,0.004772093485714,0.00682443394286,-6.303737143006308e-05,2
31,1778479775641,0.004772093485714,0.00682443394286,-6.303737143006308e-05,2
32,1778479775643,0.004772093485714,0.00682443394286,-6.303737143006308e-05,2
33,1778479775646,0.004912493485714,0.00546723394286,0.00022166262856996351,2
34,1778479775648,0.004912493485714,0.00546723394286,0.00022166262856996351,2
35,1778479775650,0.004912493485714,0.00546723394286,0.00022166262856996351,2
36,1778479775653,0.004604393485714,0.0066372339428599995,-0.0003204373714300263,2
37,1778479775655,0.004604393485714,0.0066372339428599995,-0.0003204373714300263,2
38,1778479775657,0.004604393485714,0.0066372339428599995,-0.0003204373714300263,2
39,1778479775660,0.004604393485714,0.0066372339428599995,-0.0003204373714300263,2
40,1778479775662,0.004787693485714,0.00826353394286,0.00019826262856995677,2
41,1778479775665,0.004787693485714,0.00826353394286,0.00019826262856995677,2
42,1778479775667,0.004787693485714,0.00826353394286,0.00019826262856995677,2
43,1778479775669,0.004385993485714,0.010065333942859998,-0.0002112373714299948,2
44,1778479775672,0.004385993485714,0.010065333942859998,-0.0002112373714299948,2
45,1778479775674,0.004385993485714,0.010065333942859998,-0.0002112373714299948,2
46,1778479775676,0.004385993485714,0.010065333942859998,0.00013196262856999316,2
47,1778479775679,0.004857893485714,0.009203433942859999,0.00013196262856999316,2
48,1778479775681,0.004857893485714,0.009203433942859999,0.00013196262856999316,2
49,1778479775683,0.004857893485714,0.009203433942859999,0.00013196262856999316,2
50,1778479775686,0.005048993485714,0.00784623394286,3.836262856996616e-05,2
51,1778479775688,0.005048993485714,0.00784623394286,3.836262856996616e-05,2
52,1778479775691,0.005048993485714,0.00784623394286,3.836262856996616e-05,2
53,1778479775693,0.005493593485714,0.005974233942859999,-4.7437371430058585e-05,2
54,1778479775695,0.005493593485714,0.005974233942859999,-4.7437371430058585e-05,2
55,1778479775698,0.005493593485714,0.005974233942859999,-4.7437371430058585e-05,2
56,1778479775700,0.005493593485714,0.005974233942859999,-4.7437371430058585e-05,2
57,1778479775702,0.005060693485714,0.006021033942859999,0.00026066262856997476,2
58,1778479775705,0.005060693485714,0.006021033942859999,0.00026066262856997476,2
59,1778479775707,0.005060693485714,0.006021033942859999,0.00026066262856997476,2
60,1778479775709,0.004892993485714,0.00717933394286,-0.00010203737142996331,2
61,1778479775712,0.004892993485714,0.00717933394286,-0.00010203737142996331,2
62,1778479775714,0.004892993485714,0.00717933394286,-0.00010203737142996331,2
63,1778479775716,0.004892993485714,0.00717933394286,0.0006935626285699331,2
64,1778479775719,0.004690193485714,0.008758833942859999,0.0006935626285699331,2
65,1778479775721,0.004690193485714,0.008758833942859999,0.0006935626285699331,2
66,1778479775723,0.004690193485714,0.008758833942859999,0.0006935626285699331,2
67,1778479775726,0.004280693485714,0.009932733942860001,-0.0002736373714300128,2
68,1778479775728,0.004280693485714,0.009932733942860001,-0.0002736373714300128,2
69,1778479775731,0.004280693485714,0.009932733942860001,-0.0002736373714300128,2
70,1778479775733,0.004690193485714,0.008871933942859999,0.00017486262856995002,2
71,1778479775735,0.004690193485714,0.008871933942859999,0.00017486262856995002,2
72,1778479775738,0.004690193485714,0.008871933942859999,0.00017486262856995002,2
73,1778479775740,0.004690193485714,0.008871933942859999,0.00017486262856995002,2
74,1778479775742,0.004499093485714,0.007729233942859999,-0.00030093737142996516,2
75,1778479775745,0.004499093485714,0.007729233942859999,-0.00030093737142996516,2
76,1778479775747,0.004499093485714,0.007729233942859999,-0.00030093737142996516,2
77,1778479775750,0.004943693485714,0.00577923394286,0.00015146262856994327,2
78,1778479775752,0.004943693485714,0.00577923394286,0.00015146262856994327,2
79,1778479775754,0.004943693485714,0.00577923394286,0.00015146262856994327,2
80,1778479775757,0.004943693485714,0.00577923394286,5.396262856997066e-05,2
81,1778479775759,0.004502993485714,0.00606783394286,5.396262856997066e-05,2
82,1778479775761,0.004502993485714,0.00606783394286,5.396262856997066e-05,2
83,1778479775764,0.004502993485714,0.00606783394286,5.396262856997066e-05,2
84,1778479775766,0.004210493485714,0.00751083394286,0.00022166262856996351,2
85,1778479775768,0.004210493485714,0.00751083394286,0.00022166262856996351,2
86,1778479775771,0.004210493485714,0.00751083394286,0.00022166262856996351,2
87,1778479775773,0.004187093485714,0.00935163394286,-0.00025023737143000605,2
88,1778479775776,0.004187093485714,0.00935163394286,-0.00025023737143000605,2
89,1778479775778,0.004187093485714,0.00935163394286,-0.00025023737143000605,2
90,1778479775780,0.004187093485714,0.00935163394286,-0.00025023737143000605,2
91,1778479775783,0.004378193485714,0.009741633942859998,0.00027236262857003365,2
92,1778479775785,0.004378193485714,0.009741633942859998,0.00027236262857003365,2
93,1778479775787,0.004378193485714,0.009741633942859998,0.00027236262857003365,2
94,1778479775790,0.004928093485714,0.00850143394286,-0.00017223737142998356,2
95,1778479775792,0.004928093485714,0.00850143394286,-0.00017223737142998356,2
96,1778479775795,0.004928093485714,0.00850143394286,-0.00017223737142998356,2
97,1778479775797,0.005407793485714,0.00678933394286,0.00022556262857002015,2
98,1778479775800,0.005407793485714,0.00678933394286,0.00022556262857002015,2
99,1778479775802,0.005407793485714,0.00678933394286,0.00022556262857002015,2
100,1778479775805,0.005407793485714,0.00678933394286,0.00022556262857002015,2
101,1778479775807,0.005384393485714,0.00595863394286,-8.437371430047337e-06,2
102,1778479775809,0.005384393485714,0.00595863394286,-8.437371430047337e-06,2
103,1778479775812,0.005384393485714,0.00595863394286,-8.437371430047337e-06,2
104,1778479775814,0.005474093485714,0.0064266339428599994,4.616262856996841e-05,2
105,1778479775816,0.005474093485714,0.0064266339428599994,4.616262856996841e-05,2
106,1778479775819,0.005474093485714,0.0064266339428599994,4.616262856996841e-05,2
107,1778479775821,0.005474093485714,0.00814263394286,0.0003776626285700085,2
108,1778479775823,0.004760393485714,0.00814263394286,0.0003776626285700085,2
109,1778479775826,0.004760393485714,0.00814263394286,0.0003776626285700085,2
110,1778479775828,0.004760393485714,0.00814263394286,0.0003776626285700085,2
111,1778479775831,0.004335293485714,0.00954273394286,-0.0002229373714300537,2
112,1778479775833,0.004335293485714,0.00954273394286,-0.0002229373714300537,2
113,1778479775835,0.004335293485714,0.00954273394286,-0.0002229373714300537,2
114,1778479775838,0.004499093485714,0.009488133942859998,-5.913737143000645e-05,2
115,1778479775840,0.004499093485714,0.009488133942859998,-5.913737143000645e-05,2
116,1778479775842,0.004499093485714,0.009488133942859998,-5.913737143000645e-05,2
117,1778479775845,0.004499093485714,0.009488133942859998,-0.0003048373714300218,2
118,1778479775847,0.004475693485714,0.00799833394286,-0.0003048373714300218,2
119,1778479775850,0.004475693485714,0.00799833394286,-0.0003048373714300218,2
120,1778479775852,0.004475693485714,0.00799833394286,-0.0003048373714300218,2
121,1778479775854,0.004830593485714,0.00633693394286,0.00042056262856996537,2
122,1778479775857,0.004830593485714,0.00633693394286,0.00042056262856996537,2
123,1778479775859,0.004830593485714,0.00633693394286,0.00042056262856996537,2
124,1778479775861,0.004830593485714,0.006251133942859999,-0.00030093737142996516,2
0,1778479775873,0.004990493485714,0.006953133942859999,0.00022166262856996351,2
1,1778479775876,0.004990493485714,0.006953133942859999,0.00022166262856996351,2
2,1778479775878,0.004604393485714,0.009172233942859999,6.956262856997516e-05,2
3,1778479775881,0.004604393485714,0.009172233942859999,6.956262856997516e-05,2
4,1778479775883,0.004604393485714,0.009172233942859999,6.956262856997516e-05,2
5,1778479775885,0.004604393485714,0.009359433942859999,-0.00014103737142997456,2
6,1778479775888,0.004658993485714,0.009359433942859999,-0.00014103737142997456,2
7,1778479775890,0.004658993485714,0.009359433942859999,-0.00014103737142997456,2
8,1778479775893,0.004658993485714,0.009359433942859999,-0.00014103737142997456,2
9,1778479775895,0.004627793485714,0.00891093394286,2.6662628570018297e-05,2
10,1778479775897,0.004627793485714,0.00891093394286,2.6662628570018297e-05,2
11,1778479775900,0.004627793485714,0.00891093394286,2.6662628570018297e-05,2
12,1778479775927,0.004694093485714,0.00786573394286,-0.00018393737143004244,2
13,1778479775963,0.004694093485714,0.00786573394286,-0.00018393737143004244,2
14,1778479775989,0.004783793485714,0.008205033942859999,0.0003464626285699995,2
15,1778479775991,0.004814993485714,0.00967923394286,8.90626285700363e-05,2
16,1778479775994,0.004814993485714,0.00967923394286,8.90626285700363e-05,2
17,1778479775996,0.004814993485714,0.00967923394286,8.90626285700363e-05,2
18,1778479775998,0.004452293485714,0.01100133394286,-0.0004335373714300034,2
19,1778479776001,0.004452293485714,0.01100133394286,-0.0004335373714300034,2
20,1778479776003,0.004452293485714,0.01100133394286,-0.0004335373714300034,2
21,1778479776006,0.004452293485714,0.009488133942859998,0.00032306262856999276,2
22,1778479776008,0.005232293485714,0.009488133942859998,0.00032306262856999276,2
23,1778479776010,0.005232293485714,0.009488133942859998,0.00032306262856999276,2
24,1778479776013,0.005232293485714,0.009488133942859998,0.00032306262856999276,2
25,1778479776015,0.005275193485714,0.006539733942859999,0.00044786262857002875,2
26,1778479776017,0.005275193485714,0.006539733942859999,0.00044786262857002875,2
27,1778479776020,0.005275193485714,0.006539733942859999,0.00044786262857002875,2
28,1778479776022,0.004834493485714,0.00422703394286,8.516262856997966e-05,2
29,1778479776024,0.004834493485714,0.00422703394286,8.516262856997966e-05,2
30,1778479776027,0.004834493485714,0.00422703394286,8.516262856997966e-05,2
31,1778479776029,0.004834493485714,0.00422703394286,8.516262856997966e-05,2
32,1778479776032,0.004327493485714,0.005408733942859999,-0.00017223737142998356,2
33,1778479776034,0.004327493485714,0.005408733942859999,-0.00017223737142998356,2
34,1778479776036,0.004327493485714,0.005408733942859999,-0.00017223737142998356,2
35,1778479776039,0.004690193485714,0.00799053394286,0.00027236262857003365,2
36,1778479776041,0.004690193485714,0.00799053394286,0.00027236262857003365,2
37,1778479776043,0.004690193485714,0.00799053394286,0.00027236262857003365,2
38,1778479776054,0.004736993485714,0.010034133942859999,0.0003503626285699451,2
39,1778479776057,0.004736993485714,0.010034133942859999,0.0003503626285699451,2
40,1778479776059,0.004736993485714,0.010034133942859999,0.0003503626285699451,2
41,1778479776061,0.004736993485714,0.010034133942859999,0.00017486262856995002,2
42,1778479776064,0.004787693485714,0.008173833942859999,0.00017486262856995002,2
43,1778479776066,0.004787693485714,0.008173833942859999,0.00017486262856995002,2
44,1778479776069,0.004787693485714,0.008173833942859999,0.00017486262856995002,2
45,1778479776071,0.004678493485714,0.006165333942859999,0.00017876262857000665,2
46,1778479776073,0.004678493485714,0.006165333942859999,0.00017876262857000665,2
47,1778479776076,0.004678493485714,0.006165333942859999,0.00017876262857000665,2
48,1778479776078,0.004479593485714,0.005451633942859999,0.000611662628569965,2
49,1778479776080,0.004479593485714,0.005451633942859999,0.000611662628569965,2
50,1778479776083,0.004479593485714,0.005451633942859999,0.000611662628569965,2
51,1778479776085,0.004479593485714,0.005451633942859999,0.000611662628569965,2
52,1778479776087,0.004393793485714,0.006352533942859999,-7.863737143006758e-05,2
53,1778479776090,0.004393793485714,0.006352533942859999,-7.863737143006758e-05,2
54,1778479776092,0.004393793485714,0.006352533942859999,-7.863737143006758e-05,2
55,1778479776095,0.004003793485714,0.008536533942859999,0.00024116262857002465,2
56,1778479776097,0.004003793485714,0.008536533942859999,0.00024116262857002465,2
57,1778479776099,0.004003793485714,0.008536533942859999,0.00024116262857002465,2
58,1778479776102,0.004003793485714,0.008536533942859999,-0.00041013737142999666,2
59,1778479776104,0.004253393485714,0.010353933942860001,-0.00041013737142999666,2
60,1778479776106,0.004253393485714,0.010353933942860001,-0.00041013737142999666,2
61,1778479776109,0.004253393485714,0.010353933942860001,-0.00041013737142999666,2
62,1778479776111,0.005091893485714,0.009585633942859998,0.000268462628569977,2
63,1778479776113,0.005091893485714,0.009585633942859998,0.000268462628569977,2
64,1778479776116,0.005091893485714,0.009585633942859998,0.000268462628569977,2
65,1778479776118,0.0052634934857140004,0.00748743394286,-0.00010203737142996331,2
66,1778479776121,0.0052634934857140004,0.00748743394286,-0.00010203737142996331,2
67,1778479776123,0.0052634934857140004,0.00748743394286,-0.00010203737142996331,2
68,1778479776125,0.0052634934857140004,0.00748743394286,-0.00010203737142996331,2
69,1778479776128,0.005786093485714,0.005322933942859999,0.0002840626285699815,2
70,1778479776130,0.005786093485714,0.005322933942859999,0.0002840626285699815,2
71,1778479776133,0.005786093485714,0.005322933942859999,0.0002840626285699815,2
72,1778479776135,0.005431193485714,0.006017133942859999,-1.233737142999295e-05,2
73,1778479776137,0.005431193485714,0.006017133942859999,-1.233737142999295e-05,2
74,1778479776140,0.005431193485714,0.006017133942859999,-1.233737142999295e-05,2
75,1778479776142,0.005021693485714,0.007561533942859999,0.0004400626285700265,2
76,1778479776145,0.005021693485714,0.007561533942859999,0.0004400626285700265,2
77,1778479776147,0.005021693485714,0.007561533942859999,0.0004400626285700265,2
78,1778479776149,0.005021693485714,0.007561533942859999,0.0004400626285700265,2
79,1778479776152,0.004323593485714,0.00943743394286,-0.0003243373714299719,2
80,1778479776154,0.004323593485714,0.00943743394286,-0.0003243373714299719,2
81,1778479776156,0.004323593485714,0.00943743394286,-0.0003243373714299719,2
82,1778479776159,0.004323593485714,0.00937503394286,0.00015146262856994327,2
83,1778479776161,0.004323593485714,0.00937503394286,0.00015146262856994327,2
84,1778479776163,0.004323593485714,0.00937503394286,0.00015146262856994327,2
85,1778479776166,0.004323593485714,0.00937503394286,0.0005258626285699402,2
86,1778479776168,0.004592693485714,0.008481933942859999,0.0005258626285699402,2
87,1778479776171,0.004592693485714,0.008481933942859999,0.0005258626285699402,2
88,1778479776173,0.004592693485714,0.008481933942859999,0.0005258626285699402,2
89,1778479776175,0.004803293485714,0.00675423394286,-7.863737143006758e-05,2
90,1778479776178,0.004803293485714,0.00675423394286,-7.863737143006758e-05,2
91,1778479776180,0.004803293485714,0.00675423394286,-7.863737143006758e-05,2
92,1778479776182,0.004869593485714,0.005553033942859999,0.0003113626285699339,2
93,1778479776185,0.004869593485714,0.005553033942859999,0.0003113626285699339,2
94,1778479776187,0.004869593485714,0.005553033942859999,0.0003113626285699339,2
95,1778479776189,0.004869593485714,0.005553033942859999,0.0003113626285699339,2
96,1778479776192,0.004530293485714,0.006886833942859999,-3.1837371430054086e-05,2
97,1778479776194,0.004530293485714,0.006886833942859999,-3.1837371430054086e-05,2
98,1778479776196,0.004530293485714,0.006886833942859999,-3.1837371430054086e-05,2
99,1778479776199,0.004366493485714,0.00843123394286,0.00011636262856998866,2
100,1778479776201,0.004366493485714,0.00843123394286,0.00011636262856998866,2
101,1778479776204,0.004366493485714,0.00843123394286,0.00011636262856998866,2
102,1778479776206,0.004366493485714,0.00843123394286,-0.0002112373714299948,2
103,1778479776208,0.004272893485714,0.009948333942859999,-0.0002112373714299948,2
104,1778479776211,0.004272893485714,0.009948333942859999,-0.0002112373714299948,2
105,1778479776213,0.004272893485714,0.009948333942859999,-0.0002112373714299948,2
106,1778479776215,0.004690193485714,0.00912153394286,0.00015146262856994327,2
107,1778479776218,0.004690193485714,0.00912153394286,0.00015146262856994327,2
108,1778479776220,0.004690193485714,0.00912153394286,0.00015146262856994327,2
109,1778479776222,0.005048993485714,0.007561533942859999,2.276262856996166e-05,2
110,1778479776225,0.005048993485714,0.007561533942859999,2.276262856996166e-05,2
111,1778479776227,0.005048993485714,0.007561533942859999,2.276262856996166e-05,2
112,1778479776229,0.005048993485714,0.007561533942859999,2.276262856996166e-05,2
113,1778479776232,0.005497493485714,0.00585723394286,5.396262856997066e-05,2
114,1778479776234,0.005497493485714,0.00585723394286,5.396262856997066e-05,2
115,1778479776237,0.005497493485714,0.00585723394286,5.396262856997066e-05,2
116,1778479776239,0.005224493485714,0.006173133942859999,-4.353737143000195e-05,2
117,1778479776241,0.005224493485714,0.006173133942859999,-4.353737143000195e-05,2
118,1778479776244,0.005224493485714,0.006173133942859999,-4.353737143000195e-05,2
119,1778479776246,0.005224493485714,0.006173133942859999,0.0004946626285699312,2
120,1778479776248,0.005052893485714,0.007549833942859999,0.0004946626285699312,2
121,1778479776251,0.005052893485714,0.007549833942859999,0.0004946626285699312,2
122,1778479776253,0.005052893485714,0.007549833942859999,0.0004946626285699312,2
123,1778479776255,0.004635593485714,0.00944523394286,-8.437371430047337e-06,2
124,1778479776258,0.004635593485714,0.00944523394286,-8.437371430047337e-06,2
0,1778479776271,0.004538093485714,0.00854043394286,0.0002801626285700359,2
1,1778479776273,0.004538093485714,0.00854043394286,0.0002801626285700359,2
2,1778479776275,0.004538093485714,0.00854043394286,0.0002801626285700359,2
3,1778479776278,0.004538093485714,0.00854043394286,0.0002801626285700359,2
4,1778479776280,0.005084093485714,0.0067698339428599996,0.00016316262857000215,2
5,1778479776283,0.005084093485714,0.0067698339428599996,0.00016316262857000215,2
6,1778479776285,0.005084093485714,0.0067698339428599996,0.00016316262857000215,2
7,1778479776287,0.005240093485714,0.00590013394286,-4.7437371430058585e-05,2
8,1778479776290,0.005240093485714,0.00590013394286,-4.7437371430058585e-05,2
9,1778479776292,0.005240093485714,0.00590013394286,-4.7437371430058585e-05,2
10,1778479776294,0.005240093485714,0.0066372339428599995,-0.0001293373714300267,2
11,1778479776321,0.004939793485714,0.0066372339428599995,-0.0001293373714300267,2
12,1778479776323,0.004421093485714,0.008961633942859999,0.00032696262856993837,2
13,1778479776377,0.004904693485714,0.0057831339428599995,0.00040106262857001525,2
14,1778479776381,0.005017793485714,0.00866523394286,0.00019436262857001115,2
15,1778479776383,0.004756493485714,0.00674643394286,2.276262856996166e-05,2
16,1778479776386,0.004756493485714,0.00674643394286,2.276262856996166e-05,2
17,1778479776388,0.004756493485714,0.00674643394286,2.276262856996166e-05,2
18,1778479776391,0.004756493485714,0.005599833942859999,-0.0002892373714300173,2
19,1778479776393,0.004873493485714,0.005599833942859999,-0.0002892373714300173,2
20,1778479776395,0.004873493485714,0.005599833942859999,-0.0002892373714300173,2
21,1778479776398,0.004873493485714,0.005599833942859999,-0.0002892373714300173,2
22,1778479776400,0.004760393485714,0.00634473394286,-0.00028143737143001505,2
23,1778479776402,0.004760393485714,0.00634473394286,-0.00028143737143001505,2
24,1778479776405,0.004760393485714,0.00634473394286,-0.00028143737143001505,2
25,1778479776407,0.004417193485714,0.00851313394286,0.0005219626285699946,2
26,1778479776410,0.004417193485714,0.00851313394286,0.0005219626285699946,2
27,1778479776412,0.004417193485714,0.00851313394286,0.0005219626285699946,2
28,1778479776414,0.004417193485714,0.00851313394286,0.0005219626285699946,2
29,1778479776417,0.004346993485714,0.009827433942859998,-0.00010983737142996556,2
30,1778479776419,0.004346993485714,0.009827433942859998,-0.00010983737142996556,2
31,1778479776421,0.004346993485714,0.009827433942859998,-0.00010983737142996556,2
32,1778479776424,0.004596593485714,0.009312633942859999,0.000424462628570022,2
33,1778479776426,0.004596593485714,0.009312633942859999,0.000424462628570022,2
34,1778479776429,0.004596593485714,0.009312633942859999,0.000424462628570022,2
35,1778479776431,0.004460093485714,0.00799833394286,-0.0001488373714299768,2
36,1778479776433,0.004460093485714,0.00799833394286,-0.0001488373714299768,2
37,1778479776436,0.004460093485714,0.00799833394286,-0.0001488373714299768,2
38,1778479776438,0.004460093485714,0.00799833394286,-0.0001488373714299768,2
39,1778479776440,0.005119193485714,0.005829933942859999,0.00024506262856997026,2
40,1778479776443,0.005119193485714,0.005829933942859999,0.00024506262856997026,2
41,1778479776445,0.005119193485714,0.005829933942859999,0.00024506262856997026,2
42,1778479776447,0.004931993485714,0.005872833942859999,-0.00032823737143002855,2
43,1778479776450,0.004931993485714,0.005872833942859999,-0.00032823737143002855,2
44,1778479776452,0.004931993485714,0.005872833942859999,-0.00032823737143002855,2
45,1778479776455,0.004931993485714,0.005872833942859999,0.00043616262856996987,2
46,1778479776457,0.004982693485714,0.006551433942859999,0.00043616262856996987,2
47,1778479776459,0.004982693485714,0.006551433942859999,0.00043616262856996987,2
48,1778479776462,0.004982693485714,0.006551433942859999,0.00043616262856996987,2
49,1778479776464,0.004335293485714,0.008981133942859999,-0.0004023373714299944,2
50,1778479776466,0.004335293485714,0.008981133942859999,-0.0004023373714299944,2
51,1778479776469,0.004335293485714,0.008981133942859999,-0.0004023373714299944,2
52,1778479776471,0.004935893485714,0.009768933942859999,8.126262857003404e-05,2
53,1778479776473,0.004935893485714,0.009768933942859999,8.126262857003404e-05,2
54,1778479776476,0.004935893485714,0.009768933942859999,8.126262857003404e-05,2
55,1778479776478,0.004935893485714,0.009768933942859999,8.126262857003404e-05,2
56,1778479776481,0.005204993485714,0.00909813394286,-0.0001488373714299768,2
57,1778479776483,0.005204993485714,0.00909813394286,-0.0001488373714299768,2
58,1778479776485,0.005204993485714,0.00909813394286,-0.0001488373714299768,2
59,1778479776488,0.005228393485714,0.006859533942859999,0.000237262628569968,2
60,1778479776490,0.005228393485714,0.006859533942859999,0.000237262628569968,2
61,1778479776492,0.005228393485714,0.006859533942859999,0.000237262628569968,2
62,1778479776495,0.005228393485714,0.006859533942859999,0.00013586262856993877,2
63,1778479776497,0.004779893485714,0.005907933942859999,0.00013586262856993877,2
64,1778479776499,0.004779893485714,0.005907933942859999,0.00013586262856993877,2
65,1778479776502,0.004779893485714,0.005907933942859999,0.00013586262856993877,2
66,1778479776504,0.004943693485714,0.006508533942859999,-8.437371430047337e-06,2
67,1778479776506,0.004943693485714,0.006508533942859999,-8.437371430047337e-06,2
68,1778479776509,0.004943693485714,0.006508533942859999,-8.437371430047337e-06,2
69,1778479776511,0.004678493485714,0.007272933942859999,0.0005336626285699425,2
70,1778479776514,0.004678493485714,0.007272933942859999,0.0005336626285699425,2
71,1778479776516,0.004678493485714,0.007272933942859999,0.0005336626285699425,2
72,1778479776518,0.004678493485714,0.007272933942859999,0.0005336626285699425,2
73,1778479776521,0.004475693485714,0.00901233394286,0.0004907626285699856,2
74,1778479776523,0.004475693485714,0.00901233394286,0.0004907626285699856,2
75,1778479776525,0.004475693485714,0.00901233394286,0.0004907626285699856,2
76,1778479776528,0.003282293485714,0.01030323394286,-0.0007962373714300525,2
77,1778479776530,0.003282293485714,0.01030323394286,-0.0007962373714300525,2
78,1778479776532,0.003282293485714,0.01030323394286,-0.0007962373714300525,2
79,1778479776535,0.003282293485714,0.01030323394286,0.0007832626285700145,2
80,1778479776537,0.005220593485714,0.008817333942859999,0.0007832626285700145,2
81,1778479776539,0.005220593485714,0.008817333942859999,0.0007832626285700145,2
82,1778479776542,0.005220593485714,0.008817333942859999,0.0007832626285700145,2
83,1778479776544,0.005520893485714,0.00694533394286,0.0005219626285699946,2
84,1778479776547,0.005520893485714,0.00694533394286,0.0005219626285699946,2
85,1778479776549,0.005520893485714,0.00694533394286,0.0005219626285699946,2
86,1778479776551,0.004385993485714,0.006629433942859999,0.00040496262856996087,2
87,1778479776554,0.004385993485714,0.006629433942859999,0.00040496262856996087,2
88,1778479776556,0.004385993485714,0.006629433942859999,0.00040496262856996087,2
89,1778479776558,0.004385993485714,0.006629433942859999,0.00040496262856996087,2
90,1778479776561,0.005076293485714,0.006173133942859999,-0.0005856373714299918,2
91,1778479776563,0.005076293485714,0.006173133942859999,-0.0005856373714299918,2
92,1778479776565,0.005076293485714,0.006173133942859999,-0.0005856373714299918,2
93,1778479776568,0.004787693485714,0.008817333942859999,-0.0002229373714300537,2
94,1778479776570,0.004787693485714,0.008817333942859999,-0.0002229373714300537,2
95,1778479776573,0.004787693485714,0.008817333942859999,-0.0002229373714300537,2
96,1778479776575,0.004787693485714,0.008817333942859999,0.0003659626285699496,2
97,1778479776577,0.004826693485714,0.01035003394286,0.0003659626285699496,2
98,1778479776580,0.004826693485714,0.01035003394286,0.0003659626285699496,2
99,1778479776582,0.004826693485714,0.01035003394286,0.0003659626285699496,2
100,1778479776584,0.004608293485714,0.00987033394286,9.296262856998191e-05,2
101,1778479776587,0.004608293485714,0.00987033394286,9.296262856998191e-05,2
102,1778479776589,0.004608293485714,0.00987033394286,9.296262856998191e-05,2
103,1778479776591,0.005115293485714,0.007428933942859999,0.0005219626285699946,2
104,1778479776594,0.005115293485714,0.007428933942859999,0.0005219626285699946,2
105,1778479776596,0.005115293485714,0.007428933942859999,0.0005219626285699946,2
106,1778479776599,0.005115293485714,0.007428933942859999,0.0005219626285699946,2
107,1778479776601,0.005107493485714,0.005677833942859999,7.736262856997741e-05,2
108,1778479776603,0.005107493485714,0.005677833942859999,7.736262856997741e-05,2
109,1778479776606,0.005107493485714,0.005677833942859999,7.736262856997741e-05,2
110,1778479776608,0.004998293485714,0.005529633942859999,-3.9637371430056335e-05,2
111,1778479776610,0.004998293485714,0.005529633942859999,-3.9637371430056335e-05,2
112,1778479776613,0.004998293485714,0.005529633942859999,-3.9637371430056335e-05,2
113,1778479776615,0.004998293485714,0.005529633942859999,5.396262856997066e-05,2
114,1778479776617,0.004850093485714,0.00689073394286,5.396262856997066e-05,2
115,1778479776620,0.004850093485714,0.00689073394286,5.396262856997066e-05,2
116,1778479776622,0.004850093485714,0.00689073394286,5.396262856997066e-05,2
117,1778479776624,0.004900793485714,0.00866523394286,0.0004712626285700355,2
118,1778479776627,0.004900793485714,0.00866523394286,0.0004712626285700355,2
119,1778479776629,0.004900793485714,0.00866523394286,0.0004712626285700355,2
120,1778479776632,0.004491293485714,0.01048263394286,5.396262856997066e-05,2
121,1778479776634,0.004491293485714,0.01048263394286,5.396262856997066e-05,2
122,1778479776636,0.004491293485714,0.01048263394286,5.396262856997066e-05,2
123,1778479776639,0.004491293485714,0.01048263394286,5.396262856997066e-05,2
124,1778479776641,0.004561493485714,0.00951933394286,0.00012026262856993427,2
0,1778479776653,0.004518593485714,0.00682443394286,-0.0003204373714300263,2
1,1778479776655,0.004518593485714,0.00682443394286,-1.6237371430049587e-05,2
2,1778479776657,0.004506893485714,0.00555693394286,-1.6237371430049587e-05,2
3,1778479776660,0.004506893485714,0.00555693394286,-1.6237371430049587e-05,2
4,1778479776662,0.004506893485714,0.00555693394286,-1.6237371430049587e-05,2
5,1778479776665,0.004569293485714,0.006017133942859999,0.0007208626285699965,2
6,1778479776667,0.004569293485714,0.006017133942859999,0.0007208626285699965,2
7,1778479776669,0.004569293485714,0.006017133942859999,0.0007208626285699965,2
8,1778479776672,0.004491293485714,0.00803343394286,-0.0002268373714299993,2
9,1778479776674,0.004491293485714,0.00803343394286,-0.0002268373714299993,2
10,1778479776676,0.004491293485714,0.00803343394286,-0.0002268373714299993,2
11,1778479776679,0.004491293485714,0.00803343394286,-0.0002268373714299993,2
12,1778479776708,0.004358693485714,0.00984693394286,-0.00021513737143005144,2
13,1778479776711,0.005587193485714,0.00598983394286,-0.000531037371429976,2
14,1778479776767,0.004463993485714,0.006173133942859999,-5.13373714300042e-05,2
15,1778479776769,0.004916393485714,0.00554913394286,0.0004127626285699631,2
16,1778479776772,0.004916393485714,0.00554913394286,0.0004127626285699631,2
17,1778479776774,0.004916393485714,0.00554913394286,0.0004127626285699631,2
18,1778479776777,0.004378193485714,0.00728853394286,-9.033737143001545e-05,2
19,1778479776779,0.004378193485714,0.00728853394286,-9.033737143001545e-05,2
20,1778479776781,0.004378193485714,0.00728853394286,-9.033737143001545e-05,2
21,1778479776784,0.004378193485714,0.00944913394286,-0.00027753737143006944,2
22,1778479776787,0.004011593485714,0.00944913394286,-0.00027753737143006944,2
23,1778479776790,0.004011593485714,0.00944913394286,-0.00027753737143006944,2
24,1778479776792,0.004300193485714,0.01029933394286,0.0001553626285699999,2
25,1778479776794,0.004300193485714,0.01029933394286,0.0001553626285699999,2
26,1778479776797,0.004300193485714,0.01029933394286,0.0001553626285699999,2
27,1778479776799,0.004300193485714,0.01029933394286,0.0001553626285699999,2
28,1778479776801,0.004499093485714,0.00891873394286,0.0005687626285700081,2
29,1778479776804,0.004499093485714,0.00891873394286,0.0005687626285700081,2
30,1778479776806,0.004499093485714,0.00891873394286,0.0005687626285700081,2
31,1778479776808,0.005021693485714,0.006726933942859999,-7.083737143006533e-05,2
32,1778479776811,0.005021693485714,0.006726933942859999,-7.083737143006533e-05,2
33,1778479776813,0.005021693485714,0.006726933942859999,-7.083737143006533e-05,2
34,1778479776816,0.005021693485714,0.006726933942859999,-1.6237371430049587e-05,2
35,1778479776818,0.005462393485714,0.00493683394286,-1.6237371430049587e-05,2
36,1778479776820,0.005462393485714,0.00493683394286,-1.6237371430049587e-05,2
37,1778479776823,0.005462393485714,0.00493683394286,-1.6237371430049587e-05,2
38,1778479776825,0.005130893485714,0.00607953394286,2.276262856996166e-05,2
39,1778479776827,0.005130893485714,0.00607953394286,2.276262856996166e-05,2
40,1778479776830,0.005130893485714,0.00607953394286,2.276262856996166e-05,2
41,1778479776832,0.004881293485714,0.00813093394286,0.000798862628570019,2
42,1778479776834,0.004881293485714,0.00813093394286,0.000798862628570019,2
43,1778479776837,0.004881293485714,0.00813093394286,0.000798862628570019,2
44,1778479776839,0.004881293485714,0.00813093394286,0.000798862628570019,2
45,1778479776842,0.004495193485714,0.010139433942859998,-0.0002931373714299629,2
46,1778479776844,0.004495193485714,0.010139433942859998,-0.0002931373714299629,2
47,1778479776846,0.004495193485714,0.010139433942859998,-0.0002931373714299629,2
48,1778479776849,0.004580993485714,0.01000293394286,-0.00023073737143005594,2
49,1778479776851,0.004580993485714,0.01000293394286,-0.00023073737143005594,2
50,1778479776853,0.004580993485714,0.01000293394286,-0.00023073737143005594,2
51,1778479776856,0.004580993485714,0.01000293394286,0.00017876262857000665,2
52,1778479776858,0.004787693485714,0.00841173394286,0.00017876262857000665,2
53,1778479776860,0.004787693485714,0.00841173394286,0.00017876262857000665,2
54,1778479776863,0.004787693485714,0.00841173394286,0.00017876262857000665,2
55,1778479776865,0.005072393485714,0.0060600339428599995,0.0005843626285700126,2
56,1778479776867,0.005072393485714,0.0060600339428599995,0.0005843626285700126,2
57,1778479776870,0.005072393485714,0.0060600339428599995,0.0005843626285700126,2
58,1778479776872,0.004768193485714,0.00539313394286,8.90626285700363e-05,2
59,1778479776875,0.004768193485714,0.00539313394286,8.90626285700363e-05,2
60,1778479776877,0.004768193485714,0.00539313394286,8.90626285700363e-05,2
61,1778479776879,0.004768193485714,0.00539313394286,8.90626285700363e-05,2
62,1778479776882,0.004729193485714,0.00646953394286,0.00021386262856996126,2
63,1778479776884,0.004729193485714,0.00646953394286,0.00021386262856996126,2
64,1778479776887,0.004729193485714,0.00646953394286,0.00021386262856996126,2
65,1778479776889,0.004346993485714,0.008692533942859999,0.0005531626285700036,2
66,1778479776892,0.004346993485714,0.008692533942859999,0.0005531626285700036,2
67,1778479776894,0.004346993485714,0.008692533942859999,0.0005531626285700036,2
68,1778479776896,0.004413293485714,0.010236933942859999,6.566262857002955e-05,2
69,1778479776899,0.004413293485714,0.010236933942859999,6.566262857002955e-05,2
70,1778479776901,0.004413293485714,0.010236933942859999,6.566262857002955e-05,2
71,1778479776903,0.004413293485714,0.010236933942859999,6.566262857002955e-05,2
72,1778479776906,0.004545893485714,0.009429633942859998,-0.00013713737143002894,2
73,1778479776908,0.004545893485714,0.009429633942859998,-0.00013713737143002894,2
74,1778479776911,0.004545893485714,0.009429633942859998,-0.00013713737143002894,2
75,1778479776913,0.004787693485714,0.007116933942859999,-0.00033213737142997416,2
76,1778479776915,0.004787693485714,0.007116933942859999,-0.00033213737142997416,2
77,1778479776918,0.004787693485714,0.007116933942859999,-0.00033213737142997416,2
78,1778479776920,0.004787693485714,0.007116933942859999,0.0005453626285700014,2
79,1778479776922,0.004970993485714,0.005619333942859999,0.0005453626285700014,2
80,1778479776925,0.004970993485714,0.005619333942859999,0.0005453626285700014,2
81,1778479776927,0.004970993485714,0.005619333942859999,0.0005453626285700014,2
82,1778479776929,0.004744793485714,0.006262833942859999,-0.00021513737143005144,2
83,1778479776932,0.004744793485714,0.006262833942859999,-0.00021513737143005144,2
84,1778479776934,0.004744793485714,0.006262833942859999,-0.00021513737143005144,2
85,1778479776936,0.004998293485714,0.007226133942859999,0.0004595626285699766,2
86,1778479776939,0.004998293485714,0.007226133942859999,0.0004595626285699766,2
87,1778479776941,0.004998293485714,0.007226133942859999,0.0004595626285699766,2
88,1778479776944,0.004998293485714,0.007226133942859999,0.0004595626285699766,2
89,1778479776946,0.004350893485714,0.009729933942859998,3.2626285700115484e-06,2
90,1778479776948,0.004350893485714,0.009729933942859998,3.2626285700115484e-06,2
91,1778479776951,0.004350893485714,0.009729933942859998,3.2626285700115484e-06,2
92,1778479776953,0.004908593485714,0.01004973394286,0.0002021626285700134,2
93,1778479776955,0.004908593485714,0.01004973394286,0.0002021626285700134,2
94,1778479776958,0.004908593485714,0.01004973394286,0.0002021626285700134,2
95,1778479776960,0.004908593485714,0.01004973394286,1.1062628570013798e-05,2
96,1778479776962,0.004857893485714,0.009070833942859999,1.1062628570013798e-05,2
97,1778479776965,0.004857893485714,0.009070833942859999,1.1062628570013798e-05,2
98,1778479776967,0.004857893485714,0.009070833942859999,1.1062628570013798e-05,2
99,1778479776969,0.005680793485714,0.00664503394286,8.126262857003404e-05,2
100,1778479776972,0.005680793485714,0.00664503394286,8.126262857003404e-05,2
101,1778479776974,0.005680793485714,0.00664503394286,8.126262857003404e-05,2
102,1778479776977,0.005349293485714,0.005751933942859999,0.00011246262856993202,2
103,1778479776979,0.005349293485714,0.005751933942859999,0.00011246262856993202,2
104,1778479776981,0.005349293485714,0.005751933942859999,0.00011246262856993202,2
105,1778479776984,0.005349293485714,0.005751933942859999,0.00011246262856993202,2
106,1778479776986,0.005033393485714,0.00634473394286,0.00036986262857000626,2
107,1778479776988,0.005033393485714,0.00634473394286,0.00036986262857000626,2
108,1778479776991,0.005033393485714,0.00634473394286,0.00036986262857000626,2
109,1778479776993,0.004600493485714,0.00848973394286,0.0004400626285700265,2
110,1778479776995,0.004600493485714,0.00848973394286,0.0004400626285700265,2
111,1778479776998,0.004600493485714,0.00848973394286,0.0004400626285700265,2
112,1778479777000,0.004600493485714,0.00848973394286,-0.00013713737143002894,2
113,1778479777002,0.004229993485714,0.00995223394286,-0.00013713737143002894,2
114,1778479777005,0.004229993485714,0.00995223394286,-0.00013713737143002894,2
115,1778479777007,0.004229993485714,0.00995223394286,-0.00013713737143002894,2
116,1778479777010,0.004296293485714,0.009191733942859999,0.00026066262856997476,2
117,1778479777012,0.004296293485714,0.009191733942859999,0.00026066262856997476,2
118,1778479777014,0.004296293485714,0.009191733942859999,0.00026066262856997476,2
119,1778479777017,0.004073993485714,0.00781503394286,-9.81373714300177e-05,2
120,1778479777019,0.004073993485714,0.00781503394286,-9.81373714300177e-05,2
121,1778479777021,0.004073993485714,0.00781503394286,-9.81373714300177e-05,2
122,1778479777024,0.004073993485714,0.00781503394286,-9.81373714300177e-05,2
123,1778479777026,0.004783793485714,0.005498433942859999,8.126262857003404e-05,2
124,1778479777029,0.004783793485714,0.005498433942859999,8.126262857003404e-05,2
0,1778479777048,0.004651193485714,0.006660633942859999,0.0004595626285699766,2
1,1778479777050,0.004448393485714,0.009371133942859999,-0.0001332373714299723,2
2,1778479777052,0.004448393485714,0.009371133942859999,-0.0001332373714299723,2
3,1778479777055,0.004448393485714,0.009371133942859999,-0.0001332373714299723,2
4,1778479777057,0.004678493485714,0.010139433942859998,0.00038546262857001076,2
5,1778479777059,0.004678493485714,0.010139433942859998,0.00038546262857001076,2
6,1778479777062,0.004678493485714,0.010139433942859998,0.00038546262857001076,2
7,1778479777064,0.004678493485714,0.010139433942859998,-0.0001605373714300357,2
8,1778479777067,0.004604393485714,0.009456933942859999,-0.0001605373714300357,2
9,1778479777069,0.004604393485714,0.009456933942859999,-0.0001605373714300357,2
10,1778479777071,0.004604393485714,0.009456933942859999,-0.0001605373714300357,2
11,1778479777074,0.005435093485714,0.0069258339428599994,0.00020606262856995902,2
12,1778479777101,0.005435093485714,0.0069258339428599994,0.00020606262856995902,2
13,1778479777104,0.005068493485714,0.008095833942859999,0.00016316262857000215,2
14,1778479777158,0.004557593485714,0.00972603394286,0.00046736262856997886,2
15,1778479777161,0.004132493485714,0.00870813394286,0.0005882626285699582,2
16,1778479777163,0.004526393485714,0.009718233942859998,0.0005882626285699582,2
17,1778479777165,0.004526393485714,0.009718233942859998,0.0005882626285699582,2
18,1778479777168,0.004526393485714,0.009718233942859998,0.0005882626285699582,2
19,1778479777170,0.004553693485714,0.00941403394286,9.686262856992752e-05,2
20,1778479777172,0.004553693485714,0.00941403394286,9.686262856992752e-05,2
21,1778479777175,0.004553693485714,0.00941403394286,9.686262856992752e-05,2
22,1778479777177,0.005134793485714,0.007639533942859999,-5.913737143000645e-05,2
23,1778479777179,0.005134793485714,0.007639533942859999,-5.913737143000645e-05,2
24,1778479777182,0.005134793485714,0.007639533942859999,-5.913737143000645e-05,2
25,1778479777184,0.005134793485714,0.007639533942859999,-5.913737143000645e-05,2
26,1778479777187,0.005329793485714,0.00624723394286,-0.0001449373714300312,2
27,1778479777189,0.005329793485714,0.00624723394286,-0.0001449373714300312,2
28,1778479777192,0.005329793485714,0.00624723394286,-0.0001449373714300312,2
29,1778479777194,0.005555993485714,0.00620043394286,-2.793737142999745e-05,2
30,1778479777196,0.005555993485714,0.00620043394286,-2.793737142999745e-05,2
31,1778479777199,0.005555993485714,0.00620043394286,-2.793737142999745e-05,2
32,1778479777201,0.005177693485714,0.00734313394286,0.0001709626285700044,2
33,1778479777203,0.005177693485714,0.00734313394286,0.0001709626285700044,2
34,1778479777206,0.005177693485714,0.00734313394286,0.0001709626285700044,2
35,1778479777208,0.005177693485714,0.00734313394286,0.0001709626285700044,2
36,1778479777211,0.004744793485714,0.00919563394286,8.516262856997966e-05,2
37,1778479777213,0.004744793485714,0.00919563394286,8.516262856997966e-05,2
38,1778479777215,0.004744793485714,0.00919563394286,8.516262856997966e-05,2
39,1778479777218,0.004678493485714,0.00953103394286,0.0001241626285699909,2
40,1778479777220,0.004678493485714,0.00953103394286,0.0001241626285699909,2
41,1778479777222,0.004678493485714,0.00953103394286,0.0001241626285699909,2
42,1778479777225,0.004678493485714,0.00953103394286,-0.0002697373714300672,2
43,1778479777227,0.004616093485714,0.008548233942859999,-0.0002697373714300672,2
44,1778479777230,0.004616093485714,0.008548233942859999,-0.0002697373714300672,2
45,1778479777232,0.004616093485714,0.008548233942859999,-0.0002697373714300672,2
46,1778479777234,0.004861793485714,0.006676233942859999,0.0005219626285699946,2
47,1778479777237,0.004861793485714,0.006676233942859999,0.0005219626285699946,2
48,1778479777239,0.004861793485714,0.006676233942859999,0.0005219626285699946,2
49,1778479777241,0.004752593485714,0.005666133942859999,-0.0002580373714300083,2
50,1778479777244,0.004752593485714,0.005666133942859999,-0.0002580373714300083,2
51,1778479777246,0.004752593485714,0.005666133942859999,-0.0002580373714300083,2
52,1778479777248,0.004752593485714,0.005666133942859999,-0.0002580373714300083,2
53,1778479777251,0.0047642934857140004,0.006083433942859999,0.0005219626285699946,2
54,1778479777253,0.0047642934857140004,0.006083433942859999,0.0005219626285699946,2
55,1778479777255,0.0047642934857140004,0.006083433942859999,0.0005219626285699946,2
56,1778479777258,0.004226093485714,0.008692533942859999,4.616262856996841e-05,2
57,1778479777260,0.004226093485714,0.008692533942859999,4.616262856996841e-05,2
58,1778479777263,0.004226093485714,0.008692533942859999,4.616262856996841e-05,2
59,1778479777265,0.004226093485714,0.008692533942859999,0.0007130626285699942,2
60,1778479777267,0.004549793485714,0.009609033942859998,0.0007130626285699942,2
61,1778479777270,0.004549793485714,0.009609033942859998,0.0007130626285699942,2
62,1778479777272,0.004549793485714,0.009609033942859998,0.0007130626285699942,2
63,1778479777274,0.004491293485714,0.009874233942859998,-6.373714300450875e-07,2
64,1778479777277,0.004491293485714,0.009874233942859998,-6.373714300450875e-07,2
65,1778479777279,0.004491293485714,0.009874233942859998,-6.373714300450875e-07,2
66,1778479777282,0.005045093485714,0.00763173394286,-0.00016833737143003794,2
67,1778479777285,0.005045093485714,0.00763173394286,-0.00016833737143003794,2
68,1778479777287,0.005045093485714,0.00763173394286,-0.00016833737143003794,2
69,1778479777290,0.004846193485714,0.006216033942859999,0.00019436262857001115,2
70,1778479777292,0.004846193485714,0.006216033942859999,0.00019436262857001115,2
71,1778479777294,0.004846193485714,0.006216033942859999,0.00019436262857001115,2
72,1778479777297,0.004846193485714,0.006216033942859999,0.00019436262857001115,2
73,1778479777299,0.004978793485714,0.005763633942859999,-0.00017223737142998356,2
74,1778479777301,0.004978793485714,0.005763633942859999,-0.00017223737142998356,2
75,1778479777304,0.004978793485714,0.005763633942859999,-0.00017223737142998356,2
76,1778479777306,0.005232293485714,0.0072807339428599994,0.0005297626285699969,2
77,1778479777308,0.005232293485714,0.0072807339428599994,0.0005297626285699969,2
78,1778479777311,0.005232293485714,0.0072807339428599994,0.0005297626285699969,2
79,1778479777313,0.005232293485714,0.009172233942859999,0.0002489626285700269,2
80,1778479777316,0.004904693485714,0.009172233942859999,0.0002489626285700269,2
81,1778479777318,0.004904693485714,0.009172233942859999,0.0002489626285700269,2
82,1778479777320,0.004904693485714,0.009172233942859999,0.0002489626285700269,2
83,1778479777323,0.005045093485714,0.00947253394286,0.0007091626285699376,2
84,1778479777325,0.005045093485714,0.00947253394286,0.0007091626285699376,2
85,1778479777327,0.005045093485714,0.00947253394286,0.0007091626285699376,2
86,1778479777330,0.004658993485714,0.009160533942859999,0.00022946262856996576,2
87,1778479777332,0.004658993485714,0.009160533942859999,0.00022946262856996576,2
88,1778479777334,0.004658993485714,0.009160533942859999,0.00022946262856996576,2
89,1778479777337,0.004658993485714,0.009160533942859999,0.00022946262856996576,2
90,1778479777339,0.005048993485714,0.006629433942859999,0.00012806262856993652,2
91,1778479777342,0.005048993485714,0.006629433942859999,0.00012806262856993652,2
92,1778479777344,0.005048993485714,0.006629433942859999,0.00012806262856993652,2
93,1778479777346,0.004549793485714,0.005884533942859999,7.736262856997741e-05,2
94,1778479777349,0.004549793485714,0.005884533942859999,7.736262856997741e-05,2
95,1778479777351,0.004549793485714,0.005884533942859999,7.736262856997741e-05,2
96,1778479777353,0.004549793485714,0.006040533942859999,0.00022166262856996351,2
97,1778479777356,0.004666793485714,0.006040533942859999,0.00022166262856996351,2
98,1778479777358,0.004666793485714,0.006040533942859999,0.00022166262856996351,2
99,1778479777360,0.004666793485714,0.006040533942859999,0.00022166262856996351,2
100,1778479777363,0.004307993485714,0.00816603394286,-0.00010983737142996556,2
101,1778479777365,0.004307993485714,0.00816603394286,-0.00010983737142996556,2
102,1778479777367,0.004307993485714,0.00816603394286,-0.00010983737142996556,2
103,1778479777370,0.004245593485714,0.009624633942859999,0.0003113626285699339,2
104,1778479777372,0.004245593485714,0.009624633942859999,0.0003113626285699339,2
105,1778479777375,0.004245593485714,0.009624633942859999,0.0003113626285699339,2
106,1778479777377,0.004245593485714,0.009624633942859999,0.0003113626285699339,2
107,1778479777379,0.004385993485714,0.009889833942859999,-0.00015273737143003344,2
108,1778479777382,0.004385993485714,0.009889833942859999,-0.00015273737143003344,2
109,1778479777384,0.004385993485714,0.009889833942859999,-0.00015273737143003344,2
110,1778479777386,0.005056793485714,0.008193333942859999,0.0002645626285700314,2
111,1778479777389,0.005056793485714,0.008193333942859999,0.0002645626285700314,2
112,1778479777391,0.005056793485714,0.008193333942859999,0.0002645626285700314,2
113,1778479777393,0.005056793485714,0.006461733942859999,-5.913737143000645e-05,2
114,1778479777396,0.005150393485714,0.006461733942859999,-5.913737143000645e-05,2
115,1778479777398,0.005150393485714,0.006461733942859999,-5.913737143000645e-05,2
116,1778479777401,0.005150393485714,0.006461733942859999,-5.913737143000645e-05,2
117,1778479777403,0.005275193485714,0.005541333942859999,0.00027236262857003365,2
118,1778479777405,0.005275193485714,0.005541333942859999,0.00027236262857003365,2
