0,1719349355358,-0.00030317819999999863,0.0001415856000000007,-3.283799999970541e-06,1
1,1719349355360,-0.00030317819999999863,0.0001415856000000007,-3.283799999970541e-06,1
2,1719349355363,-0.00030317819999999863,0.0001454856000000001,-0.00011638380000005867,1
3,1719349355365,-0.000256378199999999,0.0001454856000000001,-0.00011638380000005867,1
4,1719349355367,-0.000256378199999999,0.0001454856000000001,-0.00011638380000005867,1
5,1719349355370,-0.000256378199999999,0.0001454856000000001,-0.00011638380000005867,1
6,1719349355372,-0.000307078199999998,4.4085600000000336e-05,-0.00030358380000000164,1
7,1719349355375,-0.000307078199999998,4.4085600000000336e-05,-0.00030358380000000164,1
8,1719349355377,-0.000307078199999998,4.4085600000000336e-05,-0.00030358380000000164,1
9,1719349355381,-0.00010427819999999852,2.458560000000165e-05,-0.00021388380000003128,1
10,1719349355410,-0.00011207819999999903,2.458560000000165e-05,-1.888379999997504e-05,1
11,1719349355413,-0.00021737819999999818,0.0001376856000000013,-8.128379999999304e-05,1
12,1719349355415,-0.00021737819999999818,0.0001376856000000013,-8.128379999999304e-05,1
13,1719349355417,-0.00021737819999999818,0.0001376856000000013,-8.128379999999304e-05,1
14,1719349355478,-0.0002797781999999988,8.698560000000057e-05,-0.00010078380000005417,1
15,1719349355481,-0.0002797781999999988,8.698560000000057e-05,-0.00010078380000005417,1
16,1719349355483,-0.00022907819999999808,0.00016888560000000163,-0.0001865837999999679,1
17,1719349355486,-0.00022907819999999808,0.00016888560000000163,-0.0001865837999999679,1
18,1719349355488,-0.00022907819999999808,0.00016888560000000163,-0.0001865837999999679,1
19,1719349355490,-0.00022907819999999808,0.00017278560000000102,-0.0001865837999999679,1
20,1719349355493,-0.00022907819999999808,0.00017278560000000102,-0.0001865837999999679,1
21,1719349355495,-0.00022907819999999808,0.00017278560000000102,-0.0001865837999999679,1
22,1719349355497,-0.00022907819999999808,0.00017278560000000102,-0.0001865837999999679,1
23,1719349355500,-0.00031487819999999854,7.138560000000127e-05,-8.518380000004967e-05,1
24,1719349355502,-0.00031487819999999854,7.138560000000127e-05,-8.518380000004967e-05,1
25,1719349355504,-0.00031487819999999854,7.138560000000127e-05,-8.518380000004967e-05,1
26,1719349355507,-6.137819999999829e-05,3.238560000000043e-05,0.00032821619999995853,1
27,1719349355509,-6.137819999999829e-05,3.238560000000043e-05,0.00032821619999995853,1
28,1719349355512,-6.137819999999829e-05,3.238560000000043e-05,0.00032821619999995853,1
29,1719349355514,-6.137819999999829e-05,4.0185600000000946e-05,0.00013711619999995893,1
30,1719349355516,-0.00030317819999999863,4.0185600000000946e-05,0.00013711619999995893,1
31,1719349355519,-0.00030317819999999863,4.0185600000000946e-05,0.00013711619999995893,1
32,1719349355521,-0.00030317819999999863,4.0185600000000946e-05,0.00013711619999995893,1
33,1719349355523,-0.0002602781999999984,-4.171439999999839e-05,1.6216199999979572e-05,1
34,1719349355526,-0.0002602781999999984,-4.171439999999839e-05,1.6216199999979572e-05,1
35,1719349355528,-0.0002602781999999984,-4.171439999999839e-05,1.6216199999979572e-05,1
36,1719349355530,-0.00017447819999999795,0.00011038560000000038,1.2316200000033958e-05,1
37,1719349355533,-0.00017447819999999795,0.00011038560000000038,1.2316200000033958e-05,1
38,1719349355535,-0.00017447819999999795,0.00011038560000000038,1.2316200000033958e-05,1
39,1719349355538,-0.00017447819999999795,0.00011038560000000038,-0.00013198380000006317,1
40,1719349355540,-0.00024077819999999799,0.00041068560000000025,-0.00013198380000006317,1
41,1719349355542,-0.00024077819999999799,0.00041068560000000025,-0.00013198380000006317,1
42,1719349355545,-0.00024077819999999799,0.00041068560000000025,-0.00013198380000006317,1
43,1719349355547,-0.0002797781999999988,3.238560000000043e-05,0.00011371619999995218,1
44,1719349355549,-0.0002797781999999988,3.238560000000043e-05,0.00011371619999995218,1
45,1719349355552,-0.0002797781999999988,3.238560000000043e-05,0.00011371619999995218,1
46,1719349355554,-0.0002095781999999994,0.00018448560000000093,0.0003360161999999608,1
47,1719349355556,-0.0002095781999999994,0.00018448560000000093,0.0003360161999999608,1
48,1719349355559,-0.0002095781999999994,0.00018448560000000093,0.0003360161999999608,1
49,1719349355561,-0.0002095781999999994,0.00018448560000000093,0.0003360161999999608,1
50,1719349355564,-0.00014327819999999936,3.238560000000043e-05,8.251619999994318e-05,1
51,1719349355566,-0.00014327819999999936,3.238560000000043e-05,8.251619999994318e-05,1
52,1719349355568,-0.00014327819999999936,3.238560000000043e-05,8.251619999994318e-05,1
53,1719349355571,-0.0002680781999999989,-3.0014399999998484e-05,-0.000299683800000056,1
54,1719349355573,-0.0002680781999999989,-3.0014399999998484e-05,-0.000299683800000056,1
55,1719349355575,-0.0002680781999999989,-3.0014399999998484e-05,-0.000299683800000056,1
56,1719349355578,-0.0002680781999999989,2.458560000000165e-05,-1.108379999997279e-05,1
57,1719349355580,-0.0002368781999999986,2.458560000000165e-05,-1.108379999997279e-05,1
58,1719349355582,-0.0002368781999999986,2.458560000000165e-05,-1.108379999997279e-05,1
59,1719349355585,-0.0002368781999999986,2.458560000000165e-05,-1.108379999997279e-05,1
60,1719349355587,-0.0002212781999999993,0.0001649856000000005,5.521619999999082e-05,1
61,1719349355590,-0.0002212781999999993,0.0001649856000000005,5.521619999999082e-05,1
62,1719349355592,-0.0002212781999999993,0.0001649856000000005,5.521619999999082e-05,1
63,1719349355594,-0.00017057819999999856,9.478560000000108e-05,0.00025021619999993604,1
64,1719349355597,-0.00017057819999999856,9.478560000000108e-05,0.00025021619999993604,1
65,1719349355599,-0.00017057819999999856,9.478560000000108e-05,0.00025021619999993604,1
66,1719349355601,-0.00017057819999999856,9.478560000000108e-05,0.0002268161999999293,1
67,1719349355604,-0.00030317819999999863,0.00019228560000000144,0.0002268161999999293,1
68,1719349355606,-0.00030317819999999863,0.00019228560000000144,0.0002268161999999293,1
69,1719349355608,-0.00030317819999999863,0.00019228560000000144,0.0002268161999999293,1
70,1719349355611,-0.0002251781999999987,0.0002585856000000015,7.081619999999532e-05,1
71,1719349355613,-0.0002251781999999987,0.0002585856000000015,7.081619999999532e-05,1
72,1719349355616,-0.0002251781999999987,0.0002585856000000015,7.081619999999532e-05,1
73,1719349355618,-0.0002953781999999981,1.6785600000001136e-05,-0.0003269838000000084,1
74,1719349355620,-0.0002953781999999981,1.6785600000001136e-05,-0.0003269838000000084,1
75,1719349355623,-0.0002953781999999981,1.6785600000001136e-05,-0.0003269838000000084,1
76,1719349355625,-0.0002953781999999981,1.6785600000001136e-05,-0.0003269838000000084,1
77,1719349355627,-0.00010037819999999913,0.00012208560000000028,-0.00010468379999999979,1
78,1719349355630,-0.00010037819999999913,0.00012208560000000028,-0.00010468379999999979,1
79,1719349355632,-0.00010037819999999913,0.00012208560000000028,-0.00010468379999999979,1
80,1719349355634,-0.00031487819999999854,5.578560000000024e-05,-0.00041668379999997875,1
81,1719349355637,-0.00031487819999999854,5.578560000000024e-05,-0.00041668379999997875,1
82,1719349355639,-0.00031487819999999854,5.578560000000024e-05,-0.00041668379999997875,1
83,1719349355642,-0.00031487819999999854,0.0001532856000000006,-0.00025288380000004253,1
84,1719349355644,-0.00016277819999999804,0.0001532856000000006,-0.00025288380000004253,1
85,1719349355646,-0.00016277819999999804,0.0001532856000000006,-0.00025288380000004253,1
86,1719349355649,-0.00016277819999999804,0.0001532856000000006,-0.00025288380000004253,1
87,1719349355651,-0.0002368781999999986,0.0001571856,4.741619999998857e-05,1
88,1719349355653,-0.0002368781999999986,0.0001571856,4.741619999998857e-05,1
89,1719349355656,-0.0002368781999999986,0.0001571856,4.741619999998857e-05,1
90,1719349355658,-7.697819999999932e-05,0.0001298856000000008,-0.000299683800000056,1
91,1719349355660,-7.697819999999932e-05,0.0001298856000000008,-0.000299683800000056,1
92,1719349355663,-7.697819999999932e-05,0.000129