0,1772083448040,-0.00014380525713999885,-8.310342857100004e-05,0.0004099590857099362,1
1,1772083448043,4.394742860000522e-06,-0.00016110342857100004,0.00026955908571000674,1
2,1772083448045,4.394742860000522e-06,-0.00016110342857100004,0.00026955908571000674,1
3,1772083448047,4.394742860000522e-06,-0.00016110342857100004,0.00026955908571000674,1
4,1772083448050,-5.4105257139999e-05,-0.00013380342857100002,0.00023835908570999775,1
5,1772083448052,-5.4105257139999e-05,-0.00013380342857100002,0.00023835908570999775,1
6,1772083448084,-1.1205257139998773e-05,-5.190342857100004e-05,0.0003241590857100225,1
7,1772083448087,7.849474286000108e-05,0.00010409657142899996,0.00031635908571002024,1
8,1772083448089,7.849474286000108e-05,3.779657142899997e-05,0.00038655908570992947,1
9,1772083448092,-6.970525714000003e-05,3.779657142899997e-05,0.00038655908570992947,1
10,1772083448152,-2.6805257139999802e-05,-4.8003428571e-05,0.00020715908570998875,1
11,1772083448155,5.119474286000014e-05,6.596571428999973e-06,0.00026955908571000674,1
12,1772083448157,5.119474286000014e-05,6.596571428999973e-06,0.00026955908571000674,1
13,1772083448160,5.119474286000014e-05,6.596571428999973e-06,0.00026955908571000674,1
14,1772083448162,0.00014089474286,-5.10342857100004e-06,0.0002032590857099321,1
15,1772083448164,0.00014089474286,-5.10342857100004e-06,0.0002032590857099321,1
16,1772083448167,0.00014089474286,-5.10342857100004e-06,0.0002032590857099321,1
17,1772083448169,-3.4052571399999926e-06,4.5596571429e-05,0.00025395908571000225,1
18,1772083448172,-3.4052571399999926e-06,4.5596571429e-05,0.00025395908571000225,1
19,1772083448174,-3.4052571399999926e-06,4.5596571429e-05,0.00025395908571000225,1
20,1772083448176,-3.4052571399999926e-06,4.5596571429e-05,0.00025395908571000225,1
21,1772083448179,2.3894742860000942e-05,8.849657142899996e-05,0.000183759085709982,1
22,1772083448181,2.3894742860000942e-05,8.849657142899996e-05,0.000183759085709982,1
23,1772083448183,2.3894742860000942e-05,8.849657142899996e-05,0.000183759085709982,1
24,1772083448186,-8.140525713999994e-05,-7.530342857100001e-05,0.00033585908570997035,1
25,1772083448188,-8.140525713999994e-05,-7.530342857100001e-05,0.00033585908570997035,1
26,1772083448190,-8.140525713999994e-05,-7.530342857100001e-05,0.00033585908570997035,1
27,1772083448193,-8.140525713999994e-05,1.8296571428999986e-05,0.0002968590857099591,1
28,1772083448195,-9.310525713999984e-05,1.8296571428999986e-05,0.0002968590857099591,1
29,1772083448197,-9.310525713999984e-05,1.8296571428999986e-05,0.0002968590857099591,1
30,1772083448200,-9.310525713999984e-05,1.8296571428999986e-05,0.0002968590857099591,1
31,1772083448202,1.9994742859999817e-05,4.9496571428999986e-05,5.8959085709946006e-05,1
32,1772083448204,1.9994742859999817e-05,4.9496571428999986e-05,5.8959085709946006e-05,1
33,1772083448207,1.9994742859999817e-05,4.9496571428999986e-05,5.8959085709946006e-05,1
34,1772083448209,-6.970525714000003e-05,-0.00014940342857100002,0.000277359085710009,1
35,1772083448211,-6.970525714000003e-05,-0.00014940342857100002,0.000277359085710009,1
36,1772083448214,-6.970525714000003e-05,-0.00014940342857100002,0.000277359085710009,1
37,1772083448216,-6.970525714000003e-05,-0.00014940342857100002,0.000277359085710009,1
38,1772083448219,-6.970525714000003e-05,3.779657142899997e-05,0.0004918590857100153,1
39,1772083448221,-6.970525714000003e-05,3.779657142899997e-05,0.0004918590857100153,1
40,1772083448223,-6.970525714000003e-05,3.779657142899997e-05,0.0004918590857100153,1
41,1772083448226,-6.970525714000003e-05,6.596571428999973e-06,0.00027345908570995236,1
42,1772083448228,-6.970525714000003e-05,6.596571428999973e-06,0.00027345908570995236,1
43,1772083448230,-6.970525714000003e-05,6.596571428999973e-06,0.00027345908570995236,1
44,1772083448233,-6.970525714000003e-05,4.5596571429e-05,0.00027345908570995236,1
45,1772083448238,-8.920525713999872e-05,4.5596571429e-05,0.00027345908570995236,1
46,1772083448241,4.339474286000136e-05,0.000107996571429,0.00021105908570993436,1
47,1772083448243,4.339474286000136e-05,0.000107996571429,0.00021105908570993436,1
48,1772083448246,4.339474286000136e-05,0.000107996571429,0.00021105908570993436,1
49,1772083448248,4.339474286000136e-05,0.000107996571429,0.00021105908570993436,1
50,1772083448250,2.7794742860000332e-05,-0.00017280342857100002,0.0002305590857099955,1
51,1772083448253,2.7794742860000332e-05,-0.00017280342857100002,0.0002305590857099955,1
52,1772083448255,2.7794742860000332e-05,-0.00017280342857100002,0.0002305590857099955,1
53,1772083448257,5.119474286000014e-05,-6.360342857100005e-05,0.000121359085709964,1
54,1772083448260,5.119474286000014e-05,-6.360342857100005e-05,0.000121359085709964,1
55,1772083448262,5.119474286000014e-05,-6.360342857100005e-05,0.000121359085709964,1
56,1772083448265,5.119474286000014e-05,-3.2403428571000053e-05,0.0002344590857099411,1
57,1772083448267,-3.4052571399999926e-06,-3.2403428571000053e-05,0.0002344590857099411,1
58,1772083448269,-3.4052571399999926e-06,-3.2403428571000053e-05,0.0002344590857099411,1
59,1772083448272,-3.4052571399999926e-06,-3.2403428571000053e-05,0.0002344590857099411,1
60,1772083448274,8.294742859999912e-06,-8.310342857100004e-05,0.00033585908570997035,1
61,1772083448276,8.294742859999912e-06,-8.310342857100004e-05,0.00033585908570997035,1
62,1772083448279,8.294742859999912e-06,-8.310342857100004e-05,0.00033585908570997035,1
63,1772083448281,-0.00011260525714000026,-6.750342857100004e-05,0.00019545908570992986,1
64,1772083448284,-0.00011260525714000026,-6.750342857100004e-05,0.00019545908570992986,1
65,1772083448286,-0.00011260525714000026,-6.750342857100004e-05,0.00019545908570992986,1
66,1772083448288,-0.00011260525714000026,1.8296571428999986e-05,0.000339759085710027,1
67,1772083448291,-3.850525713999971e-05,1.8296571428999986e-05,0.000339759085710027,1
68,1772083448293,-3.850525713999971e-05,1.8296571428999986e-05,0.000339759085710027,1
69,1772083448295,-3.850525713999971e-05,1.8296571428999986e-05,0.000339759085710027,1
70,1772083448298,0.0001369947428600006,8.849657142899996e-05,0.00017985908571003639,1
71,1772083448300,0.0001369947428600006,8.849657142899996e-05,0.00017985908571003639,1
72,1772083448303,0.0001369947428600006,8.849657142899996e-05,0.00017985908571003639,1
73,1772083448305,0.00011359474286000079,0.00010019657142899997,0.00038265908570998385,1
74,1772083448307,0.00011359474286000079,0.00010019657142899997,0.00038265908570998385,1
75,1772083448310,0.00011359474286000079,0.00010019657142899997,0.00038265908570998385,1
76,1772083448313,0.00021889474285999994,0.00018599657142899994,8.235908570995275e-05,1
77,1772083448316,0.00021889474285999994,0.00018599657142899994,8.235908570995275e-05,1
78,1772083448318,0.00021889474285999994,0.00018599657142899994,8.235908570995275e-05,1
79,1772083448321,7.069474286000056e-05,7.6796571429e-05,1.6059085709989145e-05,1
80,1772083448323,7.069474286000056e-05,7.6796571429e-05,1.6059085709989145e-05,1
81,1772083448325,7.069474286000056e-05,7.6796571429e-05,1.6059085709989145e-05,1
82,1772083448328,7.069474286000056e-05,7.6796571429e-05,0.00021105908570993436,1
83,1772083448330,4.339474286000136e-05,6.899657142899997e-05,0.00021105908570993436,1
84,1772083448333,4.339474286000136e-05,6.899657142899997e-05,0.00021105908570993436,1
85,1772083448335,4.339474286000136e-05,6.899657142899997e-05,0.00021105908570993436,1
86,1772083448337,2.3894742860000942e-05,3.779657142899997e-05,5.1159085709943757e-05,1
87,1772083448340,2.3894742860000942e-05,3.779657142899997e-05,5.1159085709943757e-05,1
88,1772083448342,2.3894742860000942e-05,3.779657142899997e-05,5.1159085709943757e-05,1
89,1772083448344,9.409474286000037e-05,0.000170396571429,0.00042945908570999735,1
90,1772083448347,9.409474286000037e-05,0.000170396571429,0.00042945908570999735,1
91,1772083448349,9.409474286000037e-05,0.000170396571429,0.00042945908570999735,1
92,1772083448352,9.409474286000037e-05,0.000170396571429,0.00042945908570999735,1
93,1772083448354,2.3894742860000942e-05,-1.203428571000054e-06,0.0005776590857099291,1
94,1772083448356,2.3894742860000942e-05,-1.203428571000054e-06,0.0005776590857099291,1
95,1772083448359,2.3894742860000942e-05,-1.203428571000054e-06,0.0005776590857099291,1
96,1772083448361,-0.0001828052571399997,-0.000184503428571,0.000183759085709982,1
97,1772083448363,-0.0001828052571399997,-0.000184503428571,0.000183759085709982,1
98,1772083448366,-0.0001828052571399997,-0.000184503428571,0.000183759085709982,1
99,1772083448368,-0.0001828052571399997,-7.9203428571e-05,0.00024615908571,1
100,1772083448371,-0.0001828052571399997,-7.9203428571e-05,0.00024615908571,1
101,1772083448373,-0.0001828052571399997,-7.9203428571e-05,0.00024615908571,1
102,1772083448375,-0.0001828052571399997,-7.9203428571e-05,0.00024615908571,1
103,1772083448378,-4.24052571399991e-05,-4.0203428571000026e-05,0.00028515908571001124,1
104,1772083448380,-4.24052571399991e-05,-4.0203428571000026e-05,0.00028515908571001124,1
105,1772083448383,-4.24052571399991e-05,-4.0203428571000026e-05,0.00028515908571001124,1
106,1772083448385,-0.00014770525713999998,-5.10342857100004e-06,0.00035145908570997485,1
107,1772083448388,-0.00014770525713999998,-5.10342857100004e-06,0.00035145908570997485,1
108,1772083448390,-0.00014770525713999998,-5.10342857100004e-06,0.00035145908570997485,1
109,1772083448392,-3.850525713999971e-05,0.000170396571429,0.0005347590857099722,1
110,1772083448395,-3.850525713999971e-05,0.000170396571429,0.0005347590857099722,1
111,1772083448397,-3.850525713999971e-05,0.000170396571429,0.0005347590857099722,1
112,1772083448399,-3.850525713999971e-05,0.000170396571429,0.0005347590857099722,1
113,1772083448402,0.0001369947428600006,-4.0203428571000026e-05,0.00024615908571,1
114,1772083448404,0.0001369947428600006,-4.0203428571000026e-05,0.00024615908571,1
115,1772083448407,0.0001369947428600006,-4.0203428571000026e-05,0.00024615908571,1
116,1772083448409,-2.6805257139999802e-05,0.00014699657142899997,0.00014085908571002514,1
117,1772083448411,-2.6805257139999802e-05,0.00014699657142899997,0.00014085908571002514,1
118,1772083448414,-2.6805257139999802e-05,0.00014699657142899997,0.00014085908571002514,1
119,1772083448416,-5.800525714000013e-05,0.000150896571429,0.00014475908570997075,1
120,1772083448418,-5.800525714000013e-05,0.000150896571429,0.00014475908570997075,1
121,1772083448421,-5.800525714000013e-05,0.000150896571429,0.00014475908570997075,1
122,1772083448423,-5.800525714000013e-05,0.000150896571429,0.00014475908570997075,1
123,1772083448426,-6.970525714000003e-05,-1.203428571000054e-06,0.0002617590857100045,1
124,1772083448428,-6.970525714000003e-05,-1.203428571000054e-06,0.0002617590857100045,1
0,1772083448441,0.00014089474286,5.339657142899997e-05,0.0002656590857099501,1
1,1772083448444,0.00014089474286,5.339657142899997e-05,0.0002656590857099501,1
2,1772083448446,0.00014089474286,5.339657142899997e-05,0.0002656590857099501,1
3,1772083448448,3.949474286000024e-05,-0.00020790342857100004,0.0002656590857099501,1
4,1772083448451,3.949474286000024e-05,-0.00020790342857100004,0.0002656590857099501,1
5,1772083448453,3.949474286000024e-05,-0.00020790342857100004,0.0002656590857099501,1
6,1772083448455,3.949474286000024e-05,-0.00020790342857100004,0.00012915908570996625,1
7,1772083448458,-7.750525713999881e-05,-0.00031710342857100003,0.00012915908570996625,1
8,1772083448460,-7.750525713999881e-05,-0.00031710342857100003,0.00012915908570996625,1
9,1772083448463,-7.750525713999881e-05,-0.00031710342857100003,0.00012915908570996625,1
10,1772083448465,7.069474286000056e-05,-0.00011040342857100002,8.259085709986895e-06,1
11,1772083448467,7.069474286000056e-05,-0.00011040342857100002,8.259085709986895e-06,1
12,1772083448470,7.069474286000056e-05,-0.00011040342857100002,8.259085709986895e-06,1
13,1772083448472,-3.070525713999919e-05,3.3896571428999986e-05,0.00033195908571002474,1
14,1772083448474,-3.070525713999919e-05,3.3896571428999986e-05,0.00033195908571002474,1
15,1772083448501,-3.070525713999919e-05,3.3896571428999986e-05,0.00033195908571002474,1
16,1772083448503,4.394742860000522e-06,2.609657142899996e-05,0.00017205908571003414,1
17,1772083448506,-2.6805257139999802e-05,0.000244496571429,0.00011745908571001839,1
18,1772083448555,1.9994742859999817e-05,-7.9203428571e-05,0.00022275908570999325,1
19,1772083448559,-4.630525714000022e-05,-2.8503428571000013e-05,0.00030075908571001574,1
20,1772083448562,9.799474285999976e-05,4.169657142899996e-05,0.00030075908571001574,1
21,1772083448564,9.799474285999976e-05,4.169657142899996e-05,0.00030075908571001574,1
22,1772083448566,9.799474285999976e-05,4.169657142899996e-05,0.00030075908571001574,1
23,1772083448569,0.0002656947428600013,-2.4603428571000026e-05,0.0002032590857099321,1
24,1772083448571,0.0002656947428600013,-2.4603428571000026e-05,0.0002032590857099321,1
25,1772083448574,0.0002656947428600013,-2.4603428571000026e-05,0.0002032590857099321,1
26,1772083448576,5.899474286000066e-05,-1.2903428571000013e-05,0.00011745908571001839,1
27,1772083448578,5.899474286000066e-05,-1.2903428571000013e-05,0.00011745908571001839,1
28,1772083448581,5.899474286000066e-05,-1.2903428571000013e-05,0.00011745908571001839,1
29,1772083448583,5.899474286000066e-05,-1.2903428571000013e-05,0.00017205908571003414,1
30,1772083448585,-1.9005257139999288e-05,-9.003428571000027e-06,0.00017205908571003414,1
31,1772083448588,-1.9005257139999288e-05,-9.003428571000027e-06,0.00017205908571003414,1
32,1772083448590,-1.9005257139999288e-05,-9.003428571000027e-06,0.00017205908571003414,1
33,1772083448592,-0.00015550525713999876,-1.2903428571000013e-05,0.0001876590857099276,1
34,1772083448595,-0.00015550525713999876,-1.2903428571000013e-05,0.0001876590857099276,1
35,1772083448597,-0.00015550525713999876,-1.2903428571000013e-05,0.0001876590857099276,1
36,1772083448600,-1.1205257139998773e-05,2.2196571428999973e-05,0.00010185908571001389,1
37,1772083448602,-1.1205257139998773e-05,2.2196571428999973e-05,0.00010185908571001389,1
38,1772083448604,-1.1205257139998773e-05,2.2196571428999973e-05,0.00010185908571001389,1
39,1772083448607,-1.1205257139998773e-05,2.2196571428999973e-05,0.00010185908571001389,1
40,1772083448609,0.0001213947428600013,5.729657142899996e-05,0.00022665908570993886,1
41,1772083448611,0.0001213947428600013,5.729657142899996e-05,0.00022665908570993886,1
42,1772083448614,0.0001213947428600013,5.729657142899996e-05,0.00022665908570993886,1
43,1772083448616,3.169474285999972e-05,-1.6803428571e-05,0.0005776590857099291,1
44,1772083448619,3.169474285999972e-05,-1.6803428571e-05,0.0005776590857099291,1
45,1772083448621,3.169474285999972e-05,-1.6803428571e-05,0.0005776590857099291,1
46,1772083448623,3.169474285999972e-05,2.2196571428999973e-05,0.00024615908571,1
47,1772083448626,4.339474286000136e-05,2.2196571428999973e-05,0.00024615908571,1
48,1772083448628,4.339474286000136e-05,2.2196571428999973e-05,0.00024615908571,1
49,1772083448630,4.339474286000136e-05,2.2196571428999973e-05,0.00024615908571,1
50,1772083448633,-1.5105257139999897e-05,-0.00011040342857100002,0.0003241590857100225,1
51,1772083448635,-1.5105257139999897e-05,-0.00011040342857100002,0.0003241590857100225,1
52,1772083448638,-1.5105257139999897e-05,-0.00011040342857100002,0.0003241590857100225,1
53,1772083448640,-4.24052571399991e-05,-0.00018840342857100002,0.0001993590857099865,1
54,1772083448642,-4.24052571399991e-05,-0.00018840342857100002,0.0001993590857099865,1
55,1772083448645,-4.24052571399991e-05,-0.00018840342857100002,0.0001993590857099865,1
56,1772083448647,-4.24052571399991e-05,-0.000122103428571,0.00019155908570998425,1
57,1772083448649,2.3894742860000942e-05,-0.000122103428571,0.00019155908570998425,1
58,1772083448652,2.3894742860000942e-05,-0.000122103428571,0.00019155908570998425,1
59,1772083448654,2.3894742860000942e-05,-0.000122103428571,0.00019155908570998425,1
60,1772083448657,-3.850525713999971e-05,-4.8003428571e-05,0.00030075908571001574,1
61,1772083448659,-3.850525713999971e-05,-4.8003428571e-05,0.00030075908571001574,1
62,1772083448661,-3.850525713999971e-05,-4.8003428571e-05,0.00030075908571001574,1
63,1772083448664,4.394742860000522e-06,8.069657142899999e-05,9.795908570995725e-05,1
64,1772083448666,4.394742860000522e-06,8.069657142899999e-05,9.795908570995725e-05,1
65,1772083448669,4.394742860000522e-06,8.069657142899999e-05,9.795908570995725e-05,1
66,1772083448671,4.394742860000522e-06,0.000170396571429,0.00027345908570995236,1
67,1772083448674,-3.460525713999858e-05,0.000170396571429,0.00027345908570995236,1
68,1772083448676,-3.460525713999858e-05,0.000170396571429,0.00027345908570995236,1
69,1772083448678,-3.460525713999858e-05,0.000170396571429,0.00027345908570995236,1
70,1772083448681,5.899474286000066e-05,0.00011189657142899998,0.00042945908570999735,1
71,1772083448683,5.899474286000066e-05,0.00011189657142899998,0.00042945908570999735,1
72,1772083448686,5.899474286000066e-05,0.00011189657142899998,0.00042945908570999735,1
73,1772083448688,-5.020525713999961e-05,-0.00020790342857100004,0.000183759085709982,1
74,1772083448690,-5.020525713999961e-05,-0.00020790342857100004,0.000183759085709982,1
75,1772083448693,-5.020525713999961e-05,-0.00020790342857100004,0.000183759085709982,1
76,1772083448695,9.409474286000037e-05,-2.4603428571000026e-05,0.0001876590857099276,1
77,1772083448697,9.409474286000037e-05,-2.4603428571000026e-05,0.0001876590857099276,1
78,1772083448700,9.409474286000037e-05,-2.4603428571000026e-05,0.0001876590857099276,1
79,1772083448702,9.409474286000037e-05,-2.4603428571000026e-05,0.0001876590857099276,1
80,1772083448705,-0.00011260525714000026,2.2196571428999973e-05,0.00025395908571000225,1
81,1772083448707,-0.00011260525714000026,2.2196571428999973e-05,0.00025395908571000225,1
82,1772083448709,-0.00011260525714000026,2.2196571428999973e-05,0.00025395908571000225,1
83,1772083448712,-7.360525713999942e-05,4.5596571429e-05,-4.634091429002885e-05,1
84,1772083448714,-7.360525713999942e-05,4.5596571429e-05,-4.634091429002885e-05,1
85,1772083448717,-7.360525713999942e-05,4.5596571429e-05,-4.634091429002885e-05,1
86,1772083448719,-7.305257139999383e-06,4.5596571429e-05,0.00019155908570998425,1
87,1772083448721,-7.305257139999383e-06,4.5596571429e-05,0.00019155908570998425,1
88,1772083448724,-7.305257139999383e-06,4.5596571429e-05,0.00019155908570998425,1
89,1772083448726,-7.305257139999383e-06,4.5596571429e-05,0.00019155908570998425,1
90,1772083448729,-0.00010090525713999862,6.899657142899997e-05,-6.194091429003335e-05,1
91,1772083448731,-0.00010090525713999862,6.899657142899997e-05,-6.194091429003335e-05,1
92,1772083448733,-0.00010090525713999862,6.899657142899997e-05,-6.194091429003335e-05,1
93,1772083448736,7.849474286000108e-05,5.729657142899996e-05,-2.6840914289967717e-05,1
94,1772083448738,7.849474286000108e-05,5.729657142899996e-05,-2.6840914289967717e-05,1
95,1772083448740,7.849474286000108e-05,5.729657142899996e-05,-2.6840914289967717e-05,1
96,1772083448743,7.849474286000108e-05,3.3896571428999986e-05,0.00024615908571,1
97,1772083448745,-0.00012820525713999956,3.3896571428999986e-05,0.00024615908571,1
98,1772083448748,-0.00012820525713999956,3.3896571428999986e-05,0.00024615908571,1
99,1772083448750,-0.00012820525713999956,3.3896571428999986e-05,0.00024615908571,1
100,1772083448752,-7.305257139999383e-06,-7.530342857100001e-05,0.00031635908571002024,1
101,1772083448755,-7.305257139999383e-06,-7.530342857100001e-05,0.00031635908571002024,1
102,1772083448757,-7.305257139999383e-06,-7.530342857100001e-05,0.00031635908571002024,1
103,1772083448759,-0.00012430525714000017,-7.9203428571e-05,0.0002344590857099411,1
104,1772083448762,-0.00012430525714000017,-7.9203428571e-05,0.0002344590857099411,1
105,1772083448764,-0.00012430525714000017,-7.9203428571e-05,0.0002344590857099411,1
106,1772083448767,-0.00012430525714000017,-5.970342857100001e-05,0.00010965908571001614,1
107,1772083448769,-5.4105257139999e-05,-5.970342857100001e-05,0.00010965908571001614,1
108,1772083448771,-5.4105257139999e-05,-5.970342857100001e-05,0.00010965908571001614,1
109,1772083448774,-5.4105257139999e-05,-5.970342857100001e-05,0.00010965908571001614,1
110,1772083448776,8.294742859999912e-06,8.849657142899996e-05,0.000152559085709973,1
111,1772083448778,8.294742859999912e-06,8.849657142899996e-05,0.000152559085709973,1
112,1772083448781,8.294742859999912e-06,8.849657142899996e-05,0.000152559085709973,1
113,1772083448783,-3.850525713999971e-05,1.8296571428999986e-05,0.0001642590857100319,1
114,1772083448786,-3.850525713999971e-05,1.8296571428999986e-05,0.0001642590857100319,1
115,1772083448788,-3.850525713999971e-05,1.8296571428999986e-05,0.0001642590857100319,1
116,1772083448790,-3.850525713999971e-05,1.8296571428999986e-05,0.0001369590857099685,1
117,1772083448793,0.0001642947428599998,0.00012359657142899994,0.0001369590857099685,1
118,1772083448795,0.0001642947428599998,0.00012359657142899994,0.0001369590857099685,1
119,1772083448798,0.0001642947428599998,0.00012359657142899994,0.0001369590857099685,1
120,1772083448800,3.949474286000024e-05,7.6796571429e-05,-3.85409142900266e-05,1
121,1772083448802,3.949474286000024e-05,7.6796571429e-05,-3.85409142900266e-05,1
122,1772083448805,3.949474286000024e-05,7.6796571429e-05,-3.85409142900266e-05,1
123,1772083448807,4.339474286000136e-05,0.00010409657142899996,0.0001330590857100229,1
124,1772083448810,4.339474286000136e-05,0.00010409657142899996,0.0001330590857100229,1
0,1772083448828,-4.24052571399991e-05,-0.00010260342857100003,0.00021105908570993436,1
1,1772083448831,2.3894742860000942e-05,-8.700342857100003e-05,0.00030465908570996136,1
2,1772083448833,2.3894742860000942e-05,-8.700342857100003e-05,0.00030465908570996136,1
3,1772083448835,2.3894742860000942e-05,-8.700342857100003e-05,0.00030465908570996136,1
4,1772083448838,2.3894742860000942e-05,-8.700342857100003e-05,0.00030465908570996136,1
5,1772083448840,4.394742860000522e-06,-0.00019230342857100004,0.00019545908570992986,1
6,1772083448843,4.394742860000522e-06,-0.00019230342857100004,0.00019545908570992986,1
7,1772083448873,-8.920525713999872e-05,0.000107996571429,0.0003553590857100315,1
8,1772083448876,-3.850525713999971e-05,1.8296571428999986e-05,8.625908571000939e-05,1
9,1772083448878,-3.850525713999971e-05,-8.310342857100004e-05,0.00021105908570993436,1
10,1772083448938,6.679474286000117e-05,-3.2403428571000053e-05,0.00015645908571002964,1
11,1772083448941,4.394742860000522e-06,8.069657142899999e-05,0.00017985908571003639,1
12,1772083448943,5.509474286000127e-05,1.8296571428999986e-05,0.000152559085709973,1
13,1772083448945,5.509474286000127e-05,1.8296571428999986e-05,0.000152559085709973,1
14,1772083448948,5.509474286000127e-05,1.8296571428999986e-05,0.000152559085709973,1
15,1772083448950,5.509474286000127e-05,-0.00013380342857100002,5.8959085709946006e-05,1
16,1772083448952,-0.00010090525713999862,-0.00013380342857100002,5.8959085709946006e-05,1
17,1772083448955,-0.00010090525713999862,-0.00013380342857100002,5.8959085709946006e-05,1
18,1772083448957,-0.00010090525713999862,-0.00013380342857100002,5.8959085709946006e-05,1
19,1772083448960,-9.310525713999984e-05,2.2196571428999973e-05,0.00022665908570993886,1
20,1772083448962,-9.310525713999984e-05,2.2196571428999973e-05,0.00022665908570993886,1
21,1772083448964,-9.310525713999984e-05,2.2196571428999973e-05,0.00022665908570993886,1
22,1772083448967,-5.800525714000013e-05,0.00022499657142899991,0.000277359085710009,1
23,1772083448969,-5.800525714000013e-05,0.00022499657142899991,0.000277359085710009,1
24,1772083448971,-5.800525714000013e-05,0.00022499657142899991,0.000277359085710009,1
25,1772083448974,-5.800525714000013e-05,0.00022499657142899991,0.0002968590857099591,1
26,1772083448976,-1.9005257139999288e-05,0.00019769657142899996,0.0002968590857099591,1
27,1772083448979,-1.9005257139999288e-05,0.00019769657142899996,0.0002968590857099591,1
28,1772083448981,-1.9005257139999288e-05,0.00019769657142899996,0.0002968590857099591,1
29,1772083448983,-7.305257139999383e-06,1.4396571429e-05,0.00024615908571,1
30,1772083448986,-7.305257139999383e-06,1.4396571429e-05,0.00024615908571,1
31,1772083448988,-7.305257139999383e-06,1.4396571429e-05,0.00024615908571,1
32,1772083448990,4.947428600011322e-07,6.899657142899997e-05,0.00025785908570994786,1
33,1772083448993,4.947428600011322e-07,6.899657142899997e-05,0.00025785908570994786,1
34,1772083448995,4.947428600011322e-07,6.899657142899997e-05,0.00025785908570994786,1
35,1772083448998,4.947428600011322e-07,6.899657142899997e-05,0.00015645908571002964,1
36,1772083449000,0.00012919474286000009,5.729657142899996e-05,0.00015645908571002964,1
37,1772083449002,0.00012919474286000009,5.729657142899996e-05,0.00015645908571002964,1
38,1772083449005,0.00012919474286000009,5.729657142899996e-05,0.00015645908571002964,1
39,1772083449007,6.679474286000117e-05,3.3896571428999986e-05,0.00016035908570997525,1
40,1772083449009,6.679474286000117e-05,3.3896571428999986e-05,0.00016035908570997525,1
41,1772083449012,6.679474286000117e-05,3.3896571428999986e-05,0.00016035908570997525,1
42,1772083449014,0.00010579474286000028,-4.410342857100001e-05,0.00036705908570997935,1
43,1772083449017,0.00010579474286000028,-4.410342857100001e-05,0.00036705908570997935,1
44,1772083449019,0.00010579474286000028,-4.410342857100001e-05,0.00036705908570997935,1
45,1772083449021,0.00010579474286000028,-4.410342857100001e-05,0.00036705908570997935,1
46,1772083449024,8.294742859999912e-06,-9.480342857100005e-05,0.00015645908571002964,1
47,1772083449026,8.294742859999912e-06,-9.480342857100005e-05,0.00015645908571002964,1
48,1772083449028,8.294742859999912e-06,-9.480342857100005e-05,0.00015645908571002964,1
49,1772083449031,4.729474286000075e-05,-1.2903428571000013e-05,4.359085709930259e-06,1
50,1772083449033,4.729474286000075e-05,-1.2903428571000013e-05,4.359085709930259e-06,1
51,1772083449036,4.729474286000075e-05,-1.2903428571000013e-05,4.359085709930259e-06,1
52,1772083449042,2.7794742860000332e-05,0.00010019657142899997,0.00017595908570997975,1
53,1772083449044,2.7794742860000332e-05,0.00010019657142899997,0.00017595908570997975,1
54,1772083449046,4.339474286000136e-05,9.629657142899998e-05,0.0002188590857099366,1
55,1772083449049,4.339474286000136e-05,9.629657142899998e-05,0.0002188590857099366,1
56,1772083449051,4.339474286000136e-05,9.629657142899998e-05,0.0002188590857099366,1
57,1772083449054,4.339474286000136e-05,4.9496571428999986e-05,5.8959085709946006e-05,1
58,1772083449056,1.6094742860000427e-05,4.9496571428999986e-05,5.8959085709946006e-05,1
59,1772083449058,1.6094742860000427e-05,4.9496571428999986e-05,5.8959085709946006e-05,1
60,1772083449061,1.6094742860000427e-05,4.9496571428999986e-05,5.8959085709946006e-05,1
61,1772083449063,9.409474286000037e-05,1.8296571428999986e-05,0.00025395908571000225,1
62,1772083449065,9.409474286000037e-05,1.8296571428999986e-05,0.00025395908571000225,1
63,1772083449068,9.409474286000037e-05,1.8296571428999986e-05,0.00025395908571000225,1
64,1772083449070,-3.850525713999971e-05,0.000139196571429,0.00014085908571002514,1
65,1772083449073,-3.850525713999971e-05,0.000139196571429,0.00014085908571002514,1
66,1772083449075,-3.850525713999971e-05,0.000139196571429,0.00014085908571002514,1
67,1772083449077,-3.850525713999971e-05,0.000139196571429,0.00025395908571000225,1
68,1772083449080,-6.190525713999952e-05,1.049657142899996e-05,0.00025395908571000225,1
69,1772083449082,-6.190525713999952e-05,1.049657142899996e-05,0.00025395908571000225,1
70,1772083449084,-6.190525713999952e-05,1.049657142899996e-05,0.00025395908571000225,1
71,1772083449087,-3.850525713999971e-05,3.779657142899997e-05,0.0001993590857099865,1
72,1772083449089,-3.850525713999971e-05,3.779657142899997e-05,0.0001993590857099865,1
73,1772083449092,-3.850525713999971e-05,3.779657142899997e-05,0.0001993590857099865,1
74,1772083449094,5.899474286000066e-05,-6.750342857100004e-05,0.00010185908571001389,1
75,1772083449096,5.899474286000066e-05,-6.750342857100004e-05,0.00010185908571001389,1
76,1772083449099,5.899474286000066e-05,-6.750342857100004e-05,0.00010185908571001389,1
77,1772083449101,5.899474286000066e-05,-6.750342857100004e-05,-3.074091429002435e-05,1
78,1772083449104,-7.750525713999881e-05,-5.190342857100004e-05,-3.074091429002435e-05,1
79,1772083449106,-7.750525713999881e-05,-5.190342857100004e-05,-3.074091429002435e-05,1
80,1772083449108,-7.750525713999881e-05,-5.190342857100004e-05,-3.074091429002435e-05,1
81,1772083449111,-4.24052571399991e-05,0.00026789657142899993,0.00011355908570996175,1
82,1772083449113,-4.24052571399991e-05,0.00026789657142899993,0.00011355908570996175,1
83,1772083449115,-4.24052571399991e-05,0.00026789657142899993,0.00011355908570996175,1
84,1772083449118,1.9994742859999817e-05,6.509657142899999e-05,0.00028515908571001124,1
85,1772083449120,1.9994742859999817e-05,6.509657142899999e-05,0.00028515908571001124,1
86,1772083449123,1.9994742859999817e-05,6.509657142899999e-05,0.00028515908571001124,1
87,1772083449125,1.9994742859999817e-05,6.509657142899999e-05,0.00028515908571001124,1
88,1772083449127,0.0001525947428599999,-0.00016500342857100002,0.000214959085709991,1
89,1772083449130,0.0001525947428599999,-0.00016500342857100002,0.000214959085709991,1
90,1772083449132,0.0001525947428599999,-0.00016500342857100002,0.000214959085709991,1
91,1772083449134,0.00010579474286000028,3.779657142899997e-05,0.00028905908570995686,1
92,1772083449137,0.00010579474286000028,3.779657142899997e-05,0.00028905908570995686,1
93,1772083449139,0.00010579474286000028,3.779657142899997e-05,0.00028905908570995686,1
94,1772083449142,-4.24052571399991e-05,0.00016649657142899996,0.00022665908570993886,1
95,1772083449144,-4.24052571399991e-05,0.00016649657142899996,0.00022665908570993886,1
96,1772083449146,-4.24052571399991e-05,0.00016649657142899996,0.00022665908570993886,1
97,1772083449149,-4.24052571399991e-05,0.00016649657142899996,0.00022665908570993886,1
98,1772083449151,7.849474286000108e-05,2.2196571428999973e-05,0.0002305590857099955,1
99,1772083449154,7.849474286000108e-05,2.2196571428999973e-05,0.0002305590857099955,1
100,1772083449156,7.849474286000108e-05,2.2196571428999973e-05,0.0002305590857099955,1
101,1772083449158,0.0001369947428600006,6.899657142899997e-05,0.000152559085709973,1
102,1772083449161,0.0001369947428600006,6.899657142899997e-05,0.000152559085709973,1
103,1772083449163,0.0001369947428600006,6.899657142899997e-05,0.000152559085709973,1
104,1772083449165,0.0001525947428599999,0.00011579657142899997,0.00024225908570994336,1
105,1772083449168,0.0001525947428599999,0.00011579657142899997,0.00024225908570994336,1
106,1772083449170,0.0001525947428599999,0.00011579657142899997,0.00024225908570994336,1
107,1772083449173,0.0001525947428599999,0.00011579657142899997,0.00024225908570994336,1
108,1772083449175,3.949474286000024e-05,0.00019769657142899996,0.00026955908571000674,1
109,1772083449177,3.949474286000024e-05,0.00019769657142899996,0.00026955908571000674,1
110,1772083449180,3.949474286000024e-05,0.00019769657142899996,0.00026955908571000674,1
111,1772083449182,4.394742860000522e-06,-4.8003428571e-05,0.00024225908570994336,1
112,1772083449184,4.394742860000522e-06,-4.8003428571e-05,0.00024225908570994336,1
113,1772083449187,4.394742860000522e-06,-4.8003428571e-05,0.00024225908570994336,1
114,1772083449189,4.394742860000522e-06,-4.0203428571000026e-05,0.00024225908570994336,1
115,1772083449192,-5.4105257139999e-05,-4.0203428571000026e-05,0.00024225908570994336,1
116,1772083449194,-5.4105257139999e-05,-4.0203428571000026e-05,0.00024225908570994336,1
117,1772083449196,-5.4105257139999e-05,-4.0203428571000026e-05,0.00024225908570994336,1
118,1772083449199,-5.800525714000013e-05,1.8296571428999986e-05,0.00028515908571001124,1
119,1772083449201,-5.800525714000013e-05,1.8296571428999986e-05,0.00028515908571001124,1
120,1772083449203,-5.800525714000013e-05,1.8296571428999986e-05,0.00028515908571001124,1
121,1772083449206,5.119474286000014e-05,4.9496571428999986e-05,0.00010185908571001389,1
122,1772083449208,5.119474286000014e-05,4.9496571428999986e-05,0.00010185908571001389,1
123,1772083449211,5.119474286000014e-05,4.9496571428999986e-05,0.00010185908571001389,1
124,1772083449213,5.119474286000014e-05,4.9496571428999986e-05,8.259085709986895e-06,1
0,1772083449226,0.00010189474286000089,0.00013139657142899997,0.0002812590857099546,1
1,1772083449229,0.00010189474286000089,0.00013139657142899997,0.0002812590857099546,1
2,1772083449231,4.339474286000136e-05,-7.9203428571e-05,0.00026955908571000674,1
3,1772083449233,4.339474286000136e-05,-7.9203428571e-05,0.00026955908571000674,1
4,1772083449236,4.339474286000136e-05,-7.9203428571e-05,0.00026955908571000674,1
5,1772083449238,-5.800525714000013e-05,6.119657142899994e-05,0.00023835908570999775,1
6,1772083449240,-5.800525714000013e-05,6.119657142899994e-05,0.00023835908570999775,1
7,1772083449270,-6.190525713999952e-05,6.119657142899994e-05,0.0001057590857099595,1
8,1772083449272,-6.190525713999952e-05,6.119657142899994e-05,0.0001057590857099595,1
9,1772083449308,-6.190525713999952e-05,6.119657142899994e-05,0.0001057590857099595,1
10,1772083449326,7.459474285999995e-05,2.609657142899996e-05,0.00025785908570994786,1
11,1772083449330,-0.00011650525713999965,-4.0203428571000026e-05,0.0001642590857100319,1
12,1772083449339,-0.00011650525713999965,-4.0203428571000026e-05,0.0001642590857100319,1
13,1772083449341,-4.24052571399991e-05,-1.2903428571000013e-05,0.00027345908570995236,1
14,1772083449343,-4.24052571399991e-05,-1.2903428571000013e-05,0.00027345908570995236,1
15,1772083449346,-4.24052571399991e-05,-1.2903428571000013e-05,0.00027345908570995236,1
16,1772083449348,-4.24052571399991e-05,-1.2903428571000013e-05,0.00027345908570995236,1
17,1772083449351,0.0001369947428600006,-6.360342857100005e-05,0.000121359085709964,1
18,1772083449353,0.0001369947428600006,-6.360342857100005e-05,0.000121359085709964,1
19,1772083449355,0.0001369947428600006,-6.360342857100005e-05,0.000121359085709964,1
20,1772083449358,8.294742859999912e-06,-9.480342857100005e-05,0.00020715908570998875,1
21,1772083449360,8.294742859999912e-06,-9.480342857100005e-05,0.00020715908570998875,1
22,1772083449362,8.294742859999912e-06,-9.480342857100005e-05,0.00020715908570998875,1
23,1772083449365,-0.00011260525714000026,-0.00019230342857100004,0.00021105908570993436,1
24,1772083449367,-0.00011260525714000026,-0.00019230342857100004,0.00021105908570993436,1
25,1772083449370,-0.00011260525714000026,-0.00019230342857100004,0.00021105908570993436,1
26,1772083449372,-0.00011260525714000026,-0.00019230342857100004,0.00021105908570993436,1
27,1772083449374,4.339474286000136e-05,-9.003428571000027e-06,0.0002968590857099591,1
28,1772083449377,4.339474286000136e-05,-9.003428571000027e-06,0.0002968590857099591,1
29,1772083449379,4.339474286000136e-05,-9.003428571000027e-06,0.0002968590857099591,1
30,1772083449382,0.00016819474286000093,-4.410342857100001e-05,0.000277359085710009,1
31,1772083449384,0.00016819474286000093,-4.410342857100001e-05,0.000277359085710009,1
32,1772083449386,0.00016819474286000093,-4.410342857100001e-05,0.000277359085710009,1
33,1772083449389,-1.5105257139999897e-05,-0.00012990342857100004,0.0006790590857099583,1
34,1772083449391,-1.5105257139999897e-05,-0.00012990342857100004,0.0006790590857099583,1
35,1772083449393,-1.5105257139999897e-05,-0.00012990342857100004,0.0006790590857099583,1
36,1772083449396,-1.5105257139999897e-05,-0.00012990342857100004,0.0006790590857099583,1
37,1772083449398,-8.530525713999933e-05,-8.310342857100004e-05,0.00028515908571001124,1
38,1772083449401,-8.530525713999933e-05,-8.310342857100004e-05,0.00028515908571001124,1
39,1772083449403,-8.530525713999933e-05,-8.310342857100004e-05,0.00028515908571001124,1
40,1772083449405,0.00011749474286000018,-0.00023520342857100002,0.0001486590857100274,1
41,1772083449408,0.00011749474286000018,-0.00023520342857100002,0.0001486590857100274,1
42,1772083449410,0.00011749474286000018,-0.00023520342857100002,0.0001486590857100274,1
43,1772083449412,0.00011749474286000018,-0.00011430342857100004,0.00033195908571002474,1
44,1772083449415,0.0001252947428600007,-0.00011430342857100004,0.00033195908571002474,1
45,1772083449417,0.0001252947428600007,-0.00011430342857100004,0.00033195908571002474,1
46,1772083449420,0.0001252947428600007,-0.00011430342857100004,0.00033195908571002474,1
47,1772083449422,2.7794742860000332e-05,4.169657142899996e-05,0.000183759085709982,1
48,1772083449424,2.7794742860000332e-05,4.169657142899996e-05,0.000183759085709982,1
49,1772083449427,2.7794742860000332e-05,4.169657142899996e-05,0.000183759085709982,1
50,1772083449429,4.394742860000522e-06,-8.700342857100003e-05,0.00028515908571001124,1
51,1772083449431,4.394742860000522e-06,-8.700342857100003e-05,0.00028515908571001124,1
52,1772083449434,4.394742860000522e-06,-8.700342857100003e-05,0.00028515908571001124,1
53,1772083449436,4.394742860000522e-06,-8.700342857100003e-05,0.000277359085710009,1
54,1772083449442,7.069474286000056e-05,-2.070342857100004e-05,0.000277359085710009,1
55,1772083449445,0.00015649474286000102,-5.190342857100004e-05,-1.9040914289965467e-05,1
56,1772083449447,0.00015649474286000102,-5.190342857100004e-05,-1.9040914289965467e-05,1
57,1772083449450,0.00015649474286000102,-5.190342857100004e-05,-1.9040914289965467e-05,1
58,1772083449452,0.00015649474286000102,-5.190342857100004e-05,-1.9040914289965467e-05,1
59,1772083449454,7.069474286000056e-05,-0.00010650342857100001,2.3859085709991394e-05,1
60,1772083449457,7.069474286000056e-05,-0.00010650342857100001,2.3859085709991394e-05,1
61,1772083449459,7.069474286000056e-05,-0.00010650342857100001,2.3859085709991394e-05,1
62,1772083449462,-4.24052571399991e-05,-3.2403428571000053e-05,7.065908571000489e-05,1
63,1772083449464,-4.24052571399991e-05,-3.2403428571000053e-05,7.065908571000489e-05,1
64,1772083449466,-4.24052571399991e-05,-3.2403428571000053e-05,7.065908571000489e-05,1
65,1772083449469,3.949474286000024e-05,0.00019379657142900002,0.00040215908570993397,1
66,1772083449471,3.949474286000024e-05,0.00019379657142900002,0.00040215908570993397,1
67,1772083449473,3.949474286000024e-05,0.00019379657142900002,0.00040215908570993397,1
68,1772083449476,3.949474286000024e-05,0.00019379657142900002,0.00044895908570994746,1
69,1772083449478,1.6094742860000427e-05,0.00010019657142899997,0.00044895908570994746,1
70,1772083449481,1.6094742860000427e-05,0.00010019657142899997,0.00044895908570994746,1
71,1772083449483,1.6094742860000427e-05,0.00010019657142899997,0.00044895908570994746,1
72,1772083449485,-0.00012430525714000017,-3.2403428571000053e-05,0.00033585908570997035,1
73,1772083449488,-0.00012430525714000017,-3.2403428571000053e-05,0.00033585908570997035,1
74,1772083449490,-0.00012430525714000017,-3.2403428571000053e-05,0.00033585908570997035,1
75,1772083449492,-2.6805257139999802e-05,0.000213296571429,0.00019545908570992986,1
76,1772083449495,-2.6805257139999802e-05,0.000213296571429,0.00019545908570992986,1
77,1772083449497,-2.6805257139999802e-05,0.000213296571429,0.00019545908570992986,1
78,1772083449500,-2.6805257139999802e-05,0.000213296571429,0.00019545908570992986,1
79,1772083449502,8.239474286000047e-05,0.00017429657142899993,0.0004216590857099951,1
80,1772083449504,8.239474286000047e-05,0.00017429657142899993,0.0004216590857099951,1
81,1772083449507,8.239474286000047e-05,0.00017429657142899993,0.0004216590857099951,1
82,1772083449509,9.799474285999976e-05,8.069657142899999e-05,7.845908571000714e-05,1
83,1772083449512,9.799474285999976e-05,8.069657142899999e-05,7.845908571000714e-05,1
84,1772083449514,9.799474285999976e-05,8.069657142899999e-05,7.845908571000714e-05,1
85,1772083449516,-0.00010480525713999975,0.00011579657142899997,0.00016035908570997525,1
86,1772083449519,-0.00010480525713999975,0.00011579657142899997,0.00016035908570997525,1
87,1772083449521,-0.00010480525713999975,0.00011579657142899997,0.00016035908570997525,1
88,1772083449523,-0.00010480525713999975,0.00011579657142899997,0.00016035908570997525,1
89,1772083449526,3.949474286000024e-05,3.779657142899997e-05,0.00022275908570999325,1
90,1772083449528,3.949474286000024e-05,3.779657142899997e-05,0.00022275908570999325,1
91,1772083449531,3.949474286000024e-05,3.779657142899997e-05,0.00022275908570999325,1
92,1772083449533,3.949474286000024e-05,-2.070342857100004e-05,0.00015645908571002964,1
93,1772083449535,3.949474286000024e-05,-2.070342857100004e-05,0.00015645908571002964,1
94,1772083449538,3.949474286000024e-05,-2.070342857100004e-05,0.00015645908571002964,1
95,177