0,1770186607459,-0.0005611241999999989,-0.0014450825999999996,0.0001548066000000188,1
1,1770186607523,0.0016735758000000003,0.0010275174000000005,-0.0005393934000000704,1
2,1770186607525,-0.0017038241999999988,-0.0019559825999999995,0.00020940660000003455,1
3,1770186607529,-0.0017038241999999988,-0.0019559825999999995,0.00020940660000003455,1
4,1770186607531,-0.0017038241999999988,-0.0013553825999999998,-0.0001805933999999669,1
5,1770186607534,-0.0015634242,-0.0013553825999999998,-0.0001805933999999669,1
6,1770186607537,-0.0015634242,-0.0013553825999999998,-0.0001805933999999669,1
7,1770186607539,-0.0010486241999999972,-0.00037648260000000024,0.00018210659999997117,1
8,1770186607543,-0.0010486241999999972,-0.00037648260000000024,0.00018210659999997117,1
9,1770186607546,-0.0010486241999999972,-0.00037648260000000024,0.00018210659999997117,1
10,1770186607550,-0.00015552419999999983,0.0006297174000000003,0.0001860066000000278,1
11,1770186607552,-0.00015552419999999983,0.0006297174000000003,0.0001860066000000278,1
12,1770186607556,1.6075800000001084e-05,0.0014409174,-0.0006797933999999999,1
13,1770186607559,1.6075800000001084e-05,0.0014409174,-0.0006797933999999999,1
14,1770186607562,1.6075800000001084e-05,0.0014409174,-0.0006797933999999999,1
15,1770186607565,0.0008662758,0.0006375174000000008,0.0008880066000000082,1
16,1770186607569,0.0008662758,0.0006375174000000008,0.0008880066000000082,1
17,1770186607571,0.000491875800000003,0.0005751174000000001,-9.089339999999654e-05,1
18,1770186607574,0.000491875800000003,0.0005751174000000001,-9.089339999999654e-05,1
19,1770186607577,0.000491875800000003,0.0005751174000000001,-9.089339999999654e-05,1
20,1770186607580,0.0009910758000000013,-9.882600000000324e-06,-0.0002897933999999984,1
21,1770186607583,0.0009910758000000013,-9.882600000000324e-06,-0.0002897933999999984,1
22,1770186607587,0.0009910758000000013,-9.882600000000324e-06,0.00016260660000002106,1
23,1770186607589,0.0011470758000000011,-0.0005090826000000003,0.00016260660000002106,1
24,1770186607593,0.0011470758000000011,-0.0005090826000000003,0.00016260660000002106,1
25,1770186607596,0.0008038758000000028,-0.0006338825999999999,-0.0002234934000000348,1
26,1770186607599,0.0008038758000000028,-0.0006338825999999999,-0.0002234934000000348,1
27,1770186607602,0.0008038758000000028,-0.0006338825999999999,-0.0002234934000000348,1
28,1770186607606,0.0009871758000000001,-0.0010550826,2.2206599999980564e-05,1
29,1770186607609,0.0009871758000000001,-0.0010550826,2.2206599999980564e-05,1
30,1770186607611,7.847580000000173e-05,-0.0004700825999999995,1.830660000003495e-05,1
31,1770186607614,7.847580000000173e-05,-0.0004700825999999995,1.830660000003495e-05,1
32,1770186607617,7.847580000000173e-05,-0.0004700825999999995,1.830660000003495e-05,1
33,1770186607620,-0.00047142419999999727,-0.0004622826000000007,0.00011190659999995092,1
34,1770186607623,-0.00047142419999999727,-0.0004622826000000007,0.00011190659999995092,1
35,1770186607626,-0.00047142419999999727,-0.0004622826000000007,0.00011190659999995092,1
36,1770186607630,-0.0012085241999999982,0.00026701739999999974,-2.0693399999976297e-05,1
37,1770186607632,-0.0012085241999999982,0.00026701739999999974,-2.0693399999976297e-05,1
38,1770186607636,-0.0012787241999999976,1.8173999999995805e-06,0.00022500659999992803,1
39,1770186607639,-0.0012787241999999976,1.8173999999995805e-06,0.00022500659999992803,1
40,1770186607642,-0.0012787241999999976,1.8173999999995805e-06,-0.00035999340000001864,1
41,1770186607645,-0.000970624199999999,-0.00023218260000000025,-0.00035999340000001864,1
42,1770186607649,-0.000970624199999999,-0.00023218260000000025,-0.00035999340000001864,1
43,1770186607651,-0.0004207242,-0.0005363825999999995,0.0003342065999999595,1
44,1770186607655,-0.0004207242,-0.0005363825999999995,0.0003342065999999595,1
45,1770186607658,-0.0004207242,-0.0005363825999999995,0.0003342065999999595,1
46,1770186607662,-0.00034662419999999944,-0.00041158259999999995,8.070659999994192e-05,1
47,1770186607664,-0.00034662419999999944,-0.00041158259999999995,8.070659999994192e-05,1
48,1770186607668,0.000187675800000002,-0.0005792825999999997,0.00027180659999994153,1
49,1770186607671,0.000187675800000002,-0.0005792825999999997,0.00027180659999994153,1
50,1770186607674,0.00047627580000000197,-0.0003725825999999991,0.00028740659999994603,1
51,1770186607678,0.00047627580000000197,-0.0003725825999999991,0.00028740659999994603,1
52,1770186607681,0.00047627580000000197,-0.0003725825999999991,0.00028740659999994603,1
53,1770186607684,0.0009637758000000003,-4.108260000000065e-05,-0.00037949339999996876,1
54,1770186607687,0.0009637758000000003,-4.108260000000065e-05,-0.00037949339999996876,1
55,1770186607690,0.0009637758000000003,-4.108260000000065e-05,8.070659999994192e-05,1
56,1770186607694,0.0009364758000000029,0.0005517174000000003,8.070659999994192e-05,1
57,1770186607697,0.0009364758000000029,0.0005517174000000003,8.070659999994192e-05,1
58,1770186607701,0.0008935758000000009,0.0006804173999999993,-0.0008786934000000017,1
59,1770186607703,0.0008935758000000009,0.0006804173999999993,-0.0008786934000000017,1
60,1770186607707,0.0008233758000000015,0.0003645174000000001,0.00024450659999998917,1
61,1770186607710,0.0008233758000000015,0.0003645174000000001,0.00024450659999998917,1
62,1770186607713,0.0008233758000000015,0.0003645174000000001,0.00024450659999998917,1
63,1770186607716,0.000347575800000003,0.00022801740000000063,-0.000387293399999971,1
64,1770186607720,0.000347575800000003,0.00022801740000000063,-0.000387293399999971,1
65,1770186607722,0.0001525758000000023,1.8173999999995805e-06,0.00020550659999997792,1
66,1770186607726,0.0001525758000000023,1.8173999999995805e-06,0.00020550659999997792,1
67,1770186607729,0.0001525758000000023,1.8173999999995805e-06,0.00020550659999997792,1
68,1770186607732,-0.00033492419999999953,-0.0007313826000000002,0.0007008065999999542,1
69,1770186607735,-0.00033492419999999953,-0.0007313826000000002,0.0007008065999999542,1
70,1770186607739,-0.0004441241999999998,-0.0005831825999999991,-0.0006173933999999819,1
71,1770186607742,-0.0004441241999999998,-0.0005831825999999991,-0.0006173933999999819,1
72,1770186607745,-0.0004441241999999998,-0.0005831825999999991,-0.0006173933999999819,1
73,1770186607748,3.557579999999977e-05,-0.0008327826,-0.0002546934000000438,1
74,1770186607752,3.557579999999977e-05,-0.0008327826,-0.0002546934000000438,1
75,1770186607754,0.0003982758000000003,-0.0005714825999999992,0.0006501065999999951,1
76,1770186607758,0.0003982758000000003,-0.0005714825999999992,0.0006501065999999951,1
77,1770186607761,0.0003982758000000003,-0.0005714825999999992,0.0006501065999999951,1
78,1770186607764,0.001053475800000002,-0.00020878260000000044,-0.0008318933999999882,1
79,1770186607767,0.001053475800000002,-0.00020878260000000044,-0.0008318933999999882,1
80,1770186607771,0.0013264758000000008,0.0004815174000000009,0.0006384065999999362,1
81,1770186607773,0.0013264758000000008,0.0004815174000000009,0.0006384065999999362,1
82,1770186607777,0.0013264758000000008,0.0004815174000000009,0.0006384065999999362,1
83,1770186607780,0.0008272758000000026,0.0012966174,-0.0002702934000000483,1
84,1770186607784,0.0008272758000000026,0.0012966174,-0.0002702934000000483,1
85,1770186607786,0.00012527580000000135,0.0008481174000000008,-0.00032489340000006403,1
86,1770186607790,0.00012527580000000135,0.0008481174000000008,-0.00032489340000006403,1
87,1770186607793,0.00012527580000000135,0.0008481174000000008,-0.00032489340000006403,1
88,1770186607796,0.0002656758000000002,-0.0003101826000000002,5.340659999998956e-05,1
89,1770186607800,0.0002656758000000002,-0.0003101826000000002,5.340659999998956e-05,1
90,1770186607803,0.0010105758,-0.0015893825999999996,-1.1934000000261846e-06,1
91,1770186607806,0.0010105758,-0.0015893825999999996,-1.1934000000261846e-06,1
92,1770186607809,0.0010105758,-0.0018740826000000002,-5.093399999971798e-06,1
93,1770186607813,-0.0018949241999999984,-0.0018740826000000002,-5.093399999971798e-06,1
94,1770186607816,-0.0018949241999999984,-0.0018740826000000002,-5.093399999971798e-06,1
95,177