0,1779939017725,-0.0001386617142900004,-0.0322882426286,-0.0006120726857000002,1
1,1779939017727,-0.0001386617142900004,-0.0322882426286,-0.0006120726857000002,1
2,1779939017729,-0.0001386617142900004,-0.0322882426286,-0.0006120726857000002,1
3,1779939017732,-0.0001152617142900006,-0.0321673426286,-0.0010332726857000107,1
4,1779939017734,-0.0001152617142900006,-0.0321673426286,-0.0010332726857000107,1
5,1779939017737,-0.0001152617142900006,-0.0321673426286,-0.0010332726857000107,1
6,1779939017739,-0.0001152617142900006,-0.0321673426286,-0.0010332726857000107,1
7,1779939017769,-2.9461714290000135e-05,-0.0331813426286,0.0005657273143000064,1
8,1779939017833,-2.9461714290000135e-05,-0.0325222426286,0.0008543273142999786,1
9,1779939017836,0.00045023828570999944,-0.0328147426286,0.0004877273142999839,1
10,1779939017838,0.0004775382857099995,-0.0327835426286,0.0004877273142999839,1
11,1779939017840,0.0004775382857099995,-0.0327835426286,0.0004877273142999839,1
12,1779939017843,0.0004775382857099995,-0.0327835426286,0.0004877273142999839,1
13,1779939017845,0.0002552382857099996,-0.0328576426286,0.0014393273143000363,1
14,1779939017847,0.0002552382857099996,-0.0328576426286,0.0014393273143000363,1
15,1779939017850,0.0002552382857099996,-0.0328576426286,0.0014393273143000363,1
16,1779939017852,-0.00017766171429000038,-0.0327640426286,0.001649927314299986,1
17,1779939017855,-0.00017766171429000038,-0.0327640426286,0.001649927314299986,1
18,1779939017857,-0.00017766171429000038,-0.0327640426286,0.001649927314299986,1
19,1779939017859,-0.00017766171429000038,-0.0327640426286,0.001649927314299986,1
20,1779939017862,-0.0004701617142900006,-0.0326977426286,0.0006788273142999835,1
21,1779939017864,-0.0004701617142900006,-0.0326977426286,0.0006788273142999835,1
22,1779939017866,-0.0004701617142900006,-0.0326977426286,0.0006788273142999835,1
23,1779939017869,-0.00036096171429000033,-0.0325690426286,-0.00033127268570003025,1
24,1779939017871,-0.00036096171429000033,-0.0325690426286,-0.00033127268570003025,1
25,1779939017873,-0.00036096171429000033,-0.0325690426286,-0.00033127268570003025,1
26,1779939017876,-0.00036096171429000033,-0.0325690426286,-0.0007173726856999751,1
27,1779939017878,-0.00068466171429,-0.0325729426286,-0.0007173726856999751,1
28,1779939017881,-0.00068466171429,-0.0325729426286,-0.0007173726856999751,1
29,1779939017883,-0.00068466171429,-0.0325729426286,-0.0007173726856999751,1
30,1779939017885,-0.0004818617142900005,-0.032943442628599995,-0.0014076726857000076,1
31,1779939017888,-0.0004818617142900005,-0.032943442628599995,-0.0014076726857000076,1
32,1779939017890,-0.0004818617142900005,-0.032943442628599995,-0.0014076726857000076,1
33,1779939017892,-0.00051306171429,-0.0328654426286,-0.0018639726856999727,1
34,1779939017895,-0.00051306171429,-0.0328654426286,-0.0018639726856999727,1
35,1779939017897,-0.00051306171429,-0.0328654426286,-0.0018639726856999727,1
36,1779939017899,-0.00051306171429,-0.0328654426286,-0.0018639726856999727,1
37,1779939017902,-8.016171429000001e-05,-0.0327484426286,-0.0013569726857000485,1
38,1779939017904,-8.016171429000001e-05,-0.0327484426286,-0.0013569726857000485,1
39,1779939017907,-8.016171429000001e-05,-0.0327484426286,-0.0013569726857000485,1
40,1779939017909,0.00024743828570999993,-0.0327601426286,-0.0012126726857000624,1
41,1779939017911,0.00024743828570999993,-0.0327601426286,-0.0012126726857000624,1
42,1779939017914,0.00024743828570999993,-0.0327601426286,-0.0012126726857000624,1
43,1779939017916,0.00024743828570999993,-0.0327601426286,-5.047268570006029e-05,1
44,1779939017918,-0.0002322617142900005,-0.0330799426286,-5.047268570006029e-05,1
45,1779939017921,-0.0002322617142900005,-0.0330799426286,-5.047268570006029e-05,1
46,1779939017923,-0.0002322617142900005,-0.0330799426286,-5.047268570006029e-05,1
47,1779939017925,0.00032543828570999987,-0.0333646426286,0.00033952731429994117,1
48,1779939017928,0.00032543828570999987,-0.0333646426286,0.00033952731429994117,1
49,1779939017930,0.00032543828570999987,-0.0333646426286,0.00033952731429994117,1
50,1779939017933,0.00032933828571000013,-0.0332476426286,0.000881627314299931,1
51,1779939017935,0.00032933828571000013,-0.0332476426286,0.000881627314299931,1
52,1779939017937,0.00032933828571000013,-0.0332476426286,0.000881627314299931,1
53,1779939017940,0.00032933828571000013,-0.0332476426286,0.000881627314299931,1
54,1779939017942,0.0002279382857099995,-0.0334192426286,0.0014549273142999298,1
55,1779939017944,0.0002279382857099995,-0.0334192426286,0.0014549273142999298,1
56,1779939017947,0.0002279382857099995,-0.0334192426286,0.0014549273142999298,1
57,1779939017949,-0.00032196171429000036,-0.0326002426286,0.0005969273143000154,1
58,1779939017951,-0.00032196171429000036,-0.0326002426286,0.0005969273143000154,1
59,1779939017954,-0.00032196171429000036,-0.0326002426286,0.0005969273143000154,1
60,1779939017956,-0.00032196171429000036,-0.0326002426286,-0.0003741726856999871,1
61,1779939017958,-0.0007080617142899998,-0.0323311426286,-0.0003741726856999871,1
62,1779939017961,-0.0007080617142899998,-0.0323311426286,-0.0003741726856999871,1
63,1779939017963,-0.0007080617142899998,-0.0323311426286,-0.0003741726856999871,1
64,1779939017966,-0.0002478617142899998,-0.0323038426286,-0.001228272685700067,1
65,1779939017968,-0.0002478617142899998,-0.0323038426286,-0.001228272685700067,1
66,1779939017970,-0.0002478617142899998,-0.0323038426286,-0.001228272685700067,1
67,1779939017973,-0.00040776171428999995,-0.0325534426286,-0.0007095726856999728,1
68,1779939017975,-0.00040776171428999995,-0.0325534426286,-0.0007095726856999728,1
69,1779939017977,-0.00040776171428999995,-0.0325534426286,-0.0007095726856999728,1
70,1779939017980,-0.00040776171428999995,-0.0325534426286,-0.0007095726856999728,1
71,1779939017982,-0.0009693617142900006,-0.032803042628599996,-0.0010644726857000197,1
72,1779939017984,-0.0009693617142900006,-0.032803042628599996,-0.0010644726857000197,1
73,1779939017987,-0.0009693617142900006,-0.032803042628599996,-0.0010644726857000197,1
74,1779939017989,0.0001070382857100002,-0.032705542628599996,-0.0012672726856999671,1
75,1779939017992,0.0001070382857100002,-0.032705542628599996,-0.0012672726856999671,1
76,1779939017994,0.0001070382857100002,-0.032705542628599996,-0.0012672726856999671,1
77,1779939017996,0.0001070382857100002,-0.0327172426286,-0.00017527268569998526,1
78,1779939017999,0.0002396382857099994,-0.0327172426286,-0.00017527268569998526,1
79,1779939018001,0.0002396382857099994,-0.0327172426286,-0.00017527268569998526,1
80,1779939018003,0.0002396382857099994,-0.0327172426286,-0.00017527268569998526,1
81,1779939018006,0.0004970382857099999,-0.0326509426286,0.00013282731429993706,1
82,1779939018008,0.0004970382857099999,-0.0326509426286,0.00013282731429993706,1
83,1779939018010,0.0004970382857099999,-0.0326509426286,0.00013282731429993706,1
84,1779939018013,0.00014213828570999992,-0.0327835426286,0.0008387273142999741,1
85,1779939018015,0.00014213828570999992,-0.0327835426286,0.0008387273142999741,1
86,1779939018018,0.00014213828570999992,-0.0327835426286,0.0008387273142999741,1
87,1779939018020,0.00014213828570999992,-0.0327835426286,0.0008387273142999741,1
88,1779939018022,-0.00014646171429000005,-0.033044842628599996,0.0011897273142999643,1
89,1779939018025,-0.00014646171429000005,-0.033044842628599996,0.0011897273142999643,1
90,1779939018027,-0.00014646171429000005,-0.033044842628599996,0.0011897273142999643,1
91,1779939018029,-0.00040386171429000056,-0.033021442628599997,0.0005111273142999907,1
92,1779939018032,-0.00040386171429000056,-0.033021442628599997,0.0005111273142999907,1
93,1779939018034,-0.00040386171429000056,-0.033021442628599997,0.0005111273142999907,1
94,1779939018036,-0.00040386171429000056,-0.032947342628599996,-0.0006198726857000025,1
95,1779939018039,-0.00011136171429000034,-0.032947342628599996,-0.0006198726857000025,1
96,1779939018041,-0.00011136171429000034,-0.032947342628599996,-0.0006198726857000025,1
97,1779939018044,-0.00011136171429000034,-0.032947342628599996,-0.0006198726857000025,1
98,1779939018046,-1.776171429000023e-05,-0.0330487426286,-0.0005691726857000434,1
99,1779939018048,-1.776171429000023e-05,-0.0330487426286,-0.0005691726857000434,1
100,1779939018051,-1.776171429000023e-05,-0.0330487426286,-0.0005691726857000434,1
101,1779939018053,-0.0002946617142900003,-0.0328771426286,-0.000448272685700064,1
102,1779939018055,-0.0002946617142900003,-0.0328771426286,-0.000448272685700064,1
103,1779939018058,-0.0002946617142900003,-0.0328771426286,-0.000448272685700064,1
104,1779939018060,-0.0002946617142900003,-0.0328771426286,-0.0013023726857000328,1
105,1779939018063,-0.0005208617142900005,-0.0330136426286,-0.0013023726857000328,1
106,1779939018065,-0.0005208617142900005,-0.0330136426286,-0.0013023726857000328,1
107,1779939018067,-0.0005208617142900005,-0.0330136426286,-0.0013023726857000328,1
108,1779939018070,-0.0005988617142900004,-0.033232042628599995,-0.0015051726856999802,1
109,1779939018072,-0.0005988617142900004,-0.033232042628599995,-0.0015051726856999802,1
110,1779939018074,-0.0005988617142900004,-0.033232042628599995,-0.0015051726856999802,1
111,1779939018077,-0.0005988617142900004,-0.0330955426286,2.362731430001659e-05,1
112,1779939018079,-0.00045846171428999983,-0.0330955426286,2.362731430001659e-05,1
113,1779939018081,-0.00045846171428999983,-0.0330955426286,2.362731430001659e-05,1
114,1779939018084,-0.00045846171428999983,-0.0330955426286,2.362731430001659e-05,1
115,1779939018086,-0.0003804617142899999,-0.032900542628599996,0.00020692731430001395,1
116,1779939018088,-0.0003804617142899999,-0.032900542628599996,0.00020692731430001395,1
117,1779939018091,-0.0003804617142899999,-0.032900542628599996,0.00020692731430001395,1
118,1779939018093,7.973828571000013e-05,-0.0324130426286,-7.387268570006704e-05,1
119,1779939018096,7.973828571000013e-05,-0.0324130426286,-7.387268570006704e-05,1
120,1779939018098,7.973828571000013e-05,-0.0324130426286,-7.387268570006704e-05,1
121,1779939018100,7.973828571000013e-05,-0.0324130426286,0.0003746273143000068,1
122,1779939018103,0.00032543828570999987,-0.0328459426286,0.0003746273143000068,1
123,1779939018105,0.00032543828570999987,-0.0328459426286,0.0003746273143000068,1
124,1779939018107,0.00032543828570999987,-0.0328459426286,0.0003746273143000068,1
