0,1779941450604,-0.0005052617142900003,-0.0327796426286,-0.0006549726857000681,1
1,1779941450606,-0.0005052617142900003,-0.0327796426286,-0.0006549726857000681,1
2,1779941450608,-0.0006534617142900006,-0.0330019426286,-0.0002259726857000554,1
3,1779941450611,-0.0006534617142900006,-0.0330019426286,-0.0002259726857000554,1
4,1779941450613,-0.0006534617142900006,-0.0330019426286,-0.0002259726857000554,1
5,1779941450616,-0.0006534617142900006,-0.0336298426286,-0.0007095726856999728,1
6,1779941450618,-0.0007314617142900005,-0.0336298426286,-0.0007095726856999728,1
7,1779941450620,-0.0007314617142900005,-0.0336298426286,-0.0007095726856999728,1
8,1779941450623,-0.0007314617142900005,-0.0336298426286,-0.0007095726856999728,1
9,1779941450625,-0.0010590617142900004,-0.0334816426286,8.212731429997795e-05,1
10,1779941450627,-0.0010590617142900004,-0.0334816426286,8.212731429997795e-05,1
11,1779941450630,-0.0010590617142900004,-0.0334816426286,8.212731429997795e-05,1
12,1779941450632,-0.0011214617142900002,-0.0332710426286,0.0001835273143000072,1
13,1779941450634,-0.0011214617142900002,-0.0332710426286,0.0001835273143000072,1
14,1779941450637,-0.0011214617142900002,-0.0332710426286,0.0001835273143000072,1
15,1779941450639,-0.0011214617142900002,-0.0332710426286,0.0001835273143000072,1
16,1779941450670,-7.236171429000036e-05,-0.0318046426286,-0.0002415726857000599,1
17,1779941450673,-0.00032976171429,-0.0319099426286,0.00012892731429999145,1
18,1779941450729,-0.0009303617142899998,-0.0317968426286,-0.00015577268570003515,1
19,1779941450732,-0.0008172617142900001,-0.0339223426286,0.00016012731430000045,1
20,1779941450734,-0.0008172617142900001,-0.0339223426286,0.00016012731430000045,1
21,1779941450736,-0.0006924617142900005,-0.0334855426286,-3.487268570005579e-05,1
22,1779941450739,-0.0006924617142900005,-0.0334855426286,-3.487268570005579e-05,1
23,1779941450741,-0.0006924617142900005,-0.0334855426286,-3.487268570005579e-05,1
24,1779941450743,-0.0006924617142900005,-0.0334855426286,-3.487268570005579e-05,1
25,1779941450746,-0.0008640617142900006,-0.0328732426286,0.00046432731429997716,1
26,1779941450748,-0.0008640617142900006,-0.0328732426286,0.00046432731429997716,1
27,1779941450750,-0.0008640617142900006,-0.0328732426286,0.00046432731429997716,1
28,1779941450753,-0.0003648617142900006,-0.0326431426286,-0.0005808726856999912,1
29,1779941450755,-0.0003648617142900006,-0.0326431426286,-0.0005808726856999912,1
30,1779941450758,-0.0003648617142900006,-0.0326431426286,-0.0005808726856999912,1
31,1779941450760,-0.0003648617142900006,-0.032221942628599995,-0.0002883726857000734,1
32,1779941450762,-0.00045456171429000044,-0.032221942628599995,-0.0002883726857000734,1
33,1779941450765,-0.00045456171429000044,-0.032221942628599995,-0.0002883726857000734,1
34,1779941450767,-0.00045456171429000044,-0.032221942628599995,-0.0002883726857000734,1
35,1779941450769,-0.00033366171429000026,-0.0321010426286,-0.000604272685699998,1
36,1779941450772,-0.00033366171429000026,-0.0321010426286,-0.000604272685699998,1
37,1779941450774,-0.00033366171429000026,-0.0321010426286,-0.000604272685699998,1
38,1779941450776,-0.00057936171429,-0.031839742628599996,-0.00045607268570006625,1
39,1779941450779,-0.00057936171429,-0.031839742628599996,-0.00045607268570006625,1
40,1779941450781,-0.00057936171429,-0.031839742628599996,-0.00045607268570006625,1
41,1779941450783,-0.00057936171429,-0.031839742628599996,-0.00045607268570006625,1
42,1779941450786,-0.00075096171429,-0.0321829426286,-0.000417072685700055,1
43,1779941450788,-0.00075096171429,-0.0321829426286,-0.000417072685700055,1
44,1779941450791,-0.00075096171429,-0.0321829426286,-0.000417072685700055,1
45,1779941450793,-0.0009498617142900002,-0.0323155426286,-0.0001167726857000239,1
46,1779941450795,-0.0009498617142900002,-0.0323155426286,-0.0001167726857000239,1
47,1779941450798,-0.0009498617142900002,-0.0323155426286,-0.0001167726857000239,1
48,1779941450800,-0.0009498617142900002,-0.0329551426286,-0.00017527268569998526,1
49,1779941450802,-0.0008601617142900003,-0.0329551426286,-0.00017527268569998526,1
50,1779941450805,-0.0008601617142900003,-0.0329551426286,-0.00017527268569998526,1
51,1779941450807,-0.0008601617142900003,-0.0329551426286,-0.00017527268569998526,1
52,1779941450809,-0.0004701617142900006,-0.033571342628599996,0.00043312731429996816,1
53,1779941450812,-0.0004701617142900006,-0.033571342628599996,0.00043312731429996816,1
54,1779941450814,-0.0004701617142900006,-0.033571342628599996,0.00043312731429996816,1
55,1779941450816,-0.0006339617142900001,-0.0340705426286,8.602731430003459e-05,1
56,1779941450819,-0.0006339617142900001,-0.0340705426286,8.602731430003459e-05,1
57,1779941450821,-0.0006339617142900001,-0.0340705426286,8.602731430003459e-05,1
58,1779941450824,-0.0006339617142900001,-0.0340705426286,8.602731430003459e-05,1
59,1779941450826,-0.0002205617142900006,-0.0342382426286,-0.0006705726857000726,1
60,1779941450828,-0.0002205617142900006,-0.0342382426286,-0.0006705726857000726,1
61,1779941450831,-0.0002205617142900006,-0.0342382426286,-0.0006705726857000726,1
62,1779941450833,-0.0005754617142900006,-0.0340198426286,4.702731430002334e-05,1
63,1779941450835,-0.0005754617142900006,-0.0340198426286,4.702731430002334e-05,1
64,1779941450838,-0.0005754617142900006,-0.0340198426286,4.702731430002334e-05,1
65,1779941450840,-0.0005754617142900006,-0.0333724426286,0.00038632731429995466,1
66,1779941450843,-0.0006495617142900003,-0.0333724426286,0.00038632731429995466,1
67,1779941450845,-0.0006495617142900003,-0.0333724426286,0.00038632731429995466,1
68,1779941450847,-0.0006495617142900003,-0.0333724426286,0.00038632731429995466,1
69,1779941450850,-0.0011682617142899998,-0.0325339426286,7.43273142999757e-05,1
70,1779941450852,-0.0011682617142899998,-0.0325339426286,7.43273142999757e-05,1
71,1779941450854,-0.0011682617142899998,-0.0325339426286,7.43273142999757e-05,1
72,1779941450857,-0.0007743617142899999,-0.0319762426286,-0.0004950726856999665,1
73,1779941450859,-0.0007743617142899999,-0.0319762426286,-0.0004950726856999665,1
74,1779941450861,-0.0007743617142899999,-0.0319762426286,-0.0004950726856999665,1
75,1779941450864,-0.0007743617142899999,-0.0319762426286,-0.0004950726856999665,1
76,1779941450866,-0.0012345617142899999,-0.031172842628599998,-0.0005223726857000299,1
77,1779941450869,-0.0012345617142899999,-0.031172842628599998,-0.0005223726857000299,1
78,1779941450871,-0.0012345617142899999,-0.031172842628599998,-0.0005223726857000299,1
79,1779941450873,-0.00054036171429,-0.031309342628599995,-0.001434972685700071,1
80,1779941450876,-0.00054036171429,-0.031309342628599995,-0.001434972685700071,1
81,1779941450878,-0.00054036171429,-0.031309342628599995,-0.001434972685700071,1
82,1779941450880,-0.00054036171429,-0.0315277426286,-0.00045607268570006625,1
83,1779941450883,-0.0003414617142899999,-0.0315277426286,-0.00045607268570006625,1
84,1779941450885,-0.0003414617142899999,-0.0315277426286,-0.00045607268570006625,1
85,1779941450891,4.073828571000016e-05,-0.0322804426286,-0.00012847268569997176,1
86,1779941450893,4.073828571000016e-05,-0.0322804426286,-0.00012847268569997176,1
87,1779941450896,4.073828571000016e-05,-0.0322804426286,-0.00012847268569997176,1
88,1779941450898,-0.0001152617142900006,-0.0331111426286,0.0012911273142999936,1
89,1779941450900,-0.0001152617142900006,-0.0331111426286,0.0012911273142999936,1
90,1779941450903,-0.0001152617142900006,-0.0331111426286,0.0012911273142999936,1
91,1779941450905,-0.00043506171429,-0.0336961426286,0.0003590273143000023,1
92,1779941450907,-0.00043506171429,-0.0336961426286,0.0003590273143000023,1
93,1779941450910,-0.00043506171429,-0.0336961426286,0.0003590273143000023,1
94,1779941450912,-0.00043506171429,-0.0336961426286,0.00028882731429998205,1
95,1779941450914,-0.0006963617142899999,-0.0341719426286,0.00028882731429998205,1
96,1779941450917,-0.0006963617142899999,-0.0341719426286,0.00028882731429998205,1
97,1779941450919,-0.0006963617142899999,-0.0341719426286,0.00028882731429998205,1
98,1779941450922,-0.0013476617142900004,-0.0343279426286,0.0003161273142999344,1
99,1779941450924,-0.0013476617142900004,-0.0343279426286,0.0003161273142999344,1
100,1779941450926,-0.0013476617142900004,-0.0343279426286,0.0003161273142999344,1
101,1779941450929,-0.00086796171429,-0.0342070426286,-0.000760272685700043,1
102,1779941450931,-0.00086796171429,-0.0342070426286,-0.000760272685700043,1
103,1779941450933,-0.00086796171429,-0.0342070426286,-0.000760272685700043,1
104,1779941450936,-0.00086796171429,-0.0342070426286,-0.000760272685700043,1
105,1779941450938,-0.0009264617142900004,-0.0337390426286,-0.001041072685700013,1
106,1779941450941,-0.0009264617142900004,-0.0337390426286,-0.001041072685700013,1
107,1779941450943,-0.0009264617142900004,-0.0337390426286,-0.001041072685700013,1
108,1779941450945,-0.0005364617142899998,-0.0333178426286,-0.0010878726857000264,1
109,1779941450948,-0.0005364617142899998,-0.0333178426286,-0.0010878726857000264,1
110,1779941450950,-0.0005364617142899998,-0.0333178426286,-0.0010878726857000264,1
111,1779941450952,-0.0005364617142899998,-0.032221942628599995,-0.0005964726856999957,1
112,1779941450955,-0.0009615617142900001,-0.032221942628599995,-0.0005964726856999957,1
113,1779941450957,-0.0009615617142900001,-0.032221942628599995,-0.0005964726856999957,1
114,1779941450959,-0.0009615617142900001,-0.032221942628599995,-0.0005964726856999957,1
115,1779941450962,-0.0005442617142900003,-0.0315823426286,-0.0003429726856999781,1
116,1779941450964,-0.0005442617142900003,-0.0315823426286,-0.0003429726856999781,1
117,1779941450966,-0.0005442617142900003,-0.0315823426286,-0.0003429726856999781,1
118,1779941450969,-0.0005325617142900004,-0.0312157426286,1.1927314299957706e-05,1
119,1779941450971,-0.0005325617142900004,-0.0312157426286,1.1927314299957706e-05,1
120,1779941450974,-0.0005325617142900004,-0.0312157426286,1.1927314299957706e-05,1
121,1779941450976,-0.0005325617142900004,-0.0312157426286,1.1927314299957706e-05,1
122,1779941450978,-0.00038436171429000014,-0.0309115426286,0.0002342273142999663,1
123,1779941450981,-0.00038436171429000014,-0.0309115426286,0.0002342273142999663,1
124,1779941450983,-0.00038436171429000014,-0.0309115426286,0.0002342273142999663,1
