0,1779944755685,-0.0011253617142900005,-0.033473842628599995,-0.0005379726857000344,1
1,1779944755688,-0.0011253617142900005,-0.033473842628599995,-0.0005379726857000344,1
2,1779944755690,-0.0011253617142900005,-0.033473842628599995,-0.0005379726857000344,1
3,1779944755692,-0.0009147617142900005,-0.0332983426286,-0.0002103726857000509,1
4,1779944755695,-0.0009147617142900005,-0.0332983426286,-0.0002103726857000509,1
5,1779944755697,-0.0009147617142900005,-0.0332983426286,-0.0002103726857000509,1
6,1779944755700,-0.0009147617142900005,-0.0332983426286,-5.827268570006254e-05,1
7,1779944755702,-0.0009888617142900001,-0.0331189426286,-5.827268570006254e-05,1
8,1779944755704,-0.0009888617142900001,-0.0331189426286,-5.827268570006254e-05,1
9,1779944755707,-0.0009888617142900001,-0.0331189426286,-5.827268570006254e-05,1
10,1779944755709,-0.00101226171429,-0.0331579426286,-0.00010897268570002165,1
11,1779944755711,-0.00101226171429,-0.0331579426286,-0.00010897268570002165,1
12,1779944755714,-0.00101226171429,-0.0331579426286,-0.00010897268570002165,1
13,1779944755716,-0.00086796171429,-0.0329668426286,1.5827314300014342e-05,1
14,1779944755718,-0.00086796171429,-0.0329668426286,1.5827314300014342e-05,1
15,1779944755721,-0.00086796171429,-0.0329668426286,1.5827314300014342e-05,1
16,1779944755723,-0.00086796171429,-0.0329668426286,1.5827314300014342e-05,1
17,1779944755725,-0.0008757617142900005,-0.032756242628599996,-0.0003429726856999781,1
18,1779944755728,-0.0008757617142900005,-0.032756242628599996,-0.0003429726856999781,1
19,1779944755730,-0.0008757617142900005,-0.032756242628599996,-0.0003429726856999781,1
20,1779944755733,-0.0006729617142900001,-0.0331267426286,0.00048382731429992727,1
21,1779944755735,-0.0006729617142900001,-0.0331267426286,0.00048382731429992727,1
22,1779944755745,-0.0006729617142900001,-0.0331267426286,0.00048382731429992727,1
23,1779944755748,-0.0004818617142900005,-0.0334855426286,-0.0008967726857000268,1
24,1779944755750,-0.0004818617142900005,-0.0334855426286,-0.0008967726857000268,1
25,1779944755753,-0.0004818617142900005,-0.0334855426286,-0.0008967726857000268,1
26,1779944755755,-0.0004818617142900005,-0.0334855426286,-0.0008967726857000268,1
27,1779944755757,-0.0012813617142900004,-0.0333997426286,-0.0004326726857000595,1
28,1779944755760,-0.0012813617142900004,-0.0333997426286,-0.0004326726857000595,1
29,1779944755762,-0.0012813617142900004,-0.0333997426286,-0.0004326726857000595,1
30,1779944755765,-0.0008328617142900003,-0.033087742628599995,-0.0010995726856999743,1
31,1779944755767,-0.0008328617142900003,-0.033087742628599995,-0.0010995726856999743,1
32,1779944755769,-0.0008328617142900003,-0.033087742628599995,-0.0010995726856999743,1
33,1779944755772,-0.0008328617142900003,-0.033087742628599995,-0.0007017726856999706,1
34,1779944755774,-0.00107856171429,-0.032752342628599995,-0.0007017726856999706,1
35,1779944755776,-0.00107856171429,-0.032752342628599995,-0.0007017726856999706,1
36,1779944755779,-0.00107856171429,-0.032752342628599995,-0.0007017726856999706,1
37,1779944755781,-0.0006885617142900003,-0.0327328426286,-0.0008382726857000655,1
38,1779944755783,-0.0006885617142900003,-0.0327328426286,-0.0008382726857000655,1
39,1779944755786,-0.0006885617142900003,-0.0327328426286,-0.0008382726857000655,1
40,1779944755788,-0.0007704617142900005,-0.0324910426286,4.702731430002334e-05,1
41,1779944755790,-0.0007704617142900005,-0.0324910426286,4.702731430002334e-05,1
42,1779944755793,-0.0007704617142900005,-0.0324910426286,4.702731430002334e-05,1
43,1779944755795,-0.0007704617142900005,-0.0324910426286,4.702731430002334e-05,1
44,1779944755798,-9.186171428999992e-05,-0.0324988426286,0.0004370273143000248,1
45,1779944755800,-9.186171428999992e-05,-0.0324988426286,0.0004370273143000248,1
46,1779944755802,-9.186171428999992e-05,-0.0324988426286,0.0004370273143000248,1
47,1779944755805,-0.00043116171428999976,-0.0323779426286,0.0011702273143000142,1
48,1779944755807,-0.00043116171428999976,-0.0323779426286,0.0011702273143000142,1
49,1779944755809,-0.00043116171428999976,-0.0323779426286,0.0011702273143000142,1
50,1779944755812,-0.00043116171428999976,-0.0323779426286,0.0012326273143000322,1
51,1779944755814,-0.0008016617142899999,-0.0326002426286,0.0012326273143000322,1
52,1779944755816,-0.0008016617142899999,-0.0326002426286,0.0012326273143000322,1
53,1779944755819,-0.0008016617142899999,-0.0326002426286,0.0012326273143000322,1
54,1779944755821,-0.0009381617142900003,-0.033021442628599997,0.0015095273142999455,1
55,1779944755824,-0.0009381617142900003,-0.033021442628599997,0.0015095273142999455,1
56,1779944755826,-0.0009381617142900003,-0.033021442628599997,0.0015095273142999455,1
57,1779944755828,-0.0009030617142900006,-0.033185242628599995,0.00038632731429995466,1
58,1779944755831,-0.0009030617142900006,-0.033185242628599995,0.00038632731429995466,1
59,1779944755833,-0.0009030617142900006,-0.033185242628599995,0.00038632731429995466,1
60,1779944755836,-0.0009030617142900006,-0.033185242628599995,1.9727314299959955e-05,1
61,1779944755838,-0.0009225617142900001,-0.0333217426286,1.9727314299959955e-05,1
62,1779944755841,-0.0009225617142900001,-0.0333217426286,1.9727314299959955e-05,1
63,1779944755843,-0.0009225617142900001,-0.0333217426286,1.9727314299959955e-05,1
64,1779944755845,-0.0010863617142900005,-0.0333451426286,-0.0003702726857000415,1
65,1779944755848,-0.0010863617142900005,-0.0333451426286,-0.0003702726857000415,1
66,1779944755850,-0.0010863617142900005,-0.0333451426286,-0.0003702726857000415,1
67,1779944755852,-0.0006729617142900001,-0.0333724426286,-0.0013491726857000463,1
68,1779944755855,-0.0006729617142900001,-0.0333724426286,-0.0013491726857000463,1
69,1779944755857,-0.0006729617142900001,-0.0333724426286,-0.0013491726857000463,1
70,1779944755859,-0.0006729617142900001,-0.0333724426286,-0.0013491726857000463,1
71,1779944755862,-0.0012657617142900002,-0.0327250426286,-0.0013374726856999874,1
72,1779944755864,-0.0012657617142900002,-0.0327250426286,-0.0013374726856999874,1
73,1779944755866,-0.0012657617142900002,-0.0327250426286,-0.0013374726856999874,1
74,1779944755869,-0.0006066617142900001,-0.0325807426286,-0.001622172685700014,1
75,1779944755871,-0.0006066617142900001,-0.0325807426286,-0.001622172685700014,1
76,1779944755874,-0.0006066617142900001,-0.0325807426286,-0.001622172685700014,1
77,1779944755876,-0.0006066617142900001,-0.0325807426286,-0.001216572685700008,1
78,1779944755878,-0.0013125617142899998,-0.0320854426286,-0.001216572685700008,1
79,1779944755881,-0.0013125617142899998,-0.0320854426286,-0.001216572685700008,1
80,1779944755883,-0.0013125617142899998,-0.0320854426286,-0.001216572685700008,1
81,1779944755885,-0.0007743617142899999,-0.0321400426286,-0.0006471726857000659,1
82,1779944755888,-0.0007743617142899999,-0.0321400426286,-0.0006471726857000659,1
83,1779944755890,-0.0007743617142899999,-0.0321400426286,-0.0006471726857000659,1
84,1779944755893,-0.00126186171429,-0.032034742628599996,0.0009908273142999625,1
85,1779944755895,-0.00126186171429,-0.032034742628599996,0.0009908273142999625,1
86,1779944755897,-0.00126186171429,-0.032034742628599996,0.0009908273142999625,1
87,1779944755900,-0.00126186171429,-0.032034742628599996,0.0009908273142999625,1
88,1779944755902,-0.00010746171429000008,-0.0323896426286,0.0006125273143000199,1
89,1779944755904,-0.00010746171429000008,-0.0323896426286,0.0006125273143000199,1
90,1779944755907,-0.00010746171429000008,-0.0323896426286,0.0006125273143000199,1
91,1779944755909,-0.0009966617142899998,-0.0327328426286,0.001100027314299994,1
92,1779944755911,-0.0009966617142899998,-0.0327328426286,0.001100027314299994,1
93,1779944755914,-0.0009966617142899998,-0.0327328426286,0.001100027314299994,1
94,1779944755916,-0.0009966617142899998,-0.0333685426286,0.000975227314299958,1
95,1779944755918,-0.0008484617142900004,-0.0333685426286,0.000975227314299958,1
96,1779944755921,-0.0008484617142900004,-0.0333685426286,0.000975227314299958,1
97,1779944755923,-0.0008484617142900004,-0.0333685426286,0.000975227314299958,1
98,1779944755926,-0.00110586171429,-0.0337234426286,0.001100027314299994,1
99,1779944755928,-0.00110586171429,-0.0337234426286,0.001100027314299994,1
100,1779944755931,-0.00110586171429,-0.0337234426286,0.001100027314299994,1
101,1779944755933,-0.0006729617142900001,-0.0336064426286,-0.000292272685700019,1
102,1779944755936,-0.0006729617142900001,-0.0336064426286,-0.000292272685700019,1
103,1779944755938,-0.0006729617142900001,-0.0336064426286,-0.000292272685700019,1
104,1779944755940,-0.0006729617142900001,-0.0338209426286,-0.00042877268570000286,1
105,1779944755943,-0.0006651617142900005,-0.0338209426286,-0.00042877268570000286,1
106,1779944755945,-0.0006651617142900005,-0.0338209426286,-0.00042877268570000286,1
107,1779944755947,-0.0006651617142900005,-0.0338209426286,-0.00042877268570000286,1
108,1779944755950,-0.0010161617142900002,-0.0337351426286,-0.001103472685700031,1
109,1779944755952,-0.0010161617142900002,-0.0337351426286,-0.001103472685700031,1
110,1779944755955,-0.0010161617142900002,-0.0337351426286,-0.001103472685700031,1
111,1779944755957,-0.00086796171429,-0.0337234426286,-0.0016338726857000729,1
112,1779944755959,-0.00086796171429,-0.0337234426286,-0.0016338726857000729,1
113,1779944755962,-0.00086796171429,-0.0337234426286,-0.0016338726857000729,1
114,1779944755964,-0.00086796171429,-0.0337234426286,-0.0013920726857000031,1
115,1779944755966,-0.0011097617142900003,-0.0328888426286,-0.0013920726857000031,1
116,1779944755969,-0.0011097617142900003,-0.0328888426286,-0.0013920726857000031,1
117,1779944755971,-0.0011097617142900003,-0.0328888426286,-0.0013920726857000031,1
118,1779944755973,-0.0008250617142899997,-0.0327757426286,-0.0011892726857000557,1
119,1779944755976,-0.0008250617142899997,-0.0327757426286,-0.0011892726857000557,1
120,1779944755978,-0.0008250617142899997,-0.0327757426286,-0.0011892726857000557,1
121,1779944755981,-0.0013788617142899999,-0.0320386426286,-0.00022207268569999876,1
122,1779944755983,-0.0013788617142899999,-0.0320386426286,-0.00022207268569999876,1
123,1779944755985,-0.0013788617142899999,-0.0320386426286,-0.00022207268569999876,1
124,1779944755988,-0.0013788617142899999,-0.0320386426286,-0.00022207268569999876,1
