0,1779942644119,-0.00036096171429000033,-0.0325690426286,0.00014452731429999595,1
1,1779942644123,-0.0007275617142900002,-0.0328576426286,-0.00033127268570003025,1
2,1779942644125,-0.0007275617142900002,-0.0328576426286,-0.00033127268570003025,1
3,1779942644128,-0.0007275617142900002,-0.0328576426286,-0.00033127268570003025,1
4,1779942644131,-0.00013476171429000015,-0.0327094426286,0.00016402731429994606,1
5,1779942644133,-0.00013476171429000015,-0.0327094426286,0.00016402731429994606,1
6,1779942644136,-0.00013476171429000015,-0.0327094426286,0.00016402731429994606,1
7,1779942644139,-0.00016986171428999986,-0.0328576426286,0.001100027314299994,1
8,1779942644142,-0.00016986171428999986,-0.0328576426286,0.001100027314299994,1
9,1779942644144,-0.00016986171428999986,-0.0328576426286,0.001100027314299994,1
10,1779942644148,-0.00037266171429000024,-0.0326977426286,0.0011702273143000142,1
11,1779942644151,-0.00037266171429000024,-0.0326977426286,0.0011702273143000142,1
12,1779942644154,-0.0005091617142900006,-0.0323467426286,0.0010961273142999373,1
13,1779942644157,-0.0005091617142900006,-0.0323467426286,0.0010961273142999373,1
14,1779942644160,-0.0005091617142900006,-0.0323467426286,0.0010961273142999373,1
15,1779942644162,-0.0009225617142900001,-0.0321088426286,0.0007529273142999494,1
16,1779942644165,-0.0009225617142900001,-0.0321088426286,0.0007529273142999494,1
17,1779942644168,-0.0009225617142900001,-0.0321088426286,0.0007529273142999494,1
18,1779942644171,-0.0009030617142900006,-0.0321244426286,-0.0008031726856999998,1
19,1779942644173,-0.0009030617142900006,-0.0321244426286,-0.0008031726856999998,1
20,1779942644176,-0.0009030617142900006,-0.0321244426286,-0.0008031726856999998,1
21,1779942644179,-0.0009186617142899998,-0.0325963426286,-0.00113467268570004,1
22,1779942644181,-0.0009186617142899998,-0.0325963426286,-0.00113467268570004,1
23,1779942644184,-0.0009186617142899998,-0.0325963426286,-0.00113467268570004,1
24,1779942644187,-0.0010473617142900005,-0.0329122426286,-0.0015987726857000072,1
25,1779942644189,-0.0010473617142900005,-0.0329122426286,-0.0015987726857000072,1
26,1779942644192,-0.0010473617142900005,-0.0329122426286,-0.0015987726857000072,1
27,1779942644195,-0.0005832617142900003,-0.0332047426286,-0.0018015726857000657,1
28,1779942644198,-0.0005832617142900003,-0.0332047426286,-0.0018015726857000657,1
29,1779942644200,-0.0005832617142900003,-0.0332047426286,-0.0018015726857000657,1
30,1779942644203,-0.0010356617142899998,-0.0330799426286,-0.0014856726857000301,1
31,1779942644206,-0.0010356617142899998,-0.0330799426286,-0.0014856726857000301,1
32,1779942644209,-0.0010356617142899998,-0.0330799426286,-0.0014856726857000301,1
33,1779942644211,-0.0010590617142900004,-0.0333646426286,-0.0009630726856999904,1
34,1779942644214,-0.0010590617142900004,-0.0333646426286,-0.0009630726856999904,1
35,1779942644217,-0.0010590617142900004,-0.0333646426286,-0.0009630726856999904,1
36,1779942644219,-0.0014100617142900002,-0.033454342628599996,-0.00023377268570005764,1
37,1779942644222,-0.0014100617142900002,-0.033454342628599996,-0.00023377268570005764,1
38,1779942644225,-0.0014100617142900002,-0.033454342628599996,-0.00023377268570005764,1
39,1779942644227,-0.0005052617142900003,-0.0336961426286,-5.827268570006254e-05,1
40,1779942644230,-0.0005052617142900003,-0.0336961426286,-5.827268570006254e-05,1
41,1779942644233,-0.0005052617142900003,-0.0336961426286,0.00024202731429996856,1
42,1779942644236,-0.0003765617142900005,-0.033189142628599996,0.00024202731429996856,1
43,1779942644238,-0.0003765617142900005,-0.033189142628599996,0.00024202731429996856,1
44,1779942644241,-0.0003765617142900005,-0.0331813426286,0.0012287273142999756,1
45,1779942644244,-0.0003765617142900005,-0.0331813426286,0.0012287273142999756,1
46,1779942644247,-0.0003765617142900005,-0.0331813426286,0.0012287273142999756,1
47,1779942644250,-0.0008718617142900002,-0.032658742628599996,0.0012014273143000232,1
48,1779942644253,-0.0008718617142900002,-0.032658742628599996,0.0012014273143000232,1
49,1779942644255,-0.0008718617142900002,-0.032658742628599996,0.0012014273143000232,1
50,1779942644258,-0.0008055617142900002,-0.0323116426286,0.0009479273143000056,1
51,1779942644261,-0.0008055617142900002,-0.0323116426286,0.0009479273143000056,1
52,1779942644263,-0.0008055617142900002,-0.0323116426286,0.0009479273143000056,1
53,1779942644266,-0.00047796171429000025,-0.0320503426286,0.0004214273143000203,1
54,1779942644269,-0.00047796171429000025,-0.0320503426286,0.0004214273143000203,1
55,1779942644272,-0.00047796171429000025,-0.0320503426286,0.0004214273143000203,1
56,1779942644275,8.363828570999952e-05,-0.0327406426286,-0.00014407268569997626,1
57,1779942644277,8.363828570999952e-05,-0.0327406426286,-0.00014407268569997626,1
58,1779942644280,8.363828570999952e-05,-0.0327406426286,-0.00014407268569997626,1
59,1779942644283,-0.0002595617142900006,-0.032467642628599996,-0.0006510726857000115,1
60,1779942644286,-0.0002595617142900006,-0.032467642628599996,-0.0006510726857000115,1
61,1779942644289,-0.0002595617142900006,-0.032467642628599996,-0.0006510726857000115,1
62,1779942644292,-0.00016986171428999986,-0.0330526426286,-0.0014154726857000099,1
63,1779942644294,-0.00016986171428999986,-0.0330526426286,-0.0014154726857000099,1
64,1779942644297,-0.00016986171428999986,-0.0330526426286,-0.0012984726856999761,1
65,1779942644300,-0.0009771617142900002,-0.0328303426286,-0.0012984726856999761,1
66,1779942644303,-0.0009771617142900002,-0.0328303426286,-0.0012984726856999761,1
67,1779942644306,-0.0011370617142900004,-0.0333022426286,-0.0018171726857000702,1
68,1779942644309,-0.0011370617142900004,-0.0333022426286,-0.0018171726857000702,1
69,1779942644311,-0.0011370617142900004,-0.0333022426286,-0.0018171726857000702,1
70,1779942644314,-0.0013632617142900006,-0.0333607426286,-0.0005925726857000501,1
71,1779942644317,-0.0013632617142900006,-0.0333607426286,-0.0005925726857000501,1
72,1779942644320,-0.0013632617142900006,-0.0333607426286,-0.0005925726857000501,1
73,1779942644322,-0.00082896171429,-0.0336571426286,-9.727268570007379e-05,1
74,1779942644325,-0.00082896171429,-0.0336571426286,-9.727268570007379e-05,1
75,1779942644328,-0.00082896171429,-0.0336571426286,-9.727268570007379e-05,1
76,1779942644330,-0.00051306171429,-0.0335323426286,0.0011546273143000097,1
77,1779942644333,-0.00051306171429,-0.0335323426286,0.0011546273143000097,1
78,1779942644336,-0.00051306171429,-0.0335323426286,0.0011546273143000097,1
79,1779942644339,-0.00037266171429000024,-0.033333442628599996,0.0014666273142999887,1
80,1779942644341,-0.00037266171429000024,-0.033333442628599996,0.0014666273142999887,1
81,1779942644344,-0.00037266171429000024,-0.033333442628599996,0.0014666273142999887,1
82,1779942644347,-0.00029856171429000055,-0.0329512426286,0.001349627314299955,1
83,1779942644350,-0.00029856171429000055,-0.0329512426286,0.001349627314299955,1
84,1779942644353,-0.00029856171429000055,-0.0329512426286,0.001349627314299955,1
85,1779942644356,-0.0005676617142900001,-0.0321946426286,0.0006398273142999723,1
86,1779942644359,-0.0005676617142900001,-0.0321946426286,0.0006398273142999723,1
87,1779942644361,-0.0005676617142900001,-0.0321946426286,-0.00014017268570003065,1
88,1779942644364,-0.0005286617142900001,-0.0317812426286,-0.00014017268570003065,1
89,1779942644367,-0.0005286617142900001,-0.0317812426286,-0.00014017268570003065,1
90,1779942644369,-0.0005286617142900001,-0.0317812426286,-0.0008655726857000178,1
91,1779942644372,-0.0009069617142899999,-0.0315706426286,-0.0008655726857000178,1
92,1779942644375,-0.0009069617142899999,-0.0315706426286,-0.0008655726857000178,1
93,1779942644378,-0.0009069617142899999,-0.0321361426286,-0.0019458726857000518,1
94,1779942644380,-0.00047406171429,-0.0321361426286,-0.0019458726857000518,1
95,1779942644383,-0.00047406171429,-0.0321361426286,-0.0019458726857000518,1
96,1779942644386,-0.00047406171429,-0.0324715426286,-0.0016338726857000729,1
97,1779942644388,-0.0012033617142900004,-0.0324715426286,-0.0016338726857000729,1
98,1779942644391,-0.0012033617142900004,-0.0324715426286,-0.0016338726857000729,1
99,1779942644394,-0.0011214617142900002,-0.0328888426286,-0.0017235726857000432,1
100,1779942644397,-0.0011214617142900002,-0.0328888426286,-0.0017235726857000432,1
101,1779942644401,-0.0011214617142900002,-0.0328888426286,-0.0014544726857000211,1
102,1779942644404,-0.0012540617142900003,-0.0331345426286,-0.0014544726857000211,1
103,1779942644407,-0.0012540617142900003,-0.0331345426286,-0.0014544726857000211,1
104,1779942644410,-0.0012540617142900003,-0.0331345426286,-0.0010566726857000174,1
105,1779942644413,-0.00115656171429,-0.033520642628599995,-0.0010566726857000174,1
106,1779942644415,-0.00115656171429,-0.033520642628599995,-0.0010566726857000174,1
107,1779942644419,-0.0010356617142899998,-0.0335050426286,0.0006359273143000266,1
108,1779942644422,-0.0010356617142899998,-0.0335050426286,0.0006359273143000266,1
109,1779942644425,-0.0010356617142899998,-0.0335050426286,0.0006359273143000266,1
110,1779942644427,-0.0006495617142900003,-0.0332671426286,0.000694427314299988,1
111,1779942644430,-0.0006495617142900003,-0.0332671426286,0.000694427314299988,1
112,1779942644433,-0.0006495617142900003,-0.0332671426286,0.000694427314299988,1
113,1779942644435,-0.0002673617142900002,-0.033454342628599996,0.0016070273143000292,1
114,1779942644438,-0.0002673617142900002,-0.033454342628599996,0.0016070273143000292,1
115,1779942644441,-0.0002673617142900002,-0.033454342628599996,0.0016070273143000292,1
116,1779942644444,6.413828570999997e-05,-0.0326977426286,0.0012716273142999324,1
117,1779942644446,6.413828570999997e-05,-0.0326977426286,0.0012716273142999324,1
118,1779942644449,6.413828570999997e-05,-0.0326977426286,0.0012716273142999324,1
119,1779942644452,-0.00039606171429000005,-0.032752342628599995,0.0014666273142999887,1
120,1779942644454,-0.00039606171429000005,-0.032752342628599995,0.0014666273142999887,1
121,1779942644457,-0.00039606171429000005,-0.032752342628599995,0.0014666273142999887,1
122,1779942644460,-0.0006807617142899998,-0.0321361426286,0.000756827314300006,1
123,1779942644463,-0.0006807617142899998,-0.0321361426286,0.000756827314300006,1
124,1779942644465,-0.0006807617142899998,-0.0321361426286,0.000756827314300006,1
