0,1779942929773,-0.0007704617142900005,-0.030825742628599998,-0.0012906726856999739,1
1,1779942929776,-0.0007704617142900005,-0.030825742628599998,-0.0012906726856999739,1
2,1779942929778,-0.0018468617142900004,-0.0318787426286,0.0009791273143000146,1
3,1779942929780,-0.0018468617142900004,-0.0318787426286,0.0009791273143000146,1
4,1779942929783,-0.0018468617142900004,-0.0318787426286,0.0009791273143000146,1
5,1779942929785,-0.0018468617142900004,-0.0345658426286,-0.0017664726857,2
6,1779942929788,-0.00016986171428999986,-0.0345658426286,-0.0017664726857,1
7,1779942929790,-0.00016986171428999986,-0.0345658426286,-0.0017664726857,1
8,1779942929792,-0.00016986171428999986,-0.0345658426286,-0.0017664726857,1
9,1779942929823,-0.0008874617142900004,-0.0366172426286,-0.0012594726856999649,1
10,1779942929826,-0.0010707617142900003,-0.0339145426286,0.0017669273143000198,2
11,1779942929882,-0.0012345617142899999,-0.033622042628599996,0.0003746273143000068,1
12,1779942929885,-0.0012345617142899999,-0.033622042628599996,0.0003746273143000068,1
13,1779942929888,-0.0012345617142899999,-0.033622042628599996,0.0003746273143000068,1
14,1779942929890,0.00046973828570999986,-0.0348076426286,-0.001715772685700041,1
15,1779942929892,0.00046973828570999986,-0.0348076426286,-0.001715772685700041,1
16,1779942929895,0.00046973828570999986,-0.0348076426286,-0.001715772685700041,1
17,1779942929897,0.00046973828570999986,-0.0348076426286,0.0017240273142999519,2
18,1779942929900,-0.0015582617142900004,-0.0352366426286,0.0017240273142999519,2
19,1779942929902,-0.0015582617142900004,-0.0352366426286,0.0017240273142999519,2
20,1779942929904,-0.0015582617142900004,-0.0352366426286,0.0017240273142999519,2
21,1779942929907,-0.0013242617142899997,-0.0362038426286,0.00016012731430000045,1
22,1779942929909,-0.0013242617142899997,-0.0362038426286,0.00016012731430000045,1
23,1779942929911,-0.0013242617142899997,-0.0362038426286,0.00016012731430000045,1
24,1779942929914,-0.0011643617142900005,-0.0341914426286,-0.0008343726857000088,1
25,1779942929916,-0.0011643617142900005,-0.0341914426286,-0.0008343726857000088,1
26,1779942929918,-0.0011643617142900005,-0.0341914426286,-0.0008343726857000088,1
27,1779942929921,-0.0011643617142900005,-0.0341914426286,-0.0008343726857000088,1
28,1779942929923,-0.0010746617142900006,-0.0342148426286,0.0018761273142999402,2
29,1779942929925,-0.0010746617142900006,-0.0342148426286,0.0018761273142999402,2
30,1779942929928,-0.0010746617142900006,-0.0342148426286,0.0018761273142999402,2
31,1779942929930,7.973828571000013e-05,-0.0324715426286,-0.0008421726857000111,1
32,1779942929933,7.973828571000013e-05,-0.0324715426286,-0.0008421726857000111,1
33,1779942929935,7.973828571000013e-05,-0.0324715426286,-0.0008421726857000111,1
34,1779942929937,7.973828571000013e-05,-0.0318046426286,-0.0013023726857000328,1
35,1779942929940,-6.066171429000046e-05,-0.0318046426286,-0.0013023726857000328,1
36,1779942929942,-6.066171429000046e-05,-0.0318046426286,-0.0013023726857000328,1
37,1779942929944,-6.066171429000046e-05,-0.0318046426286,-0.0013023726857000328,1
38,1779942929947,-0.00220566171429,-0.0316252426286,0.0007412273143000015,1
39,1779942929949,-0.00220566171429,-0.0316252426286,0.0007412273143000015,1
40,1779942929952,-0.00220566171429,-0.0316252426286,0.0007412273143000015,1
41,1779942929954,0.0002630382857100001,-0.0306268426286,-0.002835072685699975,1
42,1779942929956,0.0002630382857100001,-0.0306268426286,-0.002835072685699975,1
43,1779942929959,0.0002630382857100001,-0.0306268426286,-0.002835072685699975,1
44,1779942929961,0.0002630382857100001,-0.0306268426286,0.0001211273142999892,1
45,1779942929964,-0.0006612617142900002,-0.0305995426286,0.0001211273142999892,1
46,1779942929966,-0.0006612617142900002,-0.0305995426286,0.0001211273142999892,1
47,1779942929969,-0.0006612617142900002,-0.0305995426286,0.0001211273142999892,1
48,1779942929971,-0.0010863617142900005,-0.0315589426286,0.00039802731430001355,1
49,1779942929973,-0.0010863617142900005,-0.0315589426286,0.00039802731430001355,1
50,1779942929976,-0.0010863617142900005,-0.0315589426286,0.00039802731430001355,1
51,1779942929978,-0.0010161617142900002,-0.032128342628599996,-0.0002103726857000509,1
52,1779942929980,-0.0010161617142900002,-0.032128342628599996,-0.0002103726857000509,1
53,1779942929983,-0.0010161617142900002,-0.032128342628599996,-0.0002103726857000509,1
54,1779942929985,-0.0010161617142900002,-0.032128342628599996,-0.0002103726857000509,1
55,1779942929987,-0.0005481617142900005,-0.0320269426286,0.0018332273142999834,2
56,1779942929990,-0.0005481617142900005,-0.0320269426286,0.0018332273142999834,2
57,1779942929992,-0.0005481617142900005,-0.0320269426286,0.0018332273142999834,2
58,1779942929995,-0.00019716171428999993,-0.0337000426286,0.0015797273142999658,1
59,1779942929997,-0.00019716171428999993,-0.0337000426286,0.0015797273142999658,1
60,1779942929999,-0.00019716171428999993,-0.0337000426286,0.0015797273142999658,1
61,1779942930002,-0.00019716171428999993,-0.034916842628599995,-0.0013764726856999986,1
62,1779942930004,0.0002045382857099997,-0.034916842628599995,-0.0013764726856999986,1
63,1779942930006,0.0002045382857099997,-0.034916842628599995,-0.0013764726856999986,1
64,1779942930009,0.0002045382857099997,-0.034916842628599995,-0.0013764726856999986,1
65,1779942930011,-0.0012540617142900003,-0.0345229426286,0.0019853273142999717,2
66,1779942930013,-0.0012540617142900003,-0.0345229426286,0.0019853273142999717,2
67,1779942930016,-0.0012540617142900003,-0.0345229426286,0.0019853273142999717,2
68,1779942930018,0.0007388382857099994,-0.0349597426286,-0.0006744726857000182,1
69,1779942930020,0.0007388382857099994,-0.0349597426286,-0.0006744726857000182,1
70,1779942930023,0.0007388382857099994,-0.0349597426286,-0.0006744726857000182,1
71,1779942930025,0.0007388382857099994,-0.0349597426286,-0.0006744726857000182,1
72,1779942930027,-0.0008835617142900001,-0.0340861426286,-0.0033303726857000625,1
73,1779942930030,-0.0008835617142900001,-0.0340861426286,-0.0033303726857000625,1
74,1779942930032,-0.0008835617142900001,-0.0340861426286,-0.0033303726857000625,1
75,1779942930035,-0.00346926171429,-0.033520642628599995,0.0021257273143000122,2
76,1779942930037,-0.00346926171429,-0.033520642628599995,0.0021257273143000122,2
77,1779942930039,-0.00346926171429,-0.033520642628599995,0.0021257273143000122,2
78,1779942930042,-0.00346926171429,-0.0328537426286,-0.0033927726856999695,2
79,1779942930044,0.00039563828571000017,-0.0328537426286,-0.0033927726856999695,1
80,1779942930046,0.00039563828571000017,-0.0328537426286,-0.0033927726856999695,1
81,1779942930049,0.00039563828571000017,-0.0328537426286,-0.0033927726856999695,1
82,1779942930051,-0.0006612617142900002,-0.032221942628599995,-0.002296872685700042,1
83,1779942930053,-0.0006612617142900002,-0.032221942628599995,-0.002296872685700042,1
84,1779942930056,-0.0006612617142900002,-0.032221942628599995,-0.002296872685700042,1
85,1779942930058,-0.00239286171429,-0.0318826426286,0.0036194273142999434,2
86,1779942930061,-0.00239286171429,-0.0318826426286,0.0036194273142999434,2
87,1779942930063,-0.00239286171429,-0.0318826426286,0.0036194273142999434,2
88,1779942930066,-0.00239286171429,-0.0318826426286,-0.0011892726857000557,1
89,1779942930068,0.00029423828570999955,-0.0312235426286,-0.0011892726857000557,1
90,1779942930070,0.00029423828570999955,-0.0312235426286,-0.0011892726857000557,1
91,1779942930073,0.00029423828570999955,-0.0312235426286,-0.0011892726857000557,1
92,1779942930075,0.0010079382857099998,-0.0319645426286,-0.0028857726857000453,1
93,1779942930077,0.0010079382857099998,-0.0319645426286,-0.0028857726857000453,1
94,1779942930080,0.0010079382857099998,-0.0319645426286,-0.0028857726857000453,1
95,1779942930082,-0.0018078617142900004,-0.0319567426286,0.0021140273142999533,2
96,1779942930084,-0.0018078617142900004,-0.0319567426286,0.0021140273142999533,2
97,1779942930087,-0.0018078617142900004,-0.0319567426286,0.0021140273142999533,2
98,1779942930089,-0.0018078617142900004,-0.0319567426286,0.0021140273142999533,2
99,1779942930092,-0.00020106171429000019,-0.0328069426286,2.7527314299962205e-05,1
100,1779942930094,-0.00020106171429000019,-0.0328069426286,2.7527314299962205e-05,1
101,1779942930096,-0.00020106171429000019,-0.0328069426286,2.7527314299962205e-05,1
102,1779942930099,0.00048143828570999976,-0.034199242628599996,0.0006827273142999291,1
103,1779942930101,0.00048143828570999976,-0.034199242628599996,0.0006827273142999291,1
104,1779942930103,0.00048143828570999976,-0.034199242628599996,0.0006827273142999291,1
105,1779942930106,0.00048143828570999976,-0.034199242628599996,0.002312927314299955,2
106,1779942930108,-0.00144516171429,-0.0338326426286,0.002312927314299955,2
107,1779942930110,-0.00144516171429,-0.0338326426286,0.002312927314299955,2
108,1779942930113,-0.00144516171429,-0.0338326426286,0.002312927314299955,2
109,1779942930115,-0.00147246171429,-0.0341095426286,-0.0008694726856999634,1
110,1779942930118,-0.00147246171429,-0.0341095426286,-0.0008694726856999634,1
111,1779942930120,-0.00147246171429,-0.0341095426286,-0.0008694726856999634,1
112,1779942930122,-0.0006222617142900002,-0.0339691426286,-0.0026790726857000412,1
113,1779942930125,-0.0006222617142900002,-0.0339691426286,-0.0026790726857000412,1
114,1779942930127,-0.0006222617142900002,-0.0339691426286,-0.0026790726857000412,1
115,1779942930129,-0.0006222617142900002,-0.0339691426286,-0.0026790726857000412,1
116,1779942930132,-0.0011409617142899998,-0.0334153426286,-2.3172685699996906e-05,1
117,1779942930134,-0.0011409617142899998,-0.0334153426286,-2.3172685699996906e-05,1
118,1779942930136,-0.0011409617142899998,-0.0334153426286,-2.3172685699996906e-05,1
119,1779942930139,-0.0013047617142900002,-0.0332086426286,0.0006827273142999291,1
120,1779942930141,-0.0013047617142900002,-0.0332086426286,0.0006827273142999291,1
121,1779942930143,-0.0013047617142900002,-0.0332086426286,0.0006827273142999291,1
122,1779942930146,-0.0013047617142900002,-0.0332086426286,-0.002277372685699981,1
123,1779942930148,0.0007622382857100001,-0.0328732426286,-0.002277372685699981,1
124,1779942930151,0.0007622382857100001,-0.0328732426286,-0.002277372685699981,1
