0,1779939338104,-0.0006144617142900006,-0.0323311426286,-0.0006003726857000524,1
1,1779939338106,-0.0006144617142900006,-0.0323311426286,-0.0006003726857000524,1
2,1779939338108,-0.0006144617142900006,-0.0323311426286,-0.0006003726857000524,1
3,1779939338111,-8.796171429000053e-05,-0.0328810426286,-0.0012360726857000692,1
4,1779939338113,-8.796171429000053e-05,-0.0328810426286,-0.0012360726857000692,1
5,1779939338140,-0.0004974617142899998,-0.0332905426286,0.0008153273142999674,1
6,1779939338200,1.7382857100001897e-06,-0.0331774426286,0.0006398273142999723,1
7,1779939338202,-0.0007548617142900003,-0.0329083426286,8.602731430003459e-05,1
8,1779939338205,-0.0007548617142900003,-0.0329083426286,8.602731430003459e-05,1
9,1779939338207,-0.00021666171429000035,-0.0326704426286,0.0002498273142999708,1
10,1779939338209,-0.00021666171429000035,-0.0326704426286,0.0002498273142999708,1
11,1779939338212,-0.00021666171429000035,-0.0326704426286,0.0002498273142999708,1
12,1779939338214,-0.00021666171429000035,-0.0326704426286,0.0002498273142999708,1
13,1779939338217,-0.00036096171429000033,-0.0328186426286,0.00030832731429993217,1
14,1779939338219,-0.00036096171429000033,-0.0328186426286,0.00030832731429993217,1
15,1779939338221,-0.00036096171429000033,-0.0328186426286,0.00030832731429993217,1
16,1779939338224,-0.0007392617142900001,-0.0324871426286,0.0012521273142999823,1
17,1779939338226,-0.0007392617142900001,-0.0324871426286,0.0012521273142999823,1
18,1779939338228,-0.0007392617142900001,-0.0324871426286,0.0012521273142999823,1
19,1779939338231,-0.0007392617142900001,-0.0322414426286,0.0006125273143000199,1
20,1779939338233,0.0006062382857100002,-0.0322414426286,0.0006125273143000199,1
21,1779939338235,0.0006062382857100002,-0.0322414426286,0.0006125273143000199,1
22,1779939338239,0.0006062382857100002,-0.0322414426286,-0.0001167726857000239,1
23,1779939338241,0.0004658382857099996,-0.0326821426286,-0.0001167726857000239,1
24,1779939338244,0.0004658382857099996,-0.0326821426286,-0.0001167726857000239,1
25,1779939338246,0.0004658382857099996,-0.0326821426286,-0.0001167726857000239,1
26,1779939338249,0.0001070382857100002,-0.0332008426286,0.00026932731430003194,1
27,1779939338251,0.0001070382857100002,-0.0332008426286,0.00026932731430003194,1
28,1779939338254,0.0001070382857100002,-0.0332008426286,0.00026932731430003194,1
29,1779939338256,-0.0006378617142900004,-0.0326743426286,-0.0002766726857000145,1
30,1779939338258,-0.0006378617142900004,-0.0326743426286,-0.0002766726857000145,1
31,1779939338261,-0.0006378617142900004,-0.0326743426286,-0.0002766726857000145,1
32,1779939338263,-0.0006378617142900004,-0.0329239426286,-0.0008109726857000021,1
33,1779939338265,-0.0004974617142899998,-0.0329239426286,-0.0008109726857000021,1
34,1779939338268,-0.0004974617142899998,-0.0329239426286,-0.0008109726857000021,1
35,1779939338270,-0.0004974617142899998,-0.0329239426286,-0.0008109726857000021,1
36,1779939338272,-0.0005442617142900003,-0.0323584426286,-0.0009669726857000471,1
37,1779939338275,-0.0005442617142900003,-0.0323584426286,-0.0009669726857000471,1
38,1779939338277,-0.0005442617142900003,-0.0323584426286,-0.0009669726857000471,1
39,1779939338279,-0.0004935617142900004,-0.0328888426286,-0.0009942726856999994,1
40,1779939338282,-0.0004935617142900004,-0.0328888426286,-0.0009942726856999994,1
41,1779939338284,-0.0004935617142900004,-0.0328888426286,-0.0009942726856999994,1
42,1779939338287,-0.0004935617142900004,-0.0328888426286,-0.0009942726856999994,1
43,1779939338289,-0.0008445617142900002,-0.033427042628599996,0.0003005273142999299,1
44,1779939338291,-0.0008445617142900002,-0.033427042628599996,0.0003005273142999299,1
45,1779939338294,-0.0008445617142900002,-0.033427042628599996,0.0003005273142999299,1
46,1779939338296,-0.00040386171429000056,-0.0333412426286,-0.0005457726857000366,1
47,1779939338298,-0.00040386171429000056,-0.0333412426286,-0.0005457726857000366,1
48,1779939338301,-0.00040386171429000056,-0.0333412426286,-0.0005457726857000366,1
49,1779939338303,-0.00040386171429000056,-0.0331423426286,-0.0007719726856999908,1
50,1779939338305,-0.00016206171429000021,-0.0331423426286,-0.0007719726856999908,1
51,1779939338308,-0.00016206171429000021,-0.0331423426286,-0.0007719726856999908,1
52,1779939338310,-0.00016206171429000021,-0.0331423426286,-0.0007719726856999908,1
53,1779939338313,-0.00031416171428999985,-0.0325027426286,5.0927314299968954e-05,1
54,1779939338315,-0.00031416171428999985,-0.0325027426286,5.0927314299968954e-05,1
55,1779939338317,-0.00031416171428999985,-0.0325027426286,5.0927314299968954e-05,1
56,1779939338320,-0.00032586171428999975,-0.0325729426286,0.0005267273142999952,1
57,1779939338322,-0.00032586171428999975,-0.0325729426286,0.0005267273142999952,1
58,1779939338324,-0.00032586171428999975,-0.0325729426286,0.0005267273142999952,1
59,1779939338327,-0.00032586171428999975,-0.0325729426286,0.0007841273142999584,1
60,1779939338329,-0.00020106171429000019,-0.032608042628599995,0.0007841273142999584,1
61,1779939338331,-0.00020106171429000019,-0.032608042628599995,0.0007841273142999584,1
62,1779939338334,-0.00020106171429000019,-0.032608042628599995,0.0007841273142999584,1
63,1779939338336,0.00016943828570999998,-0.0324871426286,0.0003434273142999978,1
64,1779939338338,0.00016943828570999998,-0.0324871426286,0.0003434273142999978,1
65,1779939338341,0.00016943828570999998,-0.0324871426286,0.0003434273142999978,1
66,1779939338343,0.00016943828570999998,-0.0326743426286,-6.607268570006479e-05,1
67,1779939338346,-0.00040386171429000056,-0.0326743426286,-6.607268570006479e-05,1
68,1779939338348,-0.00040386171429000056,-0.0326743426286,-6.607268570006479e-05,1
69,1779939338350,-0.00040386171429000056,-0.0326743426286,-6.607268570006479e-05,1
70,1779939338353,-0.0004935617142900004,-0.0325456426286,-0.00013627268569997401,1
71,1779939338355,-0.0004935617142900004,-0.0325456426286,-0.00013627268569997401,1
72,1779939338357,-0.0004935617142900004,-0.0325456426286,-0.00013627268569997401,1
73,1779939338360,-0.0003414617142899999,-0.0323038426286,-0.0016065726857000095,1
74,1779939338362,-0.0003414617142899999,-0.0323038426286,-0.0016065726857000095,1
75,1779939338364,-0.0003414617142899999,-0.0323038426286,-0.0016065726857000095,1
76,1779939338367,-0.0003414617142899999,-0.0323038426286,-0.0016065726857000095,1
77,1779939338369,-0.00017766171429000038,-0.0330370426286,-0.0016065726857000095,1
78,1779939338372,-0.00017766171429000038,-0.0330370426286,-0.0016065726857000095,1
79,1779939338374,-0.00017766171429000038,-0.0330370426286,-0.0016065726857000095,1
80,1779939338376,-0.00017766171429000038,-0.0331501426286,-0.0005457726857000366,1
81,1779939338379,-0.00017766171429000038,-0.0331501426286,-0.0005457726857000366,1
82,1779939338381,-0.00017766171429000038,-0.0331501426286,-0.0005457726857000366,1
83,1779939338383,-0.00046626171429000034,-0.0336376426286,-2.7072685700053542e-05,1
84,1779939338386,-0.00046626171429000034,-0.0336376426286,-2.7072685700053542e-05,1
85,1779939338388,-0.00046626171429000034,-0.0336376426286,-2.7072685700053542e-05,1
86,1779939338390,-0.00046626171429000034,-0.0336376426286,-2.7072685700053542e-05,1
87,1779939338393,-0.0007860617142899998,-0.0335362426286,0.000663227314299979,1
88,1779939338395,-0.0007860617142899998,-0.0335362426286,0.000663227314299979,1
89,1779939338397,-0.0007860617142899998,-0.0335362426286,0.000663227314299979,1
90,1779939338400,2.1238285709999742e-05,-0.0332047426286,-0.00015967268569998076,1
91,1779939338402,2.1238285709999742e-05,-0.0332047426286,-0.00015967268569998076,1
92,1779939338405,2.1238285709999742e-05,-0.0332047426286,-0.00015967268569998076,1
93,1779939338407,2.1238285709999742e-05,-0.0332047426286,0.00029272731429992767,1
94,1779939338409,2.903828570999939e-05,-0.0329200426286,0.00029272731429992767,1
95,1779939338412,2.903828570999939e-05,-0.0329200426286,0.00029272731429992767,1
96,1779939338414,2.903828570999939e-05,-0.0329200426286,0.00029272731429992767,1
97,1779939338416,5.243828571000007e-05,-0.0332125426286,0.0012950273142999392,1
98,1779939338419,5.243828571000007e-05,-0.0332125426286,0.0012950273142999392,1
99,1779939338421,5.243828571000007e-05,-0.0332125426286,0.0012950273142999392,1
100,1779939338423,-2.1661714290000487e-05,-0.0327328426286,0.0010766273142999872,1
101,1779939338426,-2.1661714290000487e-05,-0.0327328426286,0.0010766273142999872,1
102,1779939338428,-2.1661714290000487e-05,-0.0327328426286,0.0010766273142999872,1
103,1779939338431,-2.1661714290000487e-05,-0.0327328426286,0.0010766273142999872,1
104,1779939338433,5.633828570999946e-05,-0.0325066426286,-0.00014017268570003065,1
105,1779939338435,5.633828570999946e-05,-0.0325066426286,-0.00014017268570003065,1
106,1779939338439,5.633828570999946e-05,-0.0325066426286,-0.00014017268570003065,1
107,1779939338441,-0.00025176171429000006,-0.031792942628599996,0.0001055273142999847,1
108,1779939338443,-0.00025176171429000006,-0.031792942628599996,0.0001055273142999847,1
109,1779939338446,-0.00025176171429000006,-0.031792942628599996,0.0001055273142999847,1
110,1779939338448,-0.0009225617142900001,-0.031644742628599995,-0.0009825726857000516,1
111,1779939338451,-0.0009225617142900001,-0.031644742628599995,-0.0009825726857000516,1
112,1779939338453,-0.0009225617142900001,-0.031644742628599995,-0.0009825726857000516,1
113,1779939338455,-0.0009225617142900001,-0.0320698426286,-0.000573072685699989,1
114,1779939338458,-0.0006222617142900002,-0.0320698426286,-0.000573072685699989,1
115,1779939338460,-0.0006222617142900002,-0.0320698426286,-0.000573072685699989,1
116,1779939338462,-0.0006222617142900002,-0.0320698426286,-0.000573072685699989,1
117,1779939338468,-0.0008874617142900004,-0.0323935426286,-0.0006822726857000205,1
118,1779939338471,-0.0008874617142900004,-0.0323935426286,-0.0006822726857000205,1
119,1779939338473,3.293828570999965e-05,-0.0332554426286,-0.0010176726857000062,1
120,1779939338476,3.293828570999965e-05,-0.0332554426286,-0.0010176726857000062,1
121,1779939338478,3.293828570999965e-05,-0.0332554426286,-0.0010176726857000062,1
122,1779939338480,-9.186171428999992e-05,-0.0336142426286,-0.000822672685700061,1
123,1779939338483,-9.186171428999992e-05,-0.0336142426286,-0.000822672685700061,1
124,1779939338485,-9.186171428999992e-05,-0.0336142426286,-0.000822672685700061,1
