0,1779939625879,0.00019673828571000005,-0.0328459426286,-0.0006003726857000524,1
1,1779939625882,0.00019673828571000005,-0.0328459426286,-0.0006003726857000524,1
2,1779939625912,-0.0005715617142900004,-0.0332554426286,-1.1472685700049043e-05,1
3,1779939625927,-0.0005715617142900004,-0.0332554426286,-1.1472685700049043e-05,1
4,1779939625975,-0.00013476171429000015,-0.032416942628599996,-0.0009630726856999904,1
5,1779939625977,-0.00013476171429000015,-0.032416942628599996,-0.0009630726856999904,1
6,1779939625979,-0.00013476171429000015,-0.032416942628599996,-0.0009630726856999904,1
7,1779939625982,-0.00013476171429000015,-0.032416942628599996,-0.0010215726857000628,1
8,1779939625984,-4.116171429000004e-05,-0.031937242628599996,-0.0010215726857000628,1
9,1779939625987,-4.116171429000004e-05,-0.031937242628599996,-0.0010215726857000628,1
10,1779939625989,-4.116171429000004e-05,-0.031937242628599996,-0.0010215726857000628,1
11,1779939625991,0.00010313828570999994,-0.032510542628599995,-0.0004677726857000141,1
12,1779939625994,0.00010313828570999994,-0.032510542628599995,-0.0004677726857000141,1
13,1779939625996,0.00010313828570999994,-0.032510542628599995,-0.0004677726857000141,1
14,1779939625998,-0.0002127617142900001,-0.0326665426286,-0.000198672685699992,1
15,1779939626001,-0.0002127617142900001,-0.0326665426286,-0.000198672685699992,1
16,1779939626003,-0.0002127617142900001,-0.0326665426286,-0.000198672685699992,1
17,1779939626005,-0.0002127617142900001,-0.0326665426286,-0.000198672685699992,1
18,1779939626008,-0.0009264617142900004,-0.0328459426286,-0.000354672685700037,1
19,1779939626010,-0.0009264617142900004,-0.0328459426286,-0.000354672685700037,1
20,1779939626013,-0.0009264617142900004,-0.0328459426286,-0.000354672685700037,1
21,1779939626015,-0.0005364617142899998,-0.0332281426286,-1.1472685700049043e-05,1
22,1779939626017,-0.0005364617142899998,-0.0332281426286,-1.1472685700049043e-05,1
23,1779939626020,-0.0005364617142899998,-0.0332281426286,-1.1472685700049043e-05,1
24,1779939626022,-0.0005364617142899998,-0.0332281426286,2.7527314299962205e-05,1
25,1779939626024,-0.00047406171429,-0.0333841426286,2.7527314299962205e-05,1
26,1779939626027,-0.00047406171429,-0.0333841426286,2.7527314299962205e-05,1
27,1779939626029,-0.00047406171429,-0.0333841426286,2.7527314299962205e-05,1
28,1779939626032,0.00015383828570999982,-0.0334075426286,0.00014452731429999595,1
29,1779939626034,0.00015383828570999982,-0.0334075426286,0.00014452731429999595,1
30,1779939626036,0.00015383828570999982,-0.0334075426286,0.00014452731429999595,1
31,1779939626039,0.00013823828570999966,-0.0335869426286,0.0002498273142999708,1
32,1779939626041,0.00013823828570999966,-0.0335869426286,0.0002498273142999708,1
33,1779939626043,0.00013823828570999966,-0.0335869426286,0.0002498273142999708,1
34,1779939626046,0.00013823828570999966,-0.0335869426286,0.0002498273142999708,1
35,1779939626048,0.00038783828570999965,-0.0332749426286,-0.00038197268569998936,1
36,1779939626050,0.00038783828570999965,-0.0332749426286,-0.00038197268569998936,1
37,1779939626053,0.00038783828570999965,-0.0332749426286,-0.00038197268569998936,1
38,1779939626055,-0.0005442617142900003,-0.0324832426286,1.1927314299957706e-05,1
39,1779939626058,-0.0005442617142900003,-0.0324832426286,1.1927314299957706e-05,1
40,1779939626060,-0.0005442617142900003,-0.0324832426286,1.1927314299957706e-05,1
41,1779939626062,-0.0005442617142900003,-0.0324832426286,-0.0005691726857000434,1
42,1779939626065,-0.0005013617142900001,-0.0319762426286,-0.0005691726857000434,1
43,1779939626067,-0.0005013617142900001,-0.0319762426286,-0.0005691726857000434,1
44,1779939626069,-0.0005013617142900001,-0.0319762426286,-0.0005691726857000434,1
45,1779939626072,-0.0003804617142899999,-0.0316135426286,-0.0008460726857000677,1
46,1779939626074,-0.0003804617142899999,-0.0316135426286,-0.0008460726857000677,1
47,1779939626076,-0.0003804617142899999,-0.0316135426286,-0.0008460726857000677,1
48,1779939626079,-0.0002946617142900003,-0.0323896426286,-0.00047557268570001636,1
49,1779939626081,-0.0002946617142900003,-0.0323896426286,-0.00047557268570001636,1
50,1779939626084,-0.0002946617142900003,-0.0323896426286,-0.00047557268570001636,1
51,1779939626086,-0.0002946617142900003,-0.0323896426286,-0.00047557268570001636,1
52,1779939626088,0.00017723828570999963,-0.0327133426286,0.0002342273142999663,1
53,1779939626091,0.00017723828570999963,-0.0327133426286,0.0002342273142999663,1
54,1779939626093,0.00017723828570999963,-0.0327133426286,0.0002342273142999663,1
55,1779939626095,0.00014993828570999956,-0.0332164426286,-8.947268570007154e-05,1
56,1779939626098,0.00014993828570999956,-0.0332164426286,-8.947268570007154e-05,1
57,1779939626100,0.00014993828570999956,-0.0332164426286,-8.947268570007154e-05,1
58,1779939626102,0.00014993828570999956,-0.0334348426286,0.0007139273142999381,1
59,1779939626105,-0.0002361617142899999,-0.0334348426286,0.0007139273142999381,1
60,1779939626107,-0.0002361617142899999,-0.0334348426286,0.0007139273142999381,1
61,1779939626110,-0.0002361617142899999,-0.0334348426286,0.0007139273142999381,1
62,1779939626112,-0.0002361617142899999,-0.0334582426286,0.00010942731429993031,1
63,1779939626114,-0.0002361617142899999,-0.0334582426286,0.00010942731429993031,1
64,1779939626117,-0.0002361617142899999,-0.0334582426286,0.00010942731429993031,1
65,1779939626119,-0.00051306171429,-0.0331540426286,8.602731430003459e-05,1
66,1779939626121,-0.00051306171429,-0.0331540426286,8.602731430003459e-05,1
67,1779939626124,-0.00051306171429,-0.0331540426286,8.602731430003459e-05,1
68,1779939626126,-0.00051306171429,-0.0331540426286,8.602731430003459e-05,1
69,1779939626128,-0.0007275617142900002,-0.0329083426286,-0.0007836726857000497,1
70,1779939626131,-0.0007275617142900002,-0.0329083426286,-0.0007836726857000497,1
71,1779939626133,-0.0007275617142900002,-0.0329083426286,-0.0007836726857000497,1
72,1779939626136,-0.00105126171429,-0.0329356426286,-0.0012672726856999671,1
73,1779939626138,-0.00105126171429,-0.0329356426286,-0.0012672726856999671,1
74,1779939626140,-0.00105126171429,-0.0329356426286,-0.0012672726856999671,1
75,1779939626143,-0.00105126171429,-0.0330487426286,-0.0010995726856999743,1
76,1779939626145,-0.00100056171429,-0.0330487426286,-0.0010995726856999743,1
77,1779939626147,-0.00100056171429,-0.0330487426286,-0.0010995726856999743,1
78,1779939626150,-0.00100056171429,-0.0330487426286,-0.0010995726856999743,1
79,1779939626152,-0.0004896617142900002,-0.0332944426286,-0.0010059726857000583,1
80,1779939626154,-0.0004896617142900002,-0.0332944426286,-0.0010059726857000583,1
81,1779939626157,-0.0004896617142900002,-0.0332944426286,-0.0010059726857000583,1
82,1779939626159,0.00017333828571000024,-0.0324910426286,-0.000385872685700046,1
83,1779939626162,0.00017333828571000024,-0.0324910426286,-0.000385872685700046,1
84,1779939626164,0.00017333828571000024,-0.0324910426286,-0.000385872685700046,1
85,1779939626166,0.00017333828571000024,-0.0324910426286,-0.000385872685700046,1
86,1779939626169,0.0004619382857100002,-0.0322843426286,-8.167268570006929e-05,1
87,1779939626171,0.0004619382857100002,-0.0322843426286,-8.167268570006929e-05,1
88,1779939626173,0.0004619382857100002,-0.0322843426286,-8.167268570006929e-05,1
89,1779939626176,0.0005399382857100002,-0.0321478426286,0.00026932731430003194,1
90,1779939626178,0.0005399382857100002,-0.0321478426286,0.00026932731430003194,1
91,1779939626181,0.0005399382857100002,-0.0321478426286,0.00026932731430003194,1
92,1779939626183,-0.0003999617142900003,-0.0322375426286,0.0008231273142999696,1
93,1779939626185,-0.0003999617142900003,-0.0322375426286,0.0008231273142999696,1
94,1779939626188,-0.0003999617142900003,-0.0322375426286,0.0008231273142999696,1
95,1779939626190,-0.0003999617142900003,-0.0322375426286,0.0008231273142999696,1
96,1779939626192,-3.726171428999978e-05,-0.0331462426286,0.0013223273143000026,1
97,1779939626195,-3.726171428999978e-05,-0.0331462426286,0.0013223273143000026,1
98,1779939626197,-3.726171428999978e-05,-0.0331462426286,0.0013223273143000026,1
99,1779939626200,-0.0002205617142900006,-0.0330019426286,0.0001991273143000117,1
100,1779939626202,-0.0002205617142900006,-0.0330019426286,0.0001991273143000117,1
101,1779939626204,-0.0002205617142900006,-0.0330019426286,0.0001991273143000117,1
102,1779939626207,-0.0002205617142900006,-0.033310042628599996,0.0006398273142999723,1
103,1779939626209,-0.0007158617142900003,-0.033310042628599996,0.0006398273142999723,1
104,1779939626212,-0.0007158617142900003,-0.033310042628599996,0.0006398273142999723,1
105,1779939626214,-0.0007158617142900003,-0.033310042628599996,0.0006398273142999723,1
106,1779939626217,-0.0007587617142900006,-0.0332398426286,-0.00044437268570000736,1
107,1779939626219,-0.0007587617142900006,-0.0332398426286,-0.00044437268570000736,1
108,1779939626222,-0.0007587617142900006,-0.0332398426286,-0.00044437268570000736,1
109,1779939626224,-0.0007158617142900003,-0.0330799426286,-0.0008343726857000088,1
110,1779939626226,-0.0007158617142900003,-0.0330799426286,-0.0008343726857000088,1
111,1779939626229,-0.0007158617142900003,-0.0330799426286,-0.0008343726857000088,1
112,1779939626231,-0.0008445617142900002,-0.0327328426286,-0.001072272685700022,1
113,1779939626234,-0.0008445617142900002,-0.0327328426286,-0.001072272685700022,1
114,1779939626236,-0.0008445617142900002,-0.0327328426286,-0.001072272685700022,1
115,1779939626238,-0.0008445617142900002,-0.0327328426286,-0.001072272685700022,1
116,1779939626241,-0.0004701617142900006,-0.0327250426286,-0.0009240726856999792,1
117,1779939626243,-0.0004701617142900006,-0.0327250426286,-0.0009240726856999792,1
118,1779939626245,-0.0004701617142900006,-0.0327250426286,-0.0009240726856999792,1
119,1779939626248,-0.00014646171429000005,-0.0324715426286,-0.0017898726857000068,1
120,1779939626250,-0.00014646171429000005,-0.0324715426286,-0.0017898726857000068,1
121,1779939626252,-0.00014646171429000005,-0.0324715426286,-0.0017898726857000068,1
122,1779939626255,-0.00014646171429000005,-0.0326431426286,-0.0006705726857000726,1
123,1779939626257,0.00015773828571000008,-0.0326431426286,-0.0006705726857000726,1
124,1779939626260,0.00015773828571000008,-0.0326431426286,-0.0006705726857000726,1
