0,1779942331681,-0.0008211617142900004,-0.0326977426286,1.1927314299957706e-05,1
1,1779942331684,-0.0003414617142899999,-0.0327250426286,2.2731430000984265e-07,1
2,1779942331742,-0.0003414617142899999,-0.0327250426286,2.2731430000984265e-07,1
3,1779942331745,-0.0009264617142900004,-0.033333442628599996,-0.00033517268569997587,1
4,1779942331747,-0.0009264617142900004,-0.033333442628599996,-0.00033517268569997587,1
5,1779942331749,-0.0006027617142899998,-0.033044842628599996,-0.00024937268570006214,1
6,1779942331752,-0.0006027617142899998,-0.033044842628599996,-0.00024937268570006214,1
7,1779942331754,-0.0006027617142899998,-0.033044842628599996,-0.00024937268570006214,1
8,1779942331756,-0.00075096171429,-0.0329707426286,0.00012892731429999145,1
9,1779942331759,-0.00075096171429,-0.0329707426286,0.00012892731429999145,1
10,1779942331761,-0.00075096171429,-0.0329707426286,0.00012892731429999145,1
11,1779942331763,-0.00075096171429,-0.0329707426286,-0.0006705726857000726,1
12,1779942331766,-0.0005364617142899998,-0.0326704426286,-0.0006705726857000726,1
13,1779942331768,-0.0005364617142899998,-0.0326704426286,-0.0006705726857000726,1
14,1779942331771,-0.0005364617142899998,-0.0326704426286,-0.0006705726857000726,1
15,1779942331773,-0.0005988617142900004,-0.0324325426286,0.0002030273142999573,1
16,1779942331776,-0.0005988617142900004,-0.0324325426286,0.0002030273142999573,1
17,1779942331778,-0.0005988617142900004,-0.0324325426286,0.0002030273142999573,1
18,1779942331781,-0.0003882617142900004,-0.0322492426286,-0.0004638726857000685,1
19,1779942331784,-0.0003882617142900004,-0.0322492426286,-0.0004638726857000685,1
20,1779942331786,-0.0003882617142900004,-0.0322492426286,-0.0004638726857000685,1
21,1779942331788,-0.0004623617142900001,-0.0324559426286,-2.3172685699996906e-05,1
22,1779942331791,-0.0004623617142900001,-0.0324559426286,-2.3172685699996906e-05,1
23,1779942331793,-0.0004623617142900001,-0.0324559426286,-2.3172685699996906e-05,1
24,1779942331795,-0.0004623617142900001,-0.0324559426286,-2.3172685699996906e-05,1
25,1779942331798,-0.00034926171429000043,-0.0324754426286,0.0001718273142999483,1
26,1779942331800,-0.00034926171429000043,-0.0324754426286,0.0001718273142999483,1
27,1779942331802,-0.00034926171429000043,-0.0324754426286,0.0001718273142999483,1
28,1779942331805,-0.0007197617142900006,-0.0325690426286,0.0001055273142999847,1
29,1779942331807,-0.0007197617142900006,-0.0325690426286,0.0001055273142999847,1
30,1779942331809,-0.0007197617142900006,-0.0325690426286,0.0001055273142999847,1
31,1779942331812,-0.0007197617142900006,-0.0328225426286,-7.777268570001265e-05,1
32,1779942331814,-0.0008211617142900004,-0.0328225426286,-7.777268570001265e-05,1
33,1779942331817,-0.0008211617142900004,-0.0328225426286,-7.777268570001265e-05,1
34,1779942331819,-0.0008211617142900004,-0.0328225426286,-7.777268570001265e-05,1
35,1779942331821,-0.0012189617142900006,-0.0332710426286,-0.00034687268570003475,1
36,1779942331824,-0.0012189617142900006,-0.0332710426286,-0.00034687268570003475,1
37,1779942331826,-0.0012189617142900006,-0.0332710426286,-0.00034687268570003475,1
38,1779942331828,-0.0009693617142900006,-0.0330721426286,-0.0005574726856999845,1
39,1779942331831,-0.0009693617142900006,-0.0330721426286,-0.0005574726856999845,1
40,1779942331833,-0.0009693617142900006,-0.0330721426286,-0.0005574726856999845,1
41,1779942331836,-0.0009693617142900006,-0.0330721426286,-0.0005379726857000344,1
42,1779942331838,-0.00072366171429,-0.0334855426286,-0.0005379726857000344,1
43,1779942331840,-0.00072366171429,-0.0334855426286,-0.0005379726857000344,1
44,1779942331843,-0.00072366171429,-0.0334855426286,-0.0005379726857000344,1
45,1779942331845,-0.0008055617142900002,-0.0332749426286,-0.0003702726857000415,1
46,1779942331847,-0.0008055617142900002,-0.0332749426286,-0.0003702726857000415,1
47,1779942331850,-0.0008055617142900002,-0.0332749426286,-0.0003702726857000415,1
48,1779942331852,-0.0004233617142900001,-0.033189142628599996,-0.0005457726857000366,1
49,1779942331854,-0.0004233617142900001,-0.033189142628599996,-0.0005457726857000366,1
50,1779942331857,-0.0004233617142900001,-0.033189142628599996,-0.0005457726857000366,1
51,1779942331859,-0.0004233617142900001,-0.033189142628599996,-0.0005457726857000366,1
52,1779942331862,-0.0006144617142900006,-0.0329356426286,0.0005150273142999363,1
53,1779942331864,-0.0006144617142900006,-0.0329356426286,0.0005150273142999363,1
54,1779942331867,-0.0006144617142900006,-0.0329356426286,0.0005150273142999363,1
55,1779942331870,-0.00075096171429,-0.0325573426286,-0.00028447268570001676,1
56,1779942331872,-0.00075096171429,-0.0325573426286,-0.00028447268570001676,1
57,1779942331874,-0.00075096171429,-0.0325573426286,-0.00028447268570001676,1
58,1779942331877,-0.0008094617142900004,-0.0323740426286,0.0002030273142999573,1
59,1779942331879,-0.0008094617142900004,-0.0323740426286,0.0002030273142999573,1
60,1779942331881,-0.0008094617142900004,-0.0323740426286,0.0002030273142999573,1
61,1779942331884,-0.0008094617142900004,-0.0323740426286,-0.0002883726857000734,1
62,1779942331886,-0.0005442617142900003,-0.0324754426286,-0.0002883726857000734,1
63,1779942331889,-0.0005442617142900003,-0.0324754426286,-0.0002883726857000734,1
64,1779942331891,-0.0005442617142900003,-0.0324754426286,-0.0002883726857000734,1
65,1779942331893,-0.0007275617142900002,-0.0323389426286,6.262731430002784e-05,1
66,1779942331896,-0.0007275617142900002,-0.0323389426286,6.262731430002784e-05,1
67,1779942331898,-0.0007275617142900002,-0.0323389426286,6.262731430002784e-05,1
68,1779942331900,-9.966171429000043e-05,-0.0328693426286,-4.6572685700003655e-05,1
69,1779942331903,-9.966171429000043e-05,-0.0328693426286,-4.6572685700003655e-05,1
70,1779942331905,-9.966171429000043e-05,-0.0328693426286,-4.6572685700003655e-05,1
71,1779942331907,-9.966171429000043e-05,-0.0328693426286,-4.6572685700003655e-05,1
72,1779942331910,-0.0005052617142900003,-0.0327484426286,-0.0001518726856999785,1
73,1779942331912,-0.0005052617142900003,-0.0327484426286,-0.0001518726856999785,1
74,1779942331915,-0.0005052617142900003,-0.0327484426286,-0.0001518726856999785,1
75,1779942331917,-0.0003921617142899998,-0.0329122426286,-0.0007641726856999886,1
76,1779942331919,-0.0003921617142899998,-0.0329122426286,-0.0007641726856999886,1
77,1779942331922,-0.0003921617142899998,-0.0329122426286,-0.0007641726856999886,1
78,1779942331924,-0.0003921617142899998,-0.0329980426286,0.00035122731430000005,1
79,1779942331926,-0.0007431617142900004,-0.0329980426286,0.00035122731430000005,1
80,1779942331929,-0.0007431617142900004,-0.0329980426286,0.00035122731430000005,1
81,1779942331931,-0.0007431617142900004,-0.0329980426286,0.00035122731430000005,1
82,1779942331933,-0.0006651617142900005,-0.0332164426286,-0.0008109726857000021,1
83,1779942331936,-0.0006651617142900005,-0.0332164426286,-0.0008109726857000021,1
84,1779942331938,-0.0006651617142900005,-0.0332164426286,-0.0008109726857000021,1
85,1779942331941,-0.0008094617142900004,-0.0329278426286,-0.0002961726856999646,1
86,1779942331943,-0.0008094617142900004,-0.0329278426286,-0.0002961726856999646,1
87,1779942331945,-0.0008094617142900004,-0.0329278426286,-0.0002961726856999646,1
88,1779942331948,-0.0008094617142900004,-0.0329278426286,-0.0002961726856999646,1
89,1779942331950,-0.0007704617142900005,-0.0335401426286,-0.00038197268569998936,1
90,1779942331952,-0.0007704617142900005,-0.0335401426286,-0.00038197268569998936,1
91,1779942331955,-0.0007704617142900005,-0.0335401426286,-0.00038197268569998936,1
92,1779942331957,-0.00047796171429000025,-0.033138442628599996,-0.0005145726857000276,1
93,1779942331959,-0.00047796171429000025,-0.033138442628599996,-0.0005145726857000276,1
94,1779942331962,-0.00047796171429000025,-0.033138442628599996,-0.0005145726857000276,1
95,1779942331965,-0.0005247617142899999,-0.0333997426286,0.0003473273142999434,1
96,1779942331967,-0.0005247617142899999,-0.0333997426286,0.0003473273142999434,1
97,1779942331970,-0.0005247617142899999,-0.0333997426286,0.0003473273142999434,1
98,1779942331973,-0.00043506171429,-0.0330955426286,-0.0001947726857000464,1
99,1779942331975,-0.00043506171429,-0.0330955426286,-0.0001947726857000464,1
100,1779942331978,-0.00043506171429,-0.0330955426286,-0.0001947726857000464,1
101,1779942331981,-0.0007158617142900003,-0.0326509426286,-0.0001011726857000194,1
102,1779942331983,-0.0007158617142900003,-0.0326509426286,-0.0001011726857000194,1
103,1779942331986,-0.0007158617142900003,-0.0326509426286,-0.0001011726857000194,1
104,1779942331988,-0.0007158617142900003,-0.0327211426286,0.0004409273142999704,1
105,1779942331991,-0.0006885617142900003,-0.0327211426286,0.0004409273142999704,1
106,1779942331993,-0.0006885617142900003,-0.0327211426286,0.0004409273142999704,1
107,1779942331996,-0.0006885617142900003,-0.0327211426286,0.00032002731429999105,1
108,1779942331998,-0.00110586171429,-0.0324364426286,0.00032002731429999105,1
109,1779942332001,-0.00110586171429,-0.0324364426286,0.00032002731429999105,1
110,1779942332003,-0.00110586171429,-0.0324364426286,0.00032002731429999105,1
111,1779942332005,-0.0005247617142899999,-0.0325924426286,-0.00028447268570001676,1
112,1779942332008,-0.0005247617142899999,-0.0325924426286,-0.00028447268570001676,1
113,1779942332010,-0.0005247617142899999,-0.0325924426286,-0.00028447268570001676,1
114,1779942332013,-0.0009108617142900002,-0.0327952426286,-0.00013627268569997401,1
115,1779942332015,-0.0009108617142900002,-0.0327952426286,-0.00013627268569997401,1
116,1779942332017,-0.0009108617142900002,-0.0327952426286,-0.00013627268569997401,1
117,1779942332020,-0.0009108617142900002,-0.0327952426286,-0.00013627268569997401,1
118,1779942332022,-0.0003375617142900005,-0.0329902426286,-0.0008811726857000223,1
119,1779942332024,-0.0003375617142900005,-0.0329902426286,-0.0008811726857000223,1
120,1779942332027,-0.0003375617142900005,-0.0329902426286,-0.0008811726857000223,1
121,1779942332029,-0.0007158617142900003,-0.0335011426286,0.00010942731429993031,1
122,1779942332031,-0.0007158617142900003,-0.0335011426286,0.00010942731429993031,1
123,1779942332034,-0.0007158617142900003,-0.0335011426286,0.00010942731429993031,1
124,1779942332036,-0.0007158617142900003,-0.0335011426286,-0.0005262726856999755,1
