0,1779940847399,-0.0005325617142900004,-0.0324598426286,-0.0007485726856999841,1
1,1779940847401,-0.0006417617142899998,-0.0330253426286,2.362731430001659e-05,1
2,1779940847459,-0.0006417617142899998,-0.0330253426286,2.362731430001659e-05,1
3,1779940847462,-0.00061836171429,-0.0327484426286,0.0005150273142999363,1
4,1779940847465,-0.00061836171429,-0.0327484426286,0.0005150273142999363,1
5,1779940847467,-0.00061836171429,-0.0327484426286,0.0005150273142999363,1
6,1779940847469,-0.0006378617142900004,-0.0324949426286,-0.0001479726857000329,1
7,1779940847472,-0.0006378617142900004,-0.0324949426286,-0.0001479726857000329,1
8,1779940847474,-0.0006378617142900004,-0.0324949426286,-0.0001479726857000329,1
9,1779940847477,-0.0006378617142900004,-0.0323155426286,-0.0006705726857000726,1
10,1779940847479,-0.0006924617142900005,-0.0323155426286,-0.0006705726857000726,1
11,1779940847481,-0.0006924617142900005,-0.0323155426286,-0.0006705726857000726,1
12,1779940847484,-0.0006924617142900005,-0.0323155426286,-0.0006705726857000726,1
13,1779940847486,-0.0007041617142900004,-0.032896642628599995,-0.0007758726857000475,1
14,1779940847489,-0.0007041617142900004,-0.032896642628599995,-0.0007758726857000475,1
15,1779940847491,-0.0007041617142900004,-0.032896642628599995,-0.0007758726857000475,1
16,1779940847493,-0.0007860617142899998,-0.0329629426286,-0.0009279726857000358,1
17,1779940847496,-0.0007860617142899998,-0.0329629426286,-0.0009279726857000358,1
18,1779940847498,-0.0007860617142899998,-0.0329629426286,-0.0009279726857000358,1
19,1779940847500,-0.0007860617142899998,-0.0329629426286,-0.0006627726857000703,1
20,1779940847503,-0.0009186617142899998,-0.0335089426286,-0.0006627726857000703,1
21,1779940847505,-0.0009186617142899998,-0.0335089426286,-0.0006627726857000703,1
22,1779940847507,-0.0009186617142899998,-0.0335089426286,-0.0006627726857000703,1
23,1779940847510,-0.0007782617142900001,-0.033454342628599996,-0.0001791726857000419,1
24,1779940847512,-0.0007782617142900001,-0.033454342628599996,-0.0001791726857000419,1
25,1779940847514,-0.0007782617142900001,-0.033454342628599996,-0.0001791726857000419,1
26,1779940847517,-0.00038436171429000014,-0.0333685426286,-0.0012945726857000305,1
27,1779940847519,-0.00038436171429000014,-0.0333685426286,-0.0012945726857000305,1
28,1779940847522,-0.00038436171429000014,-0.0333685426286,-0.0012945726857000305,1
29,1779940847524,-0.00038436171429000014,-0.0333685426286,-0.0012945726857000305,1
30,1779940847526,-0.0010863617142900005,-0.0332983426286,4.702731430002334e-05,1
31,1779940847529,-0.0010863617142900005,-0.0332983426286,4.702731430002334e-05,1
32,1779940847531,-0.0010863617142900005,-0.0332983426286,4.702731430002334e-05,1
33,1779940847533,-0.0005091617142900006,-0.033138442628599996,-0.00017137268570003965,1
34,1779940847536,-0.0005091617142900006,-0.033138442628599996,-0.00017137268570003965,1
35,1779940847538,-0.0005091617142900006,-0.033138442628599996,-0.00017137268570003965,1
36,1779940847540,-0.0005091617142900006,-0.033138442628599996,-0.00028447268570001676,1
37,1779940847543,-0.0005715617142900004,-0.0327289426286,-0.00028447268570001676,1
38,1779940847545,-0.0005715617142900004,-0.0327289426286,-0.00028447268570001676,1
39,1779940847548,-0.0005715617142900004,-0.0327289426286,-0.00028447268570001676,1
40,1779940847550,-0.0003999617142900003,-0.0329902426286,-5.047268570006029e-05,1
41,1779940847552,-0.0003999617142900003,-0.0329902426286,-5.047268570006029e-05,1
42,1779940847555,-0.0003999617142900003,-0.0329902426286,-5.047268570006029e-05,1
43,1779940847557,-0.0005637617142899998,-0.0322414426286,0.0002771273143000342,1
44,1779940847559,-0.0005637617142899998,-0.0322414426286,0.0002771273143000342,1
45,1779940847562,-0.0005637617142899998,-0.0322414426286,0.0002771273143000342,1
46,1779940847564,-0.0005637617142899998,-0.0322414426286,0.0002771273143000342,1
47,1779940847566,-0.00029076171429000004,-0.0324052426286,-0.00010897268570002165,1
48,1779940847569,-0.00029076171429000004,-0.0324052426286,-0.00010897268570002165,1
49,1779940847571,-0.00029076171429000004,-0.0324052426286,-0.00010897268570002165,1
50,1779940847573,-0.0007782617142900001,-0.0323038426286,0.0006047273143000177,1
51,1779940847576,-0.0007782617142900001,-0.0323038426286,0.0006047273143000177,1
52,1779940847578,-0.0007782617142900001,-0.0323038426286,0.0006047273143000177,1
53,1779940847581,-0.0007782617142900001,-0.0323038426286,-0.0004677726857000141,1
54,1779940847583,-0.0006534617142900006,-0.0321595426286,-0.0004677726857000141,1
55,1779940847585,-0.0006534617142900006,-0.0321595426286,-0.0004677726857000141,1
56,1779940847588,-0.0006534617142900006,-0.0321595426286,-0.0004677726857000141,1
57,1779940847590,-0.0009108617142900002,-0.0329746426286,-0.0004911726857000209,1
58,1779940847592,-0.0009108617142900002,-0.0329746426286,-0.0004911726857000209,1
59,1779940847595,-0.0009108617142900002,-0.0329746426286,-0.0004911726857000209,1
60,1779940847597,-0.0009108617142900002,-0.033087742628599995,-0.000229872685700001,1
61,1779940847599,-0.0007353617142899999,-0.033087742628599995,-0.000229872685700001,1
62,1779940847602,-0.0007353617142899999,-0.033087742628599995,-0.000229872685700001,1
63,1779940847604,-0.0007353617142899999,-0.033087742628599995,-0.000229872685700001,1
64,1779940847606,-0.0004818617142900005,-0.0333958426286,0.0001367273142999937,1
65,1779940847609,-0.0004818617142900005,-0.0333958426286,0.0001367273142999937,1
66,1779940847611,-0.0004818617142900005,-0.0333958426286,0.0001367273142999937,1
67,1779940847613,-0.0007080617142899998,-0.0334465426286,0.0007412273143000015,1
68,1779940847616,-0.0007080617142899998,-0.0334465426286,0.0007412273143000015,1
69,1779940847618,-0.0007080617142899998,-0.0334465426286,0.0007412273143000015,1
70,1779940847621,-0.0007080617142899998,-0.0334465426286,-0.0002961726856999646,1
71,1779940847623,-0.0005637617142899998,-0.0331774426286,-0.0002961726856999646,1
72,1779940847626,-0.0005637617142899998,-0.0331774426286,-0.0002961726856999646,1
73,1779940847628,-0.0005637617142899998,-0.0331774426286,-0.0002961726856999646,1
74,1779940847630,-0.0008367617142900005,-0.0332242426286,0.00048382731429992727,1
75,1779940847633,-0.0008367617142900005,-0.0332242426286,0.00048382731429992727,1
76,1779940847635,-0.0008367617142900005,-0.0332242426286,0.00048382731429992727,1
77,1779940847637,-0.00068466171429,-0.0328732426286,-0.0006081726857000546,1
78,1779940847640,-0.00068466171429,-0.0328732426286,-0.0006081726857000546,1
79,1779940847642,-0.00068466171429,-0.0328732426286,-0.0006081726857000546,1
80,1779940847645,-0.00068466171429,-0.0328732426286,-0.0006081726857000546,1
81,1779940847647,-0.0007197617142900006,-0.0323779426286,-0.0008460726857000677,1
82,1779940847649,-0.0007197617142900006,-0.0323779426286,-0.0008460726857000677,1
83,1779940847652,-0.0007197617142900006,-0.0323779426286,-0.0008460726857000677,1
84,1779940847654,-0.0005871617142900005,-0.0327913426286,-0.0005652726856999867,1
85,1779940847656,-0.0005871617142900005,-0.0327913426286,-0.0005652726856999867,1
86,1779940847659,-0.0005871617142900005,-0.0327913426286,-0.0005652726856999867,1
87,1779940847661,-0.0005871617142900005,-0.0325534426286,-0.000791472685700052,1
88,1779940847663,-0.0004896617142900002,-0.0325534426286,-0.000791472685700052,1
89,1779940847666,-0.0004896617142900002,-0.0325534426286,-0.000791472685700052,1
90,1779940847668,-0.0004896617142900002,-0.0325534426286,-0.000791472685700052,1
91,1779940847670,-0.00054036171429,-0.0326002426286,-0.0007719726856999908,1
92,1779940847673,-0.00054036171429,-0.0326002426286,-0.0007719726856999908,1
93,1779940847675,-0.00054036171429,-0.0326002426286,-0.0007719726856999908,1
94,1779940847678,-0.0007080617142899998,-0.0328381426286,0.0001718273142999483,1
95,1779940847680,-0.0007080617142899998,-0.0328381426286,0.0001718273142999483,1
96,1779940847682,-0.0007080617142899998,-0.0328381426286,0.0001718273142999483,1
97,1779940847685,-0.0007080617142899998,-0.0328381426286,0.0001718273142999483,1
98,1779940847687,-0.0004233617142900001,-0.0325690426286,-0.0002766726857000145,1
99,1779940847689,-0.0004233617142900001,-0.0325690426286,-0.0002766726857000145,1
100,1779940847692,-0.0004233617142900001,-0.0325690426286,-0.0002766726857000145,1
101,1779940847694,-0.0006924617142900005,-0.0330331426286,0.0004877273142999839,1
102,1779940847696,-0.0006924617142900005,-0.0330331426286,0.0004877273142999839,1
103,1779940847699,-0.0006924617142900005,-0.0330331426286,0.0004877273142999839,1
104,1779940847701,-0.0006924617142900005,-0.0329824426286,0.0003902273143000113,1
105,1779940847703,-0.0007431617142900004,-0.0329824426286,0.0003902273143000113,1
106,1779940847706,-0.0007431617142900004,-0.0329824426286,0.0003902273143000113,1
107,1779940847708,-0.0007431617142900004,-0.0329824426286,0.0003902273143000113,1
108,1779940847711,-0.00042726171429000037,-0.0332242426286,-0.0002142726856999965,1
109,1779940847713,-0.00042726171429000037,-0.0332242426286,-0.0002142726856999965,1
110,1779940847715,-0.00042726171429000037,-0.0332242426286,-0.0002142726856999965,1
111,1779940847718,-0.0004857617142899999,-0.033333442628599996,-0.00036637268569998487,1
112,1779940847720,-0.0004857617142899999,-0.033333442628599996,-0.00036637268569998487,1
113,1779940847722,-0.0004857617142899999,-0.033333442628599996,-0.00036637268569998487,1
114,1779940847725,-0.0004857617142899999,-0.033333442628599996,-0.00036637268569998487,1
115,1779940847727,-0.00042726171429000037,-0.0333256426286,-0.0006705726857000726,1
116,1779940847729,-0.00042726171429000037,-0.0333256426286,-0.0006705726857000726,1
117,1779940847732,-0.00042726171429000037,-0.0333256426286,-0.0006705726857000726,1
118,1779940847734,-0.0005910617142899999,-0.033021442628599997,-0.00015577268570003515,1
119,1779940847736,-0.0005910617142899999,-0.033021442628599997,-0.00015577268570003515,1
120,1779940847739,-0.0005910617142899999,-0.033021442628599997,-0.00015577268570003515,1
121,1779940847741,-0.0005910617142899999,-0.0330643426286,-0.00019087268569998976,1
122,1779940847744,-0.00072366171429,-0.0330643426286,-0.00019087268569998976,1
123,1779940847746,-0.00072366171429,-0.0330643426286,-0.00019087268569998976,1
124,1779940847748,-0.00072366171429,-0.0330643426286,-0.00019087268569998976,1
