0,1778827431214,0.00013052130000000203,0.00012942150000000083,0.00010133760000006798,1
1,1778827431217,0.00013052130000000203,0.00012942150000000083,0.00010133760000006798,1
2,1778827431219,-0.00010737870000000066,-0.00014747849999999924,0.0005342375999999153,1
3,1778827431221,-0.00010737870000000066,-0.00014747849999999924,0.0005342375999999153,1
4,1778827431224,-0.00010737870000000066,-0.00014747849999999924,0.0005342375999999153,1
5,1778827431226,0.00022802129999999893,-0.00017477850000000017,-0.00011316239999993838,1
6,1778827431228,0.00022802129999999893,-0.00017477850000000017,-0.00011316239999993838,1
7,1778827431231,0.00022802129999999893,-0.00017477850000000017,-0.00011316239999993838,1
8,1778827431233,0.00022802129999999893,-0.00017477850000000017,-0.00011316239999993838,1
9,1778827431266,1.8212999999996093e-06,-8.507849999999859e-05,-3.516239999991588e-05,1
10,1778827431286,-9.957869999999841e-05,-8.507849999999859e-05,-3.516239999991588e-05,1
11,1778827431298,0.00011882130000000213,5.532150000000027e-05,-0.00042516240000002836,1
12,1778827431302,0.00011882130000000213,5.532150000000027e-05,-0.00042516240000002836,1
13,1778827431306,0.00011882130000000213,5.532150000000027e-05,-0.00042516240000002836,1
14,1778827431322,-0.0003140786999999978,8.652150000000233e-05,-8.586239999998601e-05,1
15,1778827431335,0.00022802129999999893,0.00011772150000000092,1.9437599999988845e-05,1
16,1778827431337,0.00022802129999999893,0.00011772150000000092,1.9437599999988845e-05,1
17,1778827431339,-0.0002243786999999997,-0.00019427849999999885,0.00035483759999997455,1
18,1778827431342,-0.0002243786999999997,-0.00019427849999999885,0.00035483759999997455,1
19,1778827431344,-0.0002243786999999997,-0.00019427849999999885,0.00035483759999997455,1
20,1778827431346,0.000274821300000002,-0.00014747849999999924,-0.00018336240000006964,1
21,1778827431349,0.000274821300000002,-0.00014747849999999924,-0.00018336240000006964,1
22,1778827431351,0.000274821300000002,-0.00014747849999999924,-0.00018336240000006964,1
23,1778827431353,0.000274821300000002,-0.00014747849999999924,0.00033923759999997006,1
24,1778827431356,-0.00020487870000000102,6.702150000000018e-05,0.00033923759999997006,1
25,1778827431358,-0.00020487870000000102,6.702150000000018e-05,0.00033923759999997006,1
26,1778827431361,-0.00020487870000000102,6.702150000000018e-05,0.00033923759999997006,1
27,1778827431363,-0.0003686786999999997,1.2421500000001778e-05,2.333760000004548e-05,1
28,1778827431365,-0.0003686786999999997,1.2421500000001778e-05,2.333760000004548e-05,1
29,1778827431368,-0.0003686786999999997,1.2421500000001778e-05,2.333760000004548e-05,1
30,1778827431370,-6.057870000000104e-05,-0.00013577849999999933,0.0002963376000000132,1
31,1778827431372,-6.057870000000104e-05,-0.00013577849999999933,0.0002963376000000132,1
32,1778827431375,-6.057870000000104e-05,-0.00013577849999999933,0.0002963376000000132,1
33,1778827431377,-6.057870000000104e-05,-0.00013577849999999933,0.0002963376000000132,1
34,1778827431379,0.00018512130000000043,-0.00019427849999999885,0.0002495375999999997,1
35,1778827431382,0.00018512130000000043,-0.00019427849999999885,0.0002495375999999997,1
36,1778827431384,0.00018512130000000043,-0.00019427849999999885,0.0002495375999999997,1
37,1778827431387,0.0001578212999999995,0.00015672150000000176,-0.00010146239999999051,1
38,1778827431389,0.0001578212999999995,0.00015672150000000176,-0.00010146239999999051,1
39,1778827431391,0.0001578212999999995,0.00015672150000000176,-0.00010146239999999051,1
40,1778827431394,0.0001578212999999995,-0.00020207849999999764,1.1637599999875573e-05,1
41,1778827431396,0.0001344212999999997,-0.00020207849999999764,1.1637599999875573e-05,1
42,1778827431398,0.0001344212999999997,-0.00020207849999999764,1.1637599999875573e-05,1
43,1778827431401,0.0001344212999999997,-0.00020207849999999764,1.1637599999875573e-05,1
44,1778827431403,7.592130000000016e-05,-0.0001318784999999982,-0.00029646240000004675,1
45,1778827431406,7.592130000000016e-05,-0.0001318784999999982,-0.00029646240000004675,1
46,1778827431408,7.592130000000016e-05,-0.0001318784999999982,-0.00029646240000004675,1
47,1778827431411,-0.0003140786999999978,-9.287850000000084e-05,0.00028463760000006533,1
48,1778827431413,-0.0003140786999999978,-9.287850000000084e-05,0.00028463760000006533,1
49,1778827431415,-0.0003140786999999978,-9.287850000000084e-05,0.00028463760000006533,1
50,1778827431418,0.0002826213000000008,0.00015282150000000064,-0.0004017624000000216,1
51,1778827431420,0.0002826213000000008,0.00015282150000000064,-0.0004017624000000216,1
52,1778827431423,0.0002826213000000008,0.00015282150000000064,-0.0004017624000000216,1
53,1778827431425,0.0002826213000000008,0.00015282150000000064,-0.0004017624000000216,1
54,1778827431427,-0.0002594786999999994,-0.00015527849999999802,0.00043283759999999705,1
55,1778827431430,-0.0002594786999999994,-0.00015527849999999802,0.00043283759999999705,1
56,1778827431432,-0.0002594786999999994,-0.00015527849999999802,0.00043283759999999705,1
57,1778827431434,0.0003138212999999994,2.4121500000001683e-05,-0.0003081623999999946,1
58,1778827431437,0.0003138212999999994,2.4121500000001683e-05,-0.0003081623999999946,1
59,1778827431439,0.0003138212999999994,2.4121500000001683e-05,-0.0003081623999999946,1
60,1778827431442,0.0003138212999999994,-8.897849999999971e-05,0.0005498375999999198,1
61,1778827431444,0.00010712130000000222,-8.897849999999971e-05,0.0005498375999999198,1
62,1778827431446,0.00010712130000000222,-8.897849999999971e-05,0.0005498375999999198,1
63,1778827431449,0.00010712130000000222,-8.897849999999971e-05,0.0005498375999999198,1
64,1778827431451,0.00020852130000000024,0.00010602150000000102,-0.0005031624000000508,1
65,1778827431453,0.00020852130000000024,0.00010602150000000102,-0.0005031624000000508,1
66,1778827431456,0.00020852130000000024,0.00010602150000000102,-0.0005031624000000508,1
67,1778827431458,-0.0002009786999999999,-0.00021377849999999754,0.00033923759999997006,1
68,1778827431460,-0.0002009786999999999,-0.00021377849999999754,0.00033923759999997006,1
69,1778827431463,-0.0002009786999999999,-0.00021377849999999754,0.00033923759999997006,1
70,1778827431465,-0.0002009786999999999,-0.00021377849999999754,0.00033923759999997006,1
71,1778827431468,5.2521300000000354e-05,-0.00022547850000000091,-0.00019896240000007414,1
72,1778827431470,5.2521300000000354e-05,-0.00022547850000000091,-0.00019896240000007414,1
73,1778827431472,5.2521300000000354e-05,-0.00022547850000000091,-0.00019896240000007414,1
74,1778827431475,-8.78786999999985e-05,8.262150000000121e-05,0.00018323759999992506,1
75,1778827431477,-8.78786999999985e-05,8.262150000000121e-05,0.00018323759999992506,1
76,1778827431479,-8.78786999999985e-05,8.262150000000121e-05,0.00018323759999992506,1
77,1778827431482,2.1321300000001764e-05,6.312150000000252e-05,0.0002651376000000042,1
78,1778827431484,2.1321300000001764e-05,6.312150000000252e-05,0.0002651376000000042,1
79,1778827431486,2.1321300000001764e-05,6.312150000000252e-05,0.0002651376000000042,1
80,1778827431489,2.1321300000001764e-05,6.312150000000252e-05,0.0002651376000000042,1
81,1778827431491,3.6921299999999324e-05,8.262150000000121e-05,-0.0005499624000000643,1
82,1778827431493,3.6921299999999324e-05,8.262150000000121e-05,-0.0005499624000000643,1
83,1778827431496,3.6921299999999324e-05,8.262150000000121e-05,-0.0005499624000000643,1
84,1778827431498,-3.3278700000000105e-05,-0.00015917849999999914,4.283759999988457e-05,1
85,1778827431500,-3.3278700000000105e-05,-0.00015917849999999914,4.283759999988457e-05,1
86,1778827431503,-3.3278700000000105e-05,-0.00015917849999999914,4.283759999988457e-05,1
87,1778827431505,-3.3278700000000105e-05,-0.00015917849999999914,-0.00019116239999996087,1
88,1778827431508,0.0001461212999999996,-0.00010067849999999962,-0.00019116239999996087,1
89,1778827431510,0.0001461212999999996,-0.00010067849999999962,-0.00019116239999996087,1
90,1778827431512,0.0001461212999999996,-0.00010067849999999962,-0.00019116239999996087,1
91,1778827431515,-0.00015417870000000028,-0.0002332784999999997,0.00012863760000002034,1
92,1778827431517,-0.00015417870000000028,-0.0002332784999999997,0.00012863760000002034,1
93,1778827431519,-0.00015417870000000028,-0.0002332784999999997,0.00012863760000002034,1
94,1778827431522,0.000259221300000001,-3.1784999999992514e-06,-0.00023406240000002876,1
95,1778827431524,0.000259221300000001,-3.1784999999992514e-06,-0.00023406240000002876,1
96,1778827431527,0.000259221300000001,-3.1784999999992514e-06,-0.00023406240000002876,1
97,1778827431529,0.000259221300000001,-3.1784999999992514e-06,-0.00023406240000002876,1
98,1778827431531,-9.177869999999963e-05,2.022150000000056e-05,0.000787737600000044,1
99,1778827431534,-9.177869999999963e-05,2.022150000000056e-05,0.000787737600000044,1
100,1778827431536,-9.177869999999963e-05,2.022150000000056e-05,0.000787737600000044,1
101,1778827431538,0.0002982213000000018,-3.1784999999992514e-06,-0.00013656240000005615,1
102,1778827431541,0.0002982213000000018,-3.1784999999992514e-06,-0.00013656240000005615,1
103,1778827431543,0.0002982213000000018,-3.1784999999992514e-06,-0.00013656240000005615,1
104,1778827431546,0.0002982213000000018,-6.167849999999878e-05,0.00032363759999996556,1
105,1778827431548,0.00015002130000000072,-6.167849999999878e-05,0.00032363759999996556,1
106,1778827431550,0.00015002130000000072,-6.167849999999878e-05,0.00032363759999996556,1
107,1778827431553,0.00015002130000000072,-6.167849999999878e-05,0.00032363759999996556,1
108,1778827431555,2.9121300000000544e-05,-2.2678499999997936e-05,-0.0007449624000000095,1
109,1778827431557,2.9121300000000544e-05,-2.2678499999997936e-05,-0.0007449624000000095,1
110,1778827431560,2.9121300000000544e-05,-2.2678499999997936e-05,-0.0007449624000000095,1
111,1778827431562,-0.00010737870000000066,-7.72784999999998e-05,-0.0007722624000000729,1
112,1778827431564,-0.00010737870000000066,-7.72784999999998e-05,-0.0007722624000000729,1
113,1778827431567,-0.00010737870000000066,-7.72784999999998e-05,-0.0007722624000000729,1
114,1778827431569,-0.00010737870000000066,-7.72784999999998e-05,-6.636239999992488e-05,1
115,1778827431572,4.082130000000045e-05,-5.777849999999765e-05,-6.636239999992488e-05,1
116,1778827431574,4.082130000000045e-05,-5.777849999999765e-05,-6.636239999992488e-05,1
117,1778827431576,4.082130000000045e-05,-5.777849999999765e-05,-6.636239999992488e-05,1
118,1778827431579,-9.957869999999841e-05,-2.2678499999997936e-05,-0.00011706239999999501,1
119,1778827431581,-9.957869999999841e-05,-2.2678499999997936e-05,-0.00011706239999999501,1
120,1778827431583,-9.957869999999841e-05,-2.2678499999997936e-05,-0.00011706239999999501,1
121,1778827431586,-8.78786999999985e-05,-4.997849999999887e-05,0.0004757375999999539,1
122,1778827431588,-8.78786999999985e-05,-4.997849999999887e-05,0.0004757375999999539,1
123,1778827431590,-8.78786999999985e-05,-4.997849999999887e-05,0.0004757375999999539,1
124,1778827431593,-8.78786999999985e-05,-4.997849999999887e-05,0.0004757375999999539,1
