0,1778829229282,0.0003372212999999992,-0.0005296784999999984,0.0004757375999999539,1
1,1778829229284,3.6921299999999324e-05,-0.0005608785000000005,0.00030803759999996106,1
2,1778829229286,3.6921299999999324e-05,-0.0005608785000000005,0.00030803759999996106,1
3,1778829229289,3.6921299999999324e-05,-0.0005608785000000005,0.00030803759999996106,1
4,1778829229291,3.6921299999999324e-05,-0.0005608785000000005,0.00030803759999996106,1
5,1778829229294,0.0004698212999999993,-0.0003775784999999997,0.00021053759999987743,1
6,1778829229296,0.0004698212999999993,-0.0003775784999999997,0.00021053759999987743,1
7,1778829229298,0.0004698212999999993,-0.0003775784999999997,0.00021053759999987743,1
8,1778829229301,0.0002631213000000021,-0.0006622784999999985,-0.00018726240000012628,1
9,1778829229303,0.0002631213000000021,-0.0006622784999999985,-0.00018726240000012628,1
10,1778829229305,0.0002631213000000021,-0.0006622784999999985,-0.00018726240000012628,1
11,1778829229308,0.0002631213000000021,-0.0006622784999999985,-0.000510962400000053,1
12,1778829229310,0.00038792129999999994,-0.0007909784999999975,-0.000510962400000053,1
13,1778829229312,0.00038792129999999994,-0.0007909784999999975,-0.000510962400000053,1
14,1778829229315,0.00038792129999999994,-0.0007909784999999975,-0.000510962400000053,1
15,1778829229317,0.000114921300000001,-0.0005920784999999991,-8.196239999992938e-05,1
16,1778829229348,0.0002631213000000021,-0.0005257785000000008,-4.686240000008579e-05,1
17,1778829229371,0.0003528213000000002,-0.0004828784999999988,-4.686240000008579e-05,1
18,1778829229411,0.0002475213000000011,-0.0004009784999999995,-4.296240000002915e-05,1
19,1778829229414,0.0002397213000000023,-0.0006505784999999986,0.0001559375999999727,1
20,1778829229417,0.0002397213000000023,-0.0006505784999999986,0.0001559375999999727,1
21,1778829229419,0.0002397213000000023,-0.0006505784999999986,0.0001559375999999727,1
22,1778829229421,0.000274821300000002,-0.000588178499999998,-0.00013656240000005615,1
23,1778829229424,0.000274821300000002,-0.000588178499999998,-0.00013656240000005615,1
24,1778829229426,0.000274821300000002,-0.000588178499999998,-0.00013656240000005615,1
25,1778829229428,0.00022022130000000015,-0.0006505784999999986,0.0007487375999999217,1
26,1778829229431,0.00022022130000000015,-0.0006505784999999986,0.0007487375999999217,1
27,1778829229433,0.00022022130000000015,-0.0006505784999999986,0.0007487375999999217,1
28,1778829229435,0.00022022130000000015,-0.0006505784999999986,8.573760000006348e-05,1
29,1778829229438,5.642130000000148e-05,-0.0007714784999999988,8.573760000006348e-05,1
30,1778829229440,5.642130000000148e-05,-0.0007714784999999988,8.573760000006348e-05,1
31,1778829229442,5.642130000000148e-05,-0.0007714784999999988,8.573760000006348e-05,1
32,1778829229445,0.00027872129999999967,-0.0006466784999999975,0.00046403760000000605,1
33,1778829229447,0.00027872129999999967,-0.0006466784999999975,0.00046403760000000605,1
34,1778829229450,0.00027872129999999967,-0.0006466784999999975,0.00046403760000000605,1
35,1778829229452,0.0003138212999999994,-0.0007012784999999994,-9.756239999993388e-05,1
36,1778829229454,0.0003138212999999994,-0.0007012784999999994,-9.756239999993388e-05,1
37,1778829229457,0.0003138212999999994,-0.0007012784999999994,-9.756239999993388e-05,1
38,1778829229459,0.0003138212999999994,-0.0007012784999999994,-9.756239999993388e-05,1
39,1778829229461,0.00014222130000000194,-0.0006193785,2.333760000004548e-05,1
40,1778829229464,0.00014222130000000194,-0.0006193785,2.333760000004548e-05,1
41,1778829229466,0.00014222130000000194,-0.0006193785,2.333760000004548e-05,1
42,1778829229468,0.0003840213000000023,-0.0006466784999999975,-0.00015606240000011728,1
43,1778829229471,0.0003840213000000023,-0.0006466784999999975,-0.00015606240000011728,1
44,1778829229473,0.0003840213000000023,-0.0006466784999999975,-0.00015606240000011728,1
45,1778829229476,0.0003840213000000023,-0.0006466784999999975,-0.000179462400000013,1
46,1778829229478,0.00021242130000000137,-0.0008026785000000008,-0.000179462400000013,1
47,1778829229480,0.00021242130000000137,-0.0008026785000000008,-0.000179462400000013,1
48,1778829229483,0.00021242130000000137,-0.0008026785000000008,-0.000179462400000013,1
49,1778829229485,0.000259221300000001,-0.0007519785000000001,-1.566240000007679e-05,1
50,1778829229487,0.000259221300000001,-0.0007519785000000001,-1.566240000007679e-05,1
51,1778829229490,0.000259221300000001,-0.0007519785000000001,-1.566240000007679e-05,1
52,1778829229492,9.15213000000012e-05,-0.0006310784999999999,0.00028463760000006533,1
53,1778829229494,9.15213000000012e-05,-0.0006310784999999999,0.00028463760000006533,1
54,1778829229497,9.15213000000012e-05,-0.0006310784999999999,0.00028463760000006533,1
55,1778829229499,9.15213000000012e-05,-0.0006310784999999999,0.00028463760000006533,1
56,1778829229501,0.0004152213000000009,-0.0006310784999999999,0.0008150375999999963,1
57,1778829229504,0.0004152213000000009,-0.0006310784999999999,0.0008150375999999963,1
58,1778829229506,0.0004152213000000009,-0.0006310784999999999,0.0008150375999999963,1
59,1778829229509,0.00020072130000000146,-0.0005335784999999996,0.0007097376000000215,1
60,1778829229511,0.00020072130000000146,-0.0005335784999999996,0.0007097376000000215,1
61,1778829229513,0.00020072130000000146,-0.0005335784999999996,0.0007097376000000215,1
62,1778829229516,0.00020072130000000146,-0.0005335784999999996,0.0003938375999998748,1
63,1778829229518,0.0003177213000000005,-0.000732478499999998,0.0003938375999998748,1
64,1778829229520,0.0003177213000000005,-0.000732478499999998,0.0003938375999998748,1
65,1778829229523,0.0003177213000000005,-0.000732478499999998,0.0003938375999998748,1
66,1778829229525,0.000360621299999999,-0.0003697785000000009,-0.0001638624000000085,1
67,1778829229528,0.000360621299999999,-0.0003697785000000009,-0.0001638624000000085,1
68,1778829229530,0.000360621299999999,-0.0003697785000000009,-0.0001638624000000085,1
69,1778829229532,7.592130000000016e-05,-0.0006934785000000006,0.00027683759999995206,1
70,1778829229535,7.592130000000016e-05,-0.0006934785000000006,0.00027683759999995206,1
71,1778829229537,7.592130000000016e-05,-0.0006934785000000006,0.00027683759999995206,1
72,1778829229539,7.592130000000016e-05,-0.0006934785000000006,0.00027683759999995206,1
73,1778829229542,0.000114921300000001,-0.0006193785,-0.00032766240000005575,1
74,1778829229544,0.000114921300000001,-0.0006193785,-0.00032766240000005575,1
75,1778829229546,0.000114921300000001,-0.0006193785,-0.00032766240000005575,1
76,1778829229549,0.00023192130000000005,-0.0004711784999999989,0.0004367376000000537,1
77,1778829229551,0.00023192130000000005,-0.0004711784999999989,0.0004367376000000537,1
78,1778829229553,0.00023192130000000005,-0.0004711784999999989,0.0004367376000000537,1
79,1778829229556,0.00023192130000000005,-0.000720778499999998,0.00022613759999988192,1
80,1778829229558,0.00018902130000000156,-0.000720778499999998,0.00022613759999988192,1
81,1778829229560,0.00018902130000000156,-0.000720778499999998,0.00022613759999988192,1
82,1778829229563,0.00018902130000000156,-0.000720778499999998,0.00022613759999988192,1
83,1778829229565,0.0002514213000000022,-0.0006427784999999998,0.00033923759999997006,1
84,1778829229568,0.0002514213000000022,-0.0006427784999999998,0.00033923759999997006,1
85,1778829229570,0.0002514213000000022,-0.0006427784999999998,0.00033923759999997006,1
86,1778829229572,0.00027872129999999967,-0.000603778499999999,0.00012863760000002034,1
87,1778829229575,0.00027872129999999967,-0.000603778499999999,0.00012863760000002034,1
88,1778829229577,0.00027872129999999967,-0.000603778499999999,0.00012863760000002034,1
89,1778829229579,0.00027872129999999967,-0.000603778499999999,3.5037599999993344e-05,1
90,1778829229582,0.00035672130000000135,-0.0003814785000000008,3.5037599999993344e-05,1
91,1778829229584,0.00035672130000000135,-0.0003814785000000008,3.5037599999993344e-05,1
92,1778829229587,0.00035672130000000135,-0.0003814785000000008,3.5037599999993344e-05,1
93,1778829229589,0.00023582130000000118,-0.0007441784999999979,-3.962400000128926e-06,1
94,1778829229591,0.00023582130000000118,-0.0007441784999999979,-3.962400000128926e-06,1
95,1778829229594,0.00023582130000000118,-0.0007441784999999979,-3.962400000128926e-06,1
96,1778829229596,0.000419121300000002,-0.0005842785000000003,0.0003782376000000923,1
97,1778829229598,0.000419121300000002,-0.0005842785000000003,0.0003782376000000923,1
98,1778829229601,0.000419121300000002,-0.0005842785000000003,0.0003782376000000923,1
99,1778829229603,0.000419121300000002,-0.0005842785000000003,0.0003782376000000923,1
100,1778829229605,0.0001929212999999992,-0.0007129784999999993,0.0007214375999999693,1
101,1778829229608,0.0001929212999999992,-0.0007129784999999993,0.0007214375999999693,1
102,1778829229610,0.0001929212999999992,-0.0007129784999999993,0.0007214375999999693,1
103,1778829229613,0.00027872129999999967,-0.0005140785000000009,0.0003197375999999089,1
104,1778829229615,0.00027872129999999967,-0.0005140785000000009,0.0003197375999999089,1
105,1778829229617,0.00027872129999999967,-0.0005140785000000009,0.0003197375999999089,1
106,1778829229620,0.00027872129999999967,-0.0007168785000000004,0.0004367376000000537,1
107,1778829229622,0.0006024212999999994,-0.0007168785000000004,0.0004367376000000537,1
108,1778829229624,0.0006024212999999994,-0.0007168785000000004,0.0004367376000000537,1
109,1778829229627,0.0006024212999999994,-0.0007168785000000004,0.0004367376000000537,1
110,1778829229629,0.00011882130000000213,-0.0006583785000000009,-0.0004212623999999717,1
111,1778829229631,0.00011882130000000213,-0.0006583785000000009,-0.0004212623999999717,1
112,1778829229634,0.00011882130000000213,-0.0006583785000000009,-0.0004212623999999717,1
113,1778829229636,0.0001578212999999995,-0.0006700785000000008,-2.3462399999968017e-05,1
114,1778829229639,0.0001578212999999995,-0.0006700785000000008,-2.3462399999968017e-05,1
115,1778829229641,0.0001578212999999995,-0.0006700785000000008,-2.3462399999968017e-05,1
116,1778829229643,0.0001578212999999995,-0.0006700785000000008,-2.3462399999968017e-05,1
117,1778829229646,0.0001266213000000009,-0.0007168785000000004,-0.00016776240000006515,1
118,1778829229648,0.0001266213000000009,-0.0007168785000000004,-0.00016776240000006515,1
119,1778829229650,0.0001266213000000009,-0.0007168785000000004,-0.00016776240000006515,1
120,1778829229653,9.542130000000232e-05,-0.0004711784999999989,3.8375999999843455e-06,1
121,1778829229655,9.542130000000232e-05,-0.0004711784999999989,3.8375999999843455e-06,1
122,1778829229657,9.542130000000232e-05,-0.0004711784999999989,3.8375999999843455e-06,1
123,1778829229660,9.542130000000232e-05,-0.0006271784999999988,0.0001715375999999772,1
124,1778829229662,5.642130000000148e-05,-0.0006271784999999988,0.0001715375999999772,1
