0,1778810992939,7.776377140000096e-05,-0.00030528754290000057,-0.0004380524571430081,1
1,1778810992943,7.776377140000096e-05,-0.00030528754290000057,-0.0004380524571430081,1
2,1778810992948,-7.433622860000128e-05,0.0001315124571000005,0.00029904754285692693,1
3,1778810992994,-1.9736228599999406e-05,-0.00013758754290000078,-0.00011045245714302464,1
4,1778810993099,0.0002493637714000019,-0.0003325875429000015,-0.0006798524571429668,1
5,1778810993103,0.0001518637714000015,0.000318712457099999,0.0010712475428570386,1
6,1778810993106,3.4863771399998994e-05,3.791245710000127e-05,0.0010712475428570386,1
7,1778810993109,3.4863771399998994e-05,3.791245710000127e-05,0.0010712475428570386,1
8,1778810993113,-0.00022253622859999891,-0.00024678754290000104,0.0010205475428569685,1
9,1778810993116,-0.00022253622859999891,-0.00024678754290000104,0.0010205475428569685,1
10,1778810993119,-0.00022253622859999891,-4.3987542900001536e-05,-0.00027035245714312627,1
11,1778810993122,0.00012456377140000058,-4.3987542900001536e-05,-0.00027035245714312627,1
12,1778810993125,0.00012456377140000058,-4.3987542900001536e-05,-0.00027035245714312627,1
13,1778810993129,0.00013236377139999936,3.401245710000014e-05,-0.00022355245714311277,1
14,1778810993132,0.00013236377139999936,3.401245710000014e-05,-0.00022355245714311277,1
15,1778810993135,0.00013236377139999936,3.401245710000014e-05,-0.0001533524571429815,1
16,1778810993138,-0.000253736228600001,6.712457099999208e-06,-0.0001533524571429815,1
17,1778810993141,-0.000253736228600001,6.712457099999208e-06,-0.0001533524571429815,1
18,1778810993145,-8.213622860000006e-05,-0.0003208875429000016,-0.00012995245714308577,1
19,1778810993148,-8.213622860000006e-05,-0.0003208875429000016,-0.00012995245714308577,1
20,1778810993151,-8.213622860000006e-05,-0.0003208875429000016,-0.0005472524571430396,1
21,1778810993154,-0.00010553622859999987,0.00022511245709999975,-0.0005472524571430396,1
22,1778810993157,-0.00010553622859999987,0.00022511245709999975,-0.0005472524571430396,1
23,1778810993161,-1.9736228599999406e-05,-0.00018828754290000152,-0.00037955245714304674,1
24,1778810993164,-1.9736228599999406e-05,-0.00018828754290000152,-0.00037955245714304674,1
25,1778810993167,-1.9736228599999406e-05,-0.00018828754290000152,-0.00039905245714299685,1
26,1778810993170,-0.0003590362286000001,-5.9587542899999096e-05,-0.00039905245714299685,1
27,1778810993173,-0.0003590362286000001,-5.9587542899999096e-05,-0.00039905245714299685,1
28,1778810993176,-0.0001211362286000009,-0.00010638754290000219,-1.2952457142941009e-05,1
29,1778810993180,-0.0001211362286000009,-0.00010638754290000219,-1.2952457142941009e-05,1
30,1778810993183,-0.0001211362286000009,-0.00010638754290000219,0.00010404754285698171,1
31,1778810993186,-0.00021863622860000126,3.401245710000014e-05,0.00010404754285698171,1
32,1778810993189,-0.00021863622860000126,3.401245710000014e-05,0.00010404754285698171,1
33,1778810993192,-0.00010163622859999874,-8.29875428999989e-05,0.00033414754285699256,1
34,1778810993196,-0.00010163622859999874,-8.29875428999989e-05,0.00033414754285699256,1
35,1778810993199,-0.00010163622859999874,-8.29875428999989e-05,0.0004082475428569584,1
36,1778810993202,-0.00017963622860000042,-9.468754289999881e-05,0.0004082475428569584,1
37,1778810993205,-0.00017963622860000042,-9.468754289999881e-05,0.0004082475428569584,1
38,1778810993208,-0.00014063622859999958,4.961245710000117e-05,0.0004628475428570852,1
39,1778810993212,-0.00014063622859999958,4.961245710000117e-05,0.0004628475428570852,1
40,1778810993215,-0.00014063622859999958,4.961245710000117e-05,0.0006578475428570304,1
41,1778810993218,-0.00015233622859999948,0.00019391245710000116,0.0006578475428570304,1
42,1778810993221,-0.00015233622859999948,0.00019391245710000116,0.0006578475428570304,1
43,1778810993224,-4.3136228599999216e-05,-0.00017658754290000162,-0.00033665245714297885,1
44,1778810993227,-4.3136228599999216e-05,-0.00017658754290000162,-0.00033665245714297885,1
45,1778810993231,-4.3136228599999216e-05,-0.00017658754290000162,-0.0005979524571429987,1
46,1778810993234,-6.653622859999903e-05,-4.3987542900001536e-05,-0.0005979524571429987,1
47,1778810993237,-6.653622859999903e-05,-4.3987542900001536e-05,-0.0005979524571429987,1
48,1778810993240,-5.8736228600000245e-05,-8.887542900001821e-06,-0.0006603524571430167,1
49,1778810993244,-5.8736228600000245e-05,-8.887542900001821e-06,-0.0006603524571430167,1
50,1778810993247,-5.8736228600000245e-05,-8.887542900001821e-06,-5.5852457143119915e-05,1
51,1778810993250,0.0002493637714000019,-0.00010638754290000219,-5.5852457143119915e-05,1
52,1778810993253,0.0002493637714000019,-0.00010638754290000219,-5.5852457143119915e-05,1
53,1778810993256,-0.00017183622859999817,3.791245710000127e-05,-0.000418552457143058,1
54,1778810993260,-0.00017183622859999817,3.791245710000127e-05,-0.000418552457143058,1
55,1778810993263,-0.00017183622859999817,3.791245710000127e-05,-9.052457143106417e-06,1
56,1778810993266,9.336377140000199e-05,-5.568754290000144e-05,-9.052457143106417e-06,1
57,1778810993269,9.336377140000199e-05,-5.568754290000144e-05,-9.052457143106417e-06,1
58,1778810993272,-0.00017963622860000042,0.00020951245709999872,-0.00017285245714304264,1
59,1778810993276,-0.00017963622860000042,0.00020951245709999872,-0.00017285245714304264,1
60,1778810993279,-0.00017963622860000042,0.00020951245709999872,0.00018594754285706084,1
61,1778810993282,-1.9736228599999406e-05,-0.00025068754290000217,0.00018594754285706084,1
62,1778810993285,-1.9736228599999406e-05,-0.00025068754290000217,0.00018594754285706084,1
63,1778810993288,-0.00013673622859999846,7.301245710000098e-05,-0.00016115245714309477,1
64,1778810993291,-0.00013673622859999846,7.301245710000098e-05,-0.00016115245714309477,1
65,1778810993295,-0.00013673622859999846,7.301245710000098e-05,8.844754285697721e-05,1
66,1778810993298,0.00023766377140000197,1.8412457099999113e-05,8.844754285697721e-05,1
67,1778810993301,0.00023766377140000197,1.8412457099999113e-05,8.844754285697721e-05,1
68,1778810993304,-7.433622860000128e-05,-9.078754290000116e-05,-0.0004965524571429695,1
69,1778810993307,-7.433622860000128e-05,-9.078754290000116e-05,-0.0004965524571429695,1
70,1778810993311,-7.433622860000128e-05,-9.078754290000116e-05,1.0447542856954718e-05,1
71,1778810993314,-5.0936228599997996e-05,-0.00011028754289999984,1.0447542856954718e-05,1
72,1778810993317,-5.0936228599997996e-05,-0.00011028754289999984,1.0447542856954718e-05,1
73,1778810993320,-0.00017183622859999817,-0.00011418754290000097,-0.00035225245714298335,1
74,1778810993323,-0.00017183622859999817,-0.00011418754290000097,-0.00035225245714298335,1
75,1778810993327,-0.00017183622859999817,-0.00011418754290000097,-0.00033665245714297885,1
76,1778810993330,-0.0003785362285999988,0.00015491245710000032,-0.00033665245714297885,1
77,1778810993333,-0.0003785362285999988,0.00015491245710000032,-0.00033665245714297885,1
78,1778810993336,0.0001401637714000016,-5.9587542899999096e-05,-0.00023525245714306063,1
79,1778810993339,0.0001401637714000016,-5.9587542899999096e-05,-0.00023525245714306063,1
80,1778810993343,0.0001401637714000016,-5.9587542899999096e-05,0.0001664475428569997,1
81,1778810993346,-7.043622860000015e-05,-8.887542900001821e-06,0.0001664475428569997,1
82,1778810993349,-7.043622860000015e-05,-8.887542900001821e-06,0.0001664475428569997,1
83,1778810993352,0.00022206377140000094,3.0112457099999018e-05,0.0003380475428570492,1
84,1778810993355,0.00022206377140000094,3.0112457099999018e-05,0.0003380475428570492,1
85,1778810993359,0.00022206377140000094,3.0112457099999018e-05,-6.755245714306778e-05,1
86,1778810993362,-4.703622860000034e-05,-3.6187542899999287e-05,-6.755245714306778e-05,1
87,1778810993365,-4.703622860000034e-05,-3.6187542899999287e-05,-6.755245714306778e-05,1
88,1778810993368,6.606377140000105e-05,7.691245709999864e-05,0.0006461475428570825,1
89,1778810993371,6.606377140000105e-05,7.691245709999864e-05,0.0006461475428570825,1
90,1778810993375,6.606377140000105e-05,7.691245709999864e-05,-0.00047705245714301935,1
91,1778810993378,-0.00016013622859999826,-2.448754289999938e-05,-0.00047705245714301935,1
92,1778810993381,-0.00016013622859999826,-2.448754289999938e-05,-0.00047705245714301935,1
93,1778810993384,3.4863771399998994e-05,0.0004201124571000005,0.0008450475428570844,1
94,1778810993387,3.4863771399998994e-05,0.0004201124571000005,0.0008450475428570844,1
95,1778810993390,3.4863771399998994e-05,0.0004201124571000005,0.0008450475428570844,1
96,1778810993394,-4.3136228599999216e-05,-7.908754290000125e-05,-0.0006603524571430167,1
97,1778810993397,-4.3136228599999216e-05,-7.908754290000125e-05,-0.0006603524571430167,1
98,1778810993400,0.00018696377140000123,0.00024461245709999843,0.0005057475428570421,1
99,1778810993403,0.00018696377140000123,0.00024461245709999843,0.0005057475428570421,1
100,1778810993407,0.00018696377140000123,0.00024461245709999843,-0.000906052457143032,1
101,1778810993410,-0.00015233622859999948,-0.00028968754289999954,-0.000906052457143032,1
102,1778810993413,-0.00015233622859999948,-0.00028968754289999954,-0.000906052457143032,1
103,1778810993416,0.0001518637714000015,4.181245709999892e-05,0.000973747542856955,1
104,1778810993419,0.0001518637714000015,4.181245709999892e-05,0.000973747542856955,1
105,1778810993423,0.0001518637714000015,4.181245709999892e-05,-0.00048095245714296496,1
106,1778810993426,-0.000253736228600001,-0.0002974875429000018,-0.00048095245714296496,1
107,1778810993429,-0.000253736228600001,-0.0002974875429000018,-0.00048095245714296496,1
108,1778810993432,-4.703622860000034e-05,0.0001081124571000007,0.0003224475428570447,1
109,1778810993435,-4.703622860000034e-05,0.0001081124571000007,0.0003224475428570447,1
110,1778810993438,-4.703622860000034e-05,0.0001081124571000007,0.0003224475428570447,1
111,1778810993442,-0.0001991362285999991,-0.00019218754289999918,-0.00028985245714296536,1
112,1778810993445,-0.0001991362285999991,-0.00019218754289999918,-0.00028985245714296536,1
113,1778810993448,-2.7536228599998186e-05,-4.3987542900001536e-05,0.0006968475428569306,1
114,1778810993451,-2.7536228599998186e-05,-4.3987542900001536e-05,0.0006968475428569306,1
115,1778810993454,-2.7536228599998186e-05,-4.3987542900001536e-05,0.0006968475428569306,1
116,1778810993458,8.166377139999861e-05,-0.00018828754290000152,-5.152457143049781e-06,1
117,1778810993461,8.166377139999861e-05,-0.00018828754290000152,-5.152457143049781e-06,1
118,1778810993464,-0.00012503622859999855,-2.448754289999938e-05,-2.4652457143110916e-05,1
119,1778810993467,-0.00012503622859999855,-2.448754289999938e-05,-2.4652457143110916e-05,1
120,1778810993470,-0.00012503622859999855,-2.448754289999938e-05,0.0004784475428570897,1
121,1778810993474,8.166377139999861e-05,-0.00018828754290000152,0.0004784475428570897,1
122,1778810993477,8.166377139999861e-05,-0.00018828754290000152,0.0004784475428570897,1
123,1778810993480,-0.00014843622859999836,-5.568754290000144e-05,-0.00036785245714298785,1
124,1778810993483,-0.00014843622859999836,-5.568754290000144e-05,-0.00036785245714298785,1
