0,1778828938549,1.8212999999996093e-06,-0.0007363784999999991,-8.976240000004265e-05,1
1,1778828938551,1.8212999999996093e-06,-0.0007363784999999991,-8.976240000004265e-05,1
2,1778828938553,1.8212999999996093e-06,-0.0007363784999999991,-8.976240000004265e-05,1
3,1778828938556,0.0002475213000000011,-0.0005608785000000005,0.00020663760000004283,1
4,1778828938558,0.0002475213000000011,-0.0005608785000000005,0.00020663760000004283,1
5,1778828938561,0.0002475213000000011,-0.0005608785000000005,0.00020663760000004283,1
6,1778828938563,0.0003255212999999993,-0.0008494785000000005,2.333760000004548e-05,1
7,1778828938565,0.0003255212999999993,-0.0008494785000000005,2.333760000004548e-05,1
8,1778828938568,0.0003255212999999993,-0.0008494785000000005,2.333760000004548e-05,1
9,1778828938570,0.0003255212999999993,-0.0008494785000000005,2.333760000004548e-05,1
10,1778828938572,0.0004971213000000002,-0.0005842785000000003,0.0007448376000000871,1
11,1778828938575,0.0004971213000000002,-0.0005842785000000003,0.0007448376000000871,1
12,1778828938577,0.0004971213000000002,-0.0005842785000000003,0.0007448376000000871,1
13,1778828938579,8.372129999999894e-05,-0.0006817785000000007,5.063759999999784e-05,1
14,1778828938582,8.372129999999894e-05,-0.0006817785000000007,5.063759999999784e-05,1
15,1778828938584,8.372129999999894e-05,-0.0006817785000000007,5.063759999999784e-05,1
16,1778828938613,0.0002709213000000009,-0.0006700785000000008,0.0003041375999999044,1
17,1778828938626,0.0002709213000000009,-0.0006700785000000008,0.0003041375999999044,1
18,1778828938676,0.0004893213000000014,-0.0005023784999999975,0.0004835376000000672,1
19,1778828938678,0.0004893213000000014,-0.0005023784999999975,0.0004835376000000672,1
20,1778828938681,0.0004893213000000014,-0.0005023784999999975,0.0004835376000000672,1
21,1778828938683,4.4721300000001574e-05,-0.0007285785000000003,0.00022223760000004733,1
22,1778828938686,4.4721300000001574e-05,-0.0007285785000000003,0.00022223760000004733,1
23,1778828938688,4.4721300000001574e-05,-0.0007285785000000003,0.00022223760000004733,1
24,1778828938690,4.4721300000001574e-05,-0.0007285785000000003,0.00022223760000004733,1
25,1778828938693,0.00038792129999999994,-0.0005023784999999975,0.00026123759999994756,1
26,1778828938695,0.00038792129999999994,-0.0005023784999999975,0.00026123759999994756,1
27,1778828938697,0.00038792129999999994,-0.0005023784999999975,0.00026123759999994756,1
28,1778828938700,1.3521299999999514e-05,-0.0008104784999999996,-7.862399999963518e-06,1
29,1778828938702,1.3521299999999514e-05,-0.0008104784999999996,-7.862399999963518e-06,1
30,1778828938705,1.3521299999999514e-05,-0.0008104784999999996,-7.862399999963518e-06,1
31,1778828938707,0.00020462129999999912,-0.0006817785000000007,-0.00010536240000004715,1
32,1778828938709,0.00020462129999999912,-0.0006817785000000007,-0.00010536240000004715,1
33,1778828938712,0.00020462129999999912,-0.0006817785000000007,-0.00010536240000004715,1
34,1778828938714,0.00020462129999999912,-0.0006817785000000007,-0.00010536240000004715,1
35,1778828938717,-6.057870000000104e-05,-0.0005998784999999979,-7.806240000009479e-05,1
36,1778828938719,-6.057870000000104e-05,-0.0005998784999999979,-7.806240000009479e-05,1
37,1778828938722,-6.057870000000104e-05,-0.0005998784999999979,-7.806240000009479e-05,1
38,1778828938724,0.0002514213000000022,-0.0008611785000000004,0.00011693760000007248,1
39,1778828938727,0.0002514213000000022,-0.0008611785000000004,0.00011693760000007248,1
40,1778828938729,0.0002514213000000022,-0.0008611785000000004,0.00011693760000007248,1
41,1778828938731,0.00033332130000000154,-0.0005803784999999992,-0.00017166240000012178,1
42,1778828938734,0.00033332130000000154,-0.0005803784999999992,-0.00017166240000012178,1
43,1778828938736,0.00033332130000000154,-0.0005803784999999992,-0.00017166240000012178,1
44,1778828938738,0.00033332130000000154,-0.0005803784999999992,0.00032363759999996556,1
45,1778828938741,0.0002904212999999996,-0.000732478499999998,0.00032363759999996556,1
46,1778828938743,0.0002904212999999996,-0.000732478499999998,0.00032363759999996556,1
47,1778828938745,0.0002904212999999996,-0.000732478499999998,0.00032363759999996556,1
48,1778828938748,0.000504921299999999,-0.0006466784999999975,0.00020663760000004283,1
49,1778828938750,0.000504921299999999,-0.0006466784999999975,0.00020663760000004283,1
50,1778828938753,0.000504921299999999,-0.0006466784999999975,0.00020663760000004283,1
51,1778828938755,0.00011882130000000213,-0.0005374785000000007,0.00012083759999990707,1
52,1778828938757,0.00011882130000000213,-0.0005374785000000007,0.00012083759999990707,1
53,1778828938760,0.00011882130000000213,-0.0005374785000000007,0.00012083759999990707,1
54,1778828938762,0.00011882130000000213,-0.0005374785000000007,0.00012083759999990707,1
55,1778828938764,0.00036452130000000013,-0.0005062784999999986,0.00047963760000001055,1
56,1778828938767,0.00036452130000000013,-0.0005062784999999986,0.00047963760000001055,1
57,1778828938769,0.00036452130000000013,-0.0005062784999999986,0.00047963760000001055,1
58,1778828938771,0.00045812129999999937,-0.0007168785000000004,0.0004757375999999539,1
59,1778828938774,0.00045812129999999937,-0.0007168785000000004,0.0004757375999999539,1
60,1778828938776,0.00045812129999999937,-0.0007168785000000004,0.0004757375999999539,1
61,1778828938779,0.00045812129999999937,-0.0007402785000000002,0.0002495375999999997,1
62,1778828938781,0.00039182130000000107,-0.0007402785000000002,0.0002495375999999997,1
63,1778828938783,0.00039182130000000107,-0.0007402785000000002,0.0002495375999999997,1
64,1778828938786,0.00039182130000000107,-0.0007402785000000002,0.0002495375999999997,1
65,1778828938788,0.00026702129999999977,-0.0007051785000000005,0.0001247375999999637,1
66,1778828938790,0.00026702129999999977,-0.0007051785000000005,0.0001247375999999637,1
67,1778828938793,0.00026702129999999977,-0.0007051785000000005,0.0001247375999999637,1
68,1778828938795,0.00044642129999999947,-0.0005296784999999984,1.553759999993221e-05,1
69,1778828938797,0.00044642129999999947,-0.0005296784999999984,1.553759999993221e-05,1
70,1778828938800,0.00044642129999999947,-0.0005296784999999984,1.553759999993221e-05,1
71,1778828938802,0.00044642129999999947,-0.0005296784999999984,1.553759999993221e-05,1
72,1778828938804,0.0003528213000000002,-0.0006505784999999986,8.183760000000684e-05,1
73,1778828938807,0.0003528213000000002,-0.0006505784999999986,8.183760000000684e-05,1
74,1778828938809,0.0003528213000000002,-0.0006505784999999986,8.183760000000684e-05,1
75,1778828938812,0.00022022130000000015,-0.0006271784999999988,-0.00034716240000000586,1
76,1778828938814,0.00022022130000000015,-0.0006271784999999988,-0.00034716240000000586,1
77,1778828938816,0.00022022130000000015,-0.0006271784999999988,-0.00034716240000000586,1
78,1778828938819,0.00022022130000000015,-0.0007909784999999975,0.0004679376000000627,1
79,1778828938821,0.0001812212999999993,-0.0007909784999999975,0.0004679376000000627,1
80,1778828938823,0.0001812212999999993,-0.0007909784999999975,0.0004679376000000627,1
81,1778828938826,0.0001812212999999993,-0.0007909784999999975,0.0004679376000000627,1
82,1778828938828,0.0003957213000000022,-0.0005725785000000004,0.0005342375999999153,1
83,1778828938830,0.0003957213000000022,-0.0005725785000000004,0.0005342375999999153,1
84,1778828938833,0.0003957213000000022,-0.0005725785000000004,0.0005342375999999153,1
85,1778828938835,0.0004503213000000006,-0.0004204784999999982,0.0005225375999999675,1
86,1778828938837,0.0004503213000000006,-0.0004204784999999982,0.0005225375999999675,1
87,1778828938840,0.0004503213000000006,-0.0004204784999999982,0.0005225375999999675,1
88,1778828938842,0.0004503213000000006,-0.0004204784999999982,0.0005225375999999675,1
89,1778828938844,0.0002865213000000019,-0.000732478499999998,0.00010133760000006798,1
90,1778828938847,0.0002865213000000019,-0.000732478499999998,0.00010133760000006798,1
91,1778828938849,0.0002865213000000019,-0.000732478499999998,0.00010133760000006798,1
92,1778828938852,0.0002514213000000022,-0.0006856784999999983,-0.00029646240000004675,1
93,1778828938854,0.0002514213000000022,-0.0006856784999999983,-0.00029646240000004675,1
94,1778828938856,0.0002514213000000022,-0.0006856784999999983,-0.00029646240000004675,1
95,1778828938859,0.0002514213000000022,-0.0006349784999999976,3.113759999993671e-05,1
96,1778828938861,7.982130000000129e-05,-0.0006349784999999976,3.113759999993671e-05,1
97,1778828938863,7.982130000000129e-05,-0.0006349784999999976,3.113759999993671e-05,1
98,1778828938866,7.982130000000129e-05,-0.0006349784999999976,3.113759999993671e-05,1
99,1778828938868,0.0003294213000000004,-0.0005491785000000006,-0.00019116239999996087,1
100,1778828938870,0.0003294213000000004,-0.0005491785000000006,-0.00019116239999996087,1
101,1778828938873,0.0003294213000000004,-0.0005491785000000006,-0.00019116239999996087,1
102,1778828938875,0.00020852130000000024,-0.0005140785000000009,0.0003821375999999269,1
103,1778828938877,0.00020852130000000024,-0.0005140785000000009,0.0003821375999999269,1
104,1778828938880,0.00020852130000000024,-0.0005140785000000009,0.0003821375999999269,1
105,1778828938882,0.00020852130000000024,-0.0005140785000000009,0.0003821375999999269,1
106,1778828938884,0.0005127213000000012,-0.0005920784999999991,0.00025343760000005633,1
107,1778828938887,0.0005127213000000012,-0.0005920784999999991,0.00025343760000005633,1
108,1778828938889,0.0005127213000000012,-0.0005920784999999991,0.00025343760000005633,1
109,1778828938892,0.0003177213000000005,-0.0006115784999999978,0.00010523759999990257,1
110,1778828938894,0.0003177213000000005,-0.0006115784999999978,0.00010523759999990257,1
111,1778828938896,0.0003177213000000005,-0.0006115784999999978,0.00010523759999990257,1
112,1778828938899,0.0003177213000000005,-0.0007597784999999989,-0.00029646240000004675,1
113,1778828938901,0.00037622130000000004,-0.0007597784999999989,-0.00029646240000004675,1
114,1778828938903,0.00037622130000000004,-0.0007597784999999989,-0.00029646240000004675,1
115,1778828938906,0.00037622130000000004,-0.0007597784999999989,-0.00029646240000004675,1
116,1778828938908,0.0003060213000000006,-0.0007168785000000004,0.0002573375999998909,1
117,1778828938910,0.0003060213000000006,-0.0007168785000000004,0.0002573375999998909,1
118,1778828938913,0.0003060213000000006,-0.0007168785000000004,0.0002573375999998909,1
119,1778828938915,0.000114921300000001,-0.0008377785000000006,0.0002339375999999952,1
120,1778828938918,0.000114921300000001,-0.0008377785000000006,0.0002339375999999952,1
121,1778828938920,0.000114921300000001,-0.0008377785000000006,0.0002339375999999952,1
122,1778828938922,0.000114921300000001,-0.0008377785000000006,0.00022613759999988192,1
123,1778828938925,4.4721300000001574e-05,-0.0006817785000000007,0.00022613759999988192,1
124,1778828938927,4.4721300000001574e-05,-0.0006817785000000007,0.00022613759999988192,1
