0,1778812195306,-0.0005267362285999999,-0.0009604875429000022,-0.0011751524571430542,1
1,1778812195309,-0.000355136228599999,-0.0009292875429000001,0.00031854754285698807,1
2,1778812195311,-0.000355136228599999,-0.0009292875429000001,0.00031854754285698807,1
3,1778812195314,-0.000355136228599999,-0.0009292875429000001,0.00031854754285698807,1
4,1778812195317,-0.0005111362285999989,-0.0011905875428999992,-2.4652457143110916e-05,1
5,1778812195319,-0.0005111362285999989,-0.0011905875428999992,-2.4652457143110916e-05,1
6,1778812195322,-0.0005111362285999989,-0.0011905875428999992,-2.4652457143110916e-05,1
7,1778812195325,-0.00029663622859999947,-0.0009136875428999991,0.0002288475428570177,1
8,1778812195327,-0.00029663622859999947,-0.0009136875428999991,0.0002288475428570177,1
9,1778812195330,-0.00029663622859999947,-0.0009136875428999991,0.0002288475428570177,1
10,1778812195333,-0.0003083362285999994,-0.000968287542900001,-0.00029765245714307863,1
11,1778812195335,-0.0003083362285999994,-0.000968287542900001,-0.00029765245714307863,1
12,1778812195338,-0.0003083362285999994,-0.000968287542900001,-0.00029765245714307863,1
13,1778812195341,-0.00016793622860000051,-0.0009643875428999998,0.0007436475428569441,1
14,1778812195344,-0.00016793622860000051,-0.0009643875428999998,0.0007436475428569441,1
15,1778812195346,-0.00016793622860000051,-0.0009643875428999998,0.0007436475428569441,1
16,1778812195349,-0.0004682362286000004,-0.0010969875429,0.00011964754285698621,1
17,1778812195352,-0.0004682362286000004,-0.0010969875429,0.00011964754285698621,1
18,1778812195355,-0.0004682362286000004,-0.0010969875429,0.00011964754285698621,1
19,1778812195357,-0.00021473622860000013,-0.000925387542899999,0.0006422475428570259,1
20,1778812195360,-0.00021473622860000013,-0.000925387542899999,0.0006422475428570259,1
21,1778812195363,-0.00021473622860000013,-0.000925387542899999,0.0006422475428570259,1
22,1778812195366,-0.0007139362285999984,-0.0010345875428999993,-3.2452457143002144e-05,1
23,1778812195368,-0.0007139362285999984,-0.0010345875428999993,-3.2452457143002144e-05,1
24,1778812195371,-0.0007139362285999984,-0.0010345875428999993,-3.2452457143002144e-05,1
25,1778812195374,-0.0002459362285999987,-0.0010189875429000017,0.0005252475428568811,1
26,1778812195377,-0.0002459362285999987,-0.0010189875429000017,0.0005252475428568811,1
27,1778812195379,-0.0002459362285999987,-0.0010306875429000016,-0.0002157524571429995,1
28,1778812195382,-0.0005657362286000008,-0.0010306875429000016,-0.0002157524571429995,1
29,1778812195385,-0.0005657362286000008,-0.0010306875429000016,-0.0002157524571429995,1
30,1778812195388,-0.0005657362286000008,-0.0008434875428999997,0.0003263475428568793,1
31,1778812195390,-7.433622860000128e-05,-0.0008434875428999997,0.0003263475428568793,1
32,1778812195393,-7.433622860000128e-05,-0.0008434875428999997,0.0003263475428568793,1
33,1778812195396,-0.0006125362286000004,-0.0010267875429000005,-0.000543352457142983,1
34,1778812195399,-0.0006125362286000004,-0.0010267875429000005,-0.000543352457142983,1
35,1778812195401,-0.0006125362286000004,-0.0010267875429000005,-0.000543352457142983,1
36,1778812195404,-0.0003200362285999993,-0.001260787542900002,-0.0001533524571429815,1
37,1778812195407,-0.0003200362285999993,-0.001260787542900002,-0.0001533524571429815,1
38,1778812195410,-0.0003200362285999993,-0.001260787542900002,-0.0001533524571429815,1
39,1778812195412,-0.00048773622859999907,-0.0010930875428999988,-0.00033275245714303324,1
40,1778812195415,-0.00048773622859999907,-0.0010930875428999988,-0.00033275245714303324,1
41,1778812195418,-0.00048773622859999907,-0.0010930875428999988,-0.00033275245714303324,1
42,1778812195421,-0.00015233622859999948,-0.0009292875429000001,0.00024834754285707884,1
43,1778812195423,-0.00015233622859999948,-0.0009292875429000001,0.00024834754285707884,1
44,1778812195426,-0.00015233622859999948,-0.0009292875429000001,0.00024834754285707884,1
45,1778812195429,-0.000355136228599999,-0.0010111875428999995,-7.925245714301564e-05,1
46,1778812195432,-0.000355136228599999,-0.0010111875428999995,-7.925245714301564e-05,1
47,1778812195435,-0.000355136228599999,-0.0010111875428999995,-7.925245714301564e-05,1
48,1778812195437,-0.0003668362285999989,-0.0008707875429000006,0.00013134754285693408,1
49,1778812195440,-0.0003668362285999989,-0.0008707875429000006,0.00013134754285693408,1
50,1778812195443,-0.0003668362285999989,-0.0008707875429000006,0.00013134754285693408,1
51,1778812195446,2.316377139999909e-05,-0.0011866875429000015,-0.0004926524571430238,1
52,1778812195448,2.316377139999909e-05,-0.0011866875429000015,-0.0004926524571430238,1
53,1778812195451,2.316377139999909e-05,-0.0011866875429000015,-0.0004926524571430238,1
54,1778812195454,-0.0003434362285999991,-0.0010813875428999989,-0.00028985245714296536,1
55,1778812195457,-0.0003434362285999991,-0.0010813875428999989,-0.00028985245714296536,1
56,1778812195459,-0.0003434362285999991,-0.0011866875429000015,-0.0009255524571429822,1
57,1778812195462,-0.00024203622860000107,-0.0011866875429000015,-0.0009255524571429822,1
58,1778812195465,-0.00024203622860000107,-0.0011866875429000015,-0.0009255524571429822,1
59,1778812195468,-0.00024203622860000107,-0.0008746875429000017,-0.00017675245714309927,1
60,1778812195470,-0.0005072362286000012,-0.0008746875429000017,-0.00017675245714309927,1
61,1778812195473,-0.0005072362286000012,-0.0008746875429000017,-0.00017675245714309927,1
62,1778812195476,-0.00022643622860000004,-0.000983887542900002,0.0006188475428569081,1
63,1778812195479,-0.00022643622860000004,-0.000983887542900002,0.0006188475428569081,1
64,1778812195481,-0.00022643622860000004,-0.000983887542900002,0.0006188475428569081,1
65,1778812195484,-0.000530636228600001,-0.0007966875429,0.0018707475428568806,2
66,1778812195487,-0.000530636228600001,-0.0007966875429,0.0018707475428568806,2
67,1778812195490,-0.000530636228600001,-0.0007966875429,0.0018707475428568806,2
68,1778812195492,-8.603622860000118e-05,-0.0010033875429000007,0.0017576475428570145,2
69,1778812195495,-8.603622860000118e-05,-0.0010033875429000007,0.0017576475428570145,2
70,1778812195498,-8.603622860000118e-05,-0.0010033875429000007,0.0017576475428570145,2
71,1778812195500,-0.0006476362286000001,-0.0010345875428999993,0.0010907475428568777,1
72,1778812195503,-0.0006476362286000001,-0.0010345875428999993,0.0010907475428568777,1
73,1778812195506,-0.0006476362286000001,-0.0010345875428999993,0.0010907475428568777,1
74,1778812195509,-0.00015233622859999948,-0.001358287542899999,-9.485245714302014e-05,1
75,1778812195511,-0.00015233622859999948,-0.001358287542899999,-9.485245714302014e-05,1
76,1778812195514,-0.00015233622859999948,-0.001358287542899999,-9.485245714302014e-05,1
77,1778812195517,-0.0005735362285999995,-0.0012295875429,-0.0013584524571430515,1
78,1778812195519,-0.0005735362285999995,-0.0012295875429,-0.0013584524571430515,1
79,1778812195522,-0.0005735362285999995,-0.0012295875429,-0.0013584524571430515,1
80,1778812195525,-0.0002654362286000009,-0.0009643875428999998,-0.0014247524571430151,1
81,1778812195527,-0.0002654362286000009,-0.0009643875428999998,-0.0014247524571430151,1
82,1778812195530,-0.0002654362286000009,-0.0009643875428999998,-0.0014247524571430151,1
83,1778812195533,-0.0003902362285999987,-0.0010228875428999994,-0.0019980524571430137,1
84,1778812195536,-0.0003902362285999987,-0.0010228875428999994,-0.0019980524571430137,1
85,1778812195538,-0.0003902362285999987,-0.0010228875428999994,-0.0019980524571430137,1
86,1778812195541,-0.0001757362285999993,-0.0006523875429000001,-9.485245714302014e-05,1
87,1778812195544,-0.0001757362285999993,-0.0006523875429000001,-9.485245714302014e-05,1
88,1778812195547,-0.0001757362285999993,-0.0006523875429000001,-9.485245714302014e-05,1
89,1778812195549,-0.000355136228599999,-0.0013036875429000006,-0.000999652457143059,1
90,1778812195552,-0.000355136228599999,-0.0013036875429000006,-0.000999652457143059,1
91,1778812195555,-0.000355136228599999,-0.0013036875429000006,0.0011531475428568957,1
92,1778812195558,-0.0003707362286,-0.0008434875428999997,0.0011531475428568957,1
93,1778812195561,-0.0003707362286,-0.0008434875428999997,0.0011531475428568957,1
94,1778812195564,-0.0003707362286,-0.0013972875428999998,0.00010014754285692508,1
95,1778812195566,-0.00019523622859999798,-0.0013972875428999998,0.00010014754285692508,1
96,1778812195569,-0.00019523622859999798,-0.0013972875428999998,0.00010014754285692508,1
97,1778812195572,-0.00048773622859999907,-0.0008785875428999994,0.0021632475428569097,2
98,1778812195574,-0.00048773622859999907,-0.0008785875428999994,0.0021632475428569097,2
99,1778812195577,-0.00048773622859999907,-0.0008785875428999994,0.0021632475428569097,2
100,1778812195580,-0.0001328362286000008,-0.0012802875429000007,0.0010790475428569298,1
101,1778812195582,-0.0001328362286000008,-0.0012802875429000007,0.0010790475428569298,1
102,1778812195585,-0.0001328362286000008,-0.0012802875429000007,0.0010790475428569298,1
103,1778812195588,-0.00044873622859999823,-0.0008434875428999997,0.0012155475428569137,1
104,1778812195590,-0.00044873622859999823,-0.0008434875428999997,0.0012155475428569137,1
105,1778812195593,-0.00044873622859999823,-0.0008434875428999997,0.0012155475428569137,1
106,1778812195596,-0.00013673622859999846,-0.0009487875428999988,2.9947542857015853e-05,1
107,1778812195599,-0.00013673622859999846,-0.0009487875428999988,2.9947542857015853e-05,1
108,1778812195601,-0.00013673622859999846,-0.0009487875428999988,2.9947542857015853e-05,1
109,1778812195604,-0.00046043622859999814,-0.0010033875429000007,-0.000906052457143032,1
110,1778812195607,-0.00046043622859999814,-0.0010033875429000007,-0.000906052457143032,1
111,1778812195610,-0.00046043622859999814,-0.0010033875429000007,-0.000906052457143032,1
112,1778812195612,-0.00014063622859999958,-0.0010267875429000005,-0.0013038524571430358,1
113,1778812195615,-0.00014063622859999958,-0.0010267875429000005,-0.0013038524571430358,1
114,1778812195618,-0.00014063622859999958,-0.0010267875429000005,-0.0013038524571430358,1
115,1778812195621,-0.00047603622859999917,-0.0012295875429,-0.002017552457142964,1
116,1778812195624,-0.00047603622859999917,-0.0012295875429,-0.002017552457142964,1
117,1778812195626,-0.00047603622859999917,-0.0012295875429,-0.002017552457142964,1
118,1778812195629,-0.0002771362286000008,-0.0009565875429000011,-0.00033275245714303324,1
119,1778812195632,-0.0002771362286000008,-0.0009565875429000011,-0.00033275245714303324,1
120,1778812195635,-0.0002771362286000008,-0.0009565875429000011,-0.00033275245714303324,1
121,1778812195637,-0.000616436228599998,-0.0013270875429000004,-0.0013623524571429971,1
122,1778812195640,-0.000616436228599998,-0.0013270875429000004,-0.0013623524571429971,1
123,1778812195643,-0.000616436228599998,-0.0013270875429000004,-0.0013623524571429971,1
124,1778812195646,-0.0002888362286000007,-0.0008200875428999999,0.0014456475428569246,1
