0,1778828314763,0.0004269213000000008,-0.00033077850000000006,0.00011693760000007248,1
1,1778828314766,-0.0002321786999999985,-0.0006349784999999976,-8.196239999992938e-05,1
2,1778828314768,-0.0002321786999999985,-0.0006349784999999976,-8.196239999992938e-05,1
3,1778828314770,-0.0002321786999999985,-0.0006349784999999976,-8.196239999992938e-05,1
4,1778828314773,0.0005283213000000023,-0.0003697785000000009,0.00030803759999996106,1
5,1778828314775,0.0005283213000000023,-0.0003697785000000009,0.00030803759999996106,1
6,1778828314807,0.0005283213000000023,-0.0003697785000000009,0.00030803759999996106,1
7,1778828314810,0.00023582130000000118,-0.00032687849999999893,0.0006044376000000466,1
8,1778828314873,0.00013052130000000203,-0.0004711784999999989,-0.0003549624000000081,1
9,1778828314876,0.00013052130000000203,-0.00028397850000000044,0.00025343760000005633,1
10,1778828314878,0.0001695212999999994,-0.00028397850000000044,0.00025343760000005633,1
11,1778828314880,0.0001695212999999994,-0.00028397850000000044,0.00025343760000005633,1
12,1778828314883,0.0001695212999999994,-0.00028397850000000044,0.00025343760000005633,1
13,1778828314893,0.0002904212999999996,-0.00028397850000000044,0.0003938375999998748,1
14,1778828314895,0.0002904212999999996,-0.00028397850000000044,0.0003938375999998748,1
15,1778828314898,0.0002904212999999996,-0.00028397850000000044,0.0003938375999998748,1
16,1778828314900,4.4721300000001574e-05,-0.0005296784999999984,0.0004952376000000151,1
17,1778828314903,4.4721300000001574e-05,-0.0005296784999999984,0.0004952376000000151,1
18,1778828314905,4.4721300000001574e-05,-0.0005296784999999984,0.0004952376000000151,1
19,1778828314907,4.4721300000001574e-05,-0.0005296784999999984,0.0004952376000000151,1
20,1778828314910,0.00036452130000000013,-0.0005530784999999983,0.000506937599999963,1
21,1778828314912,0.00036452130000000013,-0.0005530784999999983,0.000506937599999963,1
22,1778828314914,0.00036452130000000013,-0.0005530784999999983,0.000506937599999963,1
23,1778828314917,0.00016562130000000175,-0.00047507850000000004,7.79375999999502e-05,1
24,1778828314919,0.00016562130000000175,-0.00047507850000000004,7.79375999999502e-05,1
25,1778828314921,0.00016562130000000175,-0.00047507850000000004,7.79375999999502e-05,1
26,1778828314924,0.00016562130000000175,-0.00045167850000000023,0.00015983760000002934,1
27,1778828314926,8.372129999999894e-05,-0.00045167850000000023,0.00015983760000002934,1
28,1778828314929,8.372129999999894e-05,-0.00045167850000000023,0.00015983760000002934,1
29,1778828314931,8.372129999999894e-05,-0.00045167850000000023,0.00015983760000002934,1
30,1778828314933,7.982130000000129e-05,-0.0004204784999999982,-0.0002613623999999811,1
31,1778828314936,7.982130000000129e-05,-0.0004204784999999982,-0.0002613623999999811,1
32,1778828314938,7.982130000000129e-05,-0.0004204784999999982,-0.0002613623999999811,1
33,1778828314940,-0.0002009786999999999,-0.0005140785000000009,3.5037599999993344e-05,1
34,1778828314943,-0.0002009786999999999,-0.0005140785000000009,3.5037599999993344e-05,1
35,1778828314945,-0.0002009786999999999,-0.0005140785000000009,3.5037599999993344e-05,1
36,1778828314947,-0.0002009786999999999,-0.0005140785000000009,-9.756239999993388e-05,1
37,1778828314950,0.0003528213000000002,-0.00033857849999999884,-9.756239999993388e-05,1
38,1778828314952,0.0003528213000000002,-0.00033857849999999884,-9.756239999993388e-05,1
39,1778828314955,0.0003528213000000002,-0.00033857849999999884,-9.756239999993388e-05,1
40,1778828314957,8.762130000000007e-05,-0.0004672784999999978,0.0003665375999999224,1
41,1778828314959,8.762130000000007e-05,-0.0004672784999999978,0.0003665375999999224,1
42,1778828314962,8.762130000000007e-05,-0.0004672784999999978,0.0003665375999999224,1
43,1778828314964,8.762130000000007e-05,-0.0003580784999999975,0.0006083375999998812,1
44,1778828314966,0.0004425213000000018,-0.0003580784999999975,0.0006083375999998812,1
45,1778828314969,0.0004425213000000018,-0.0003580784999999975,0.0006083375999998812,1
46,1778828314971,0.0004425213000000018,-0.0003580784999999975,0.0006083375999998812,1
47,1778828314973,9.621300000001859e-06,-0.0004360784999999992,0.00031583760000007433,1
48,1778828314976,9.621300000001859e-06,-0.0004360784999999992,0.00031583760000007433,1
49,1778828314978,9.621300000001859e-06,-0.0004360784999999992,0.00031583760000007433,1
50,1778828314980,0.00018512130000000043,-0.0004243784999999993,0.0005303376000000807,1
51,1778828314983,0.00018512130000000043,-0.0004243784999999993,0.0005303376000000807,1
52,1778828314985,0.00018512130000000043,-0.0004243784999999993,0.0005303376000000807,1
53,1778828314988,0.00018512130000000043,-0.0004243784999999993,-0.0001326623999999995,1
54,1778828314990,7.592130000000016e-05,-0.00021767849999999866,-0.0001326623999999995,1
55,1778828314992,7.592130000000016e-05,-0.00021767849999999866,-0.0001326623999999995,1
56,1778828314995,7.592130000000016e-05,-0.00021767849999999866,-0.0001326623999999995,1
57,1778828314997,0.00013052130000000203,-0.00043997850000000033,0.00021443759999993406,1
58,1778828314999,0.00013052130000000203,-0.00043997850000000033,0.00021443759999993406,1
59,1778828315002,0.00013052130000000203,-0.00043997850000000033,0.00021443759999993406,1
60,1778828315004,0.0001929212999999992,-0.0004126784999999994,4.283759999988457e-05,1
61,1778828315007,0.0001929212999999992,-0.0004126784999999994,4.283759999988457e-05,1
62,1778828315009,0.0001929212999999992,-0.0004126784999999994,4.283759999988457e-05,1
63,1778828315011,0.0001929212999999992,-0.0004126784999999994,-0.00010146239999999051,1
64,1778828315014,0.00018512130000000043,-0.0005218784999999997,-0.00010146239999999051,1
65,1778828315016,0.00018512130000000043,-0.0005218784999999997,-0.00010146239999999051,1
66,1778828315018,0.00018512130000000043,-0.0005218784999999997,-0.00010146239999999051,1
67,1778828315021,0.00036842130000000126,-0.0004165785000000005,0.0001559375999999727,1
68,1778828315023,0.00036842130000000126,-0.0004165785000000005,0.0001559375999999727,1
69,1778828315026,0.00036842130000000126,-0.0004165785000000005,0.0001559375999999727,1
70,1778828315028,0.00011102129999999988,-0.0005374785000000007,0.00022223760000004733,1
71,1778828315030,0.00011102129999999988,-0.0005374785000000007,0.00022223760000004733,1
72,1778828315033,0.00011102129999999988,-0.0005374785000000007,0.00022223760000004733,1
73,1778828315035,0.00011102129999999988,-0.0005374785000000007,0.00022223760000004733,1
74,1778828315038,0.0002631213000000021,-0.0005764784999999981,0.0002339375999999952,1
75,1778828315040,0.0002631213000000021,-0.0005764784999999981,0.0002339375999999952,1
76,1778828315042,0.0002631213000000021,-0.0005764784999999981,0.0002339375999999952,1
77,1778828315045,-0.00013077870000000047,-0.0005413784999999983,-0.00036276240000001036,1
78,1778828315047,-0.00013077870000000047,-0.0005413784999999983,-0.00036276240000001036,1
79,1778828315049,-0.00013077870000000047,-0.0005413784999999983,-0.00036276240000001036,1
80,1778828315052,-0.00013077870000000047,-0.0005413784999999983,0.0004445375999999449,1
81,1778828315054,0.000259221300000001,-0.0004243784999999993,0.0004445375999999449,1
82,1778828315056,0.000259221300000001,-0.0004243784999999993,0.0004445375999999449,1
83,1778828315059,0.000259221300000001,-0.0004243784999999993,0.0004445375999999449,1
84,1778828315061,0.0001032213000000011,-0.00037367849999999855,0.0004211376000000492,1
85,1778828315063,0.0001032213000000011,-0.00037367849999999855,0.0004211376000000492,1
86,1778828315066,0.0001032213000000011,-0.00037367849999999855,0.0004211376000000492,1
87,1778828315068,0.0003060213000000006,-0.00021767849999999866,0.0005420376000000286,1
88,1778828315070,0.0003060213000000006,-0.00021767849999999866,0.0005420376000000286,1
89,1778828315073,0.0003060213000000006,-0.00021767849999999866,0.0005420376000000286,1
90,1778828315075,0.0003060213000000006,-0.00021767849999999866,0.0005420376000000286,1
91,1778828315077,0.0001344212999999997,-0.00020987849999999988,-0.00015216240000006065,1
92,1778828315080,0.0001344212999999997,-0.00020987849999999988,-0.00015216240000006065,1
93,1778828315082,0.0001344212999999997,-0.00020987849999999988,-0.00015216240000006065,1
94,1778828315085,0.00036452130000000013,-0.0005725785000000004,0.00041723759999999255,1
95,1778828315087,0.00036452130000000013,-0.0005725785000000004,0.00041723759999999255,1
96,1778828315089,0.00036452130000000013,-0.0005725785000000004,0.00041723759999999255,1
97,1778828315092,0.00036452130000000013,-0.0005725785000000004,-0.00035886240000006475,1
98,1778828315094,5.721300000000734e-06,-0.0005101784999999998,-0.00035886240000006475,1
99,1778828315096,5.721300000000734e-06,-0.0005101784999999998,-0.00035886240000006475,1
100,1778828315099,5.721300000000734e-06,-0.0005101784999999998,-0.00035886240000006475,1
101,1778828315101,3.6921299999999324e-05,-0.0005413784999999983,5.843759999988907e-05,1
102,1778828315103,3.6921299999999324e-05,-0.0005413784999999983,5.843759999988907e-05,1
103,1778828315106,3.6921299999999324e-05,-0.0005413784999999983,5.843759999988907e-05,1
104,1778828315108,-3.717869999999776e-05,-0.0004009784999999995,-0.00017166240000012178,1
105,1778828315110,-3.717869999999776e-05,-0.0004009784999999995,-0.00017166240000012178,1
106,1778828315113,-3.717869999999776e-05,-0.0004009784999999995,-0.00017166240000012178,1
107,1778828315115,-3.717869999999776e-05,-0.0004009784999999995,-0.00017166240000012178,1
108,1778828315117,5.642130000000148e-05,-0.0004828784999999988,0.0001091375999999592,1
109,1778828315120,5.642130000000148e-05,-0.0004828784999999988,0.0001091375999999592,1
110,1778828315122,5.642130000000148e-05,-0.0004828784999999988,0.0001091375999999592,1
111,1778828315125,0.00036452130000000013,-0.00022937849999999857,-8.196239999992938e-05,1
112,1778828315127,0.00036452130000000013,-0.00022937849999999857,-8.196239999992938e-05,1
113,1778828315129,0.00036452130000000013,-0.00022937849999999857,-8.196239999992938e-05,1
114,1778828315132,0.00036452130000000013,-0.0005959785000000002,-0.0001638624000000085,1
115,1778828315134,1.8212999999996093e-06,-0.0005959785000000002,-0.0001638624000000085,1
116,1778828315136,1.8212999999996093e-06,-0.0005959785000000002,-0.0001638624000000085,1
117,1778828315139,1.8212999999996093e-06,-0.0005959785000000002,-0.0001638624000000085,1
118,1778828315141,0.00020462129999999912,-0.0003580784999999975,0.00024563759999994306,1
119,1778828315143,0.00020462129999999912,-0.0003580784999999975,0.00024563759999994306,1
120,1778828315146,0.00020462129999999912,-0.0003580784999999975,0.00024563759999994306,1
121,1778828315148,-7.61786999999986e-05,-0.0004945784999999987,3.893760000004998e-05,1
122,1778828315151,-7.61786999999986e-05,-0.0004945784999999987,3.893760000004998e-05,1
123,1778828315153,-7.61786999999986e-05,-0.0004945784999999987,3.893760000004998e-05,1
124,1778828315155,-7.61786999999986e-05,-0.0004945784999999987,0.0007838375999999873,1
