0,1778827734201,0.00011882130000000213,-0.0004204784999999982,-0.00022236239999996987,1
1,1778827734203,0.0002475213000000011,-0.0004204784999999982,-0.00022236239999996987,1
2,1778827734206,0.0002475213000000011,-0.0004204784999999982,-0.00022236239999996987,1
3,1778827734208,0.0002475213000000011,-0.0004204784999999982,-0.00022236239999996987,1
4,1778827734211,-0.00013077870000000047,-0.0006271784999999988,0.00024173759999988642,1
5,1778827734213,-0.00013077870000000047,-0.0006271784999999988,0.00024173759999988642,1
6,1778827734215,-0.00013077870000000047,-0.0006271784999999988,0.00024173759999988642,1
7,1778827734218,0.00042302129999999966,-0.0002683784999999994,-9.366240000009929e-05,1
8,1778827734220,0.00042302129999999966,-0.0002683784999999994,-9.366240000009929e-05,1
9,1778827734222,0.00042302129999999966,-0.0002683784999999994,-9.366240000009929e-05,1
10,1778827734225,0.00042302129999999966,-0.0003463784999999976,8.573760000006348e-05,1
11,1778827734227,-7.227870000000094e-05,-0.0003463784999999976,8.573760000006348e-05,1
12,1778827734229,-7.227870000000094e-05,-0.0003463784999999976,8.573760000006348e-05,1
13,1778827734232,-7.227870000000094e-05,-0.0003463784999999976,8.573760000006348e-05,1
14,1778827734234,0.0004854213000000003,-0.00022937849999999857,-0.00023016240000008314,1
15,1778827734237,0.0004854213000000003,-0.00022937849999999857,-0.00023016240000008314,1
16,1778827734239,0.0004854213000000003,-0.00022937849999999857,-0.00023016240000008314,1
17,1778827734241,0.00010712130000000222,-0.0005374785000000007,-0.0006279623999999758,1
18,1778827734244,0.00010712130000000222,-0.0005374785000000007,-0.0006279623999999758,1
19,1778827734246,0.00010712130000000222,-0.0005374785000000007,-0.0006279623999999758,1
20,1778827734248,0.00010712130000000222,-0.0005374785000000007,-0.0006279623999999758,1
21,1778827734251,0.0003060213000000006,-0.0003931785000000007,-0.00042516240000002836,1
22,1778827734253,0.0003060213000000006,-0.0003931785000000007,-0.00042516240000002836,1
23,1778827734255,0.0003060213000000006,-0.0003931785000000007,-0.00042516240000002836,1
24,1778827734258,-0.00017367869999999896,-0.0006622784999999985,-0.00014046240000011278,1
25,1778827734260,-0.00017367869999999896,-0.0006622784999999985,-0.00014046240000011278,1
26,1778827734262,-0.00017367869999999896,-0.0006622784999999985,-0.00014046240000011278,1
27,1778827734265,-0.00017367869999999896,-0.0004477784999999991,0.0009359375999999757,1
28,1778827734267,0.00023582130000000118,-0.0004477784999999991,0.0009359375999999757,1
29,1778827734270,0.00023582130000000118,-0.0004477784999999991,0.0009359375999999757,1
30,1778827734272,0.00023582130000000118,-0.0004477784999999991,0.0009359375999999757,1
31,1778827734274,-4.1078699999998886e-05,-0.00046337850000000014,-0.00020676239999996537,1
32,1778827734277,-4.1078699999998886e-05,-0.00046337850000000014,-0.00020676239999996537,1
33,1778827734279,-4.1078699999998886e-05,-0.00046337850000000014,-0.00020676239999996537,1
34,1778827734281,0.0001461212999999996,-0.0002761784999999982,0.0002963376000000132,1
35,1778827734284,0.0001461212999999996,-0.0002761784999999982,0.0002963376000000132,1
36,1778827734286,0.0001461212999999996,-0.0002761784999999982,0.0002963376000000132,1
37,1778827734288,0.0001461212999999996,-0.0002761784999999982,0.0002963376000000132,1
38,1778827734291,0.00023192130000000005,-0.00030737850000000025,-0.00026916239999998337,1
39,1778827734293,0.00023192130000000005,-0.00030737850000000025,-0.00026916239999998337,1
40,1778827734295,0.00023192130000000005,-0.00030737850000000025,-0.00026916239999998337,1
41,1778827734298,0.00026702129999999977,-0.0004126784999999994,-0.0002574624000000355,1
42,1778827734300,0.00026702129999999977,-0.0004126784999999994,-0.0002574624000000355,1
43,1778827734302,0.00026702129999999977,-0.0004126784999999994,-0.0002574624000000355,1
44,1778827734305,0.00026702129999999977,-0.0005023784999999975,-0.0003237623999999991,1
45,1778827734307,0.00022022130000000015,-0.0005023784999999975,-0.0003237623999999991,1
46,1778827734310,0.00022022130000000015,-0.0005023784999999975,-0.0003237623999999991,1
47,1778827734312,0.00022022130000000015,-0.0005023784999999975,-0.0003237623999999991,1
48,1778827734314,-0.0002243786999999997,-0.0006583785000000009,7.737600000040981e-06,1
49,1778827734317,-0.0002243786999999997,-0.0006583785000000009,7.737600000040981e-06,1
50,1778827734319,-0.0002243786999999997,-0.0006583785000000009,7.737600000040981e-06,1
51,1778827734321,0.0004698212999999993,-0.0004789784999999977,-3.126240000008129e-05,1
52,1778827734324,0.0004698212999999993,-0.0004789784999999977,-3.126240000008129e-05,1
53,1778827734326,0.0004698212999999993,-0.0004789784999999977,-3.126240000008129e-05,1
54,1778827734328,0.0004698212999999993,-0.0004789784999999977,-3.126240000008129e-05,1
55,1778827734331,-9.957869999999841e-05,-0.0006661784999999996,0.00037043759999997905,1
56,1778827734333,-9.957869999999841e-05,-0.0006661784999999996,0.00037043759999997905,1
57,1778827734335,-9.957869999999841e-05,-0.0006661784999999996,0.00037043759999997905,1
58,1778827734338,0.00041132129999999975,-0.00016307850000000026,0.00041723759999999255,1
59,1778827734340,0.00041132129999999975,-0.00016307850000000026,0.00041723759999999255,1
60,1778827734343,0.00041132129999999975,-0.00016307850000000026,0.00041723759999999255,1
61,1778827734345,0.00041132129999999975,-0.00039707849999999836,-0.00028086240000004225,1
62,1778827734347,-0.00014247870000000037,-0.00039707849999999836,-0.00028086240000004225,1
63,1778827734350,-0.00014247870000000037,-0.00039707849999999836,-0.00028086240000004225,1
64,1778827734352,-0.00014247870000000037,-0.00039707849999999836,-0.00028086240000004225,1
65,1778827734354,0.0002709213000000009,-0.0004477784999999991,0.0001559375999999727,1
66,1778827734357,0.0002709213000000009,-0.0004477784999999991,0.0001559375999999727,1
67,1778827734359,0.0002709213000000009,-0.0004477784999999991,0.0001559375999999727,1
68,1778827734361,-0.0002126786999999998,-0.0005764784999999981,0.0004289375999999404,1
69,1778827734364,-0.0002126786999999998,-0.0005764784999999981,0.0004289375999999404,1
70,1778827734366,-0.0002126786999999998,-0.0005764784999999981,0.0004289375999999404,1
71,1778827734369,-0.0002126786999999998,-0.0005764784999999981,0.0007955375999999352,1
72,1778827734371,0.0002709213000000009,-0.00035417849999999987,0.0007955375999999352,1
73,1778827734373,0.0002709213000000009,-0.00035417849999999987,0.0007955375999999352,1
74,1778827734376,0.0002709213000000009,-0.00035417849999999987,0.0007955375999999352,1
75,1778827734378,9.15213000000012e-05,-0.0004360784999999992,-6.240000007229048e-08,1
76,1778827734380,9.15213000000012e-05,-0.0004360784999999992,-6.240000007229048e-08,1
77,1778827734383,9.15213000000012e-05,-0.0004360784999999992,-6.240000007229048e-08,1
78,1778827734385,7.202129999999904e-05,-0.0004828784999999988,0.0008930376000000188,1
79,1778827734387,7.202129999999904e-05,-0.0004828784999999988,0.0008930376000000188,1
80,1778827734390,7.202129999999904e-05,-0.0004828784999999988,0.0008930376000000188,1
81,1778827734392,7.202129999999904e-05,-0.0004828784999999988,0.0008930376000000188,1
82,1778827734394,0.00026702129999999977,-0.0005218784999999997,-0.00033156240000000136,1
83,1778827734397,0.00026702129999999977,-0.0005218784999999997,-0.00033156240000000136,1
84,1778827734399,0.00026702129999999977,-0.0005218784999999997,-0.00033156240000000136,1
85,1778827734401,6.422130000000026e-05,-0.0005257785000000008,-8.976240000004265e-05,1
86,1778827734404,6.422130000000026e-05,-0.0005257785000000008,-8.976240000004265e-05,1
87,1778827734406,6.422130000000026e-05,-0.0005257785000000008,-8.976240000004265e-05,1
88,1778827734409,6.422130000000026e-05,-0.0005257785000000008,-0.0003198624000000535,1
89,1778827734411,0.00036452130000000013,-0.0005101784999999998,-0.0003198624000000535,1
90,1778827734413,0.00036452130000000013,-0.0005101784999999998,-0.0003198624000000535,1
91,1778827734416,0.00036452130000000013,-0.0005101784999999998,-0.0003198624000000535,1
92,1778827734418,-0.00020487870000000102,-0.0005803784999999992,-0.00023796239999997437,1
93,1778827734420,-0.00020487870000000102,-0.0005803784999999992,-0.00023796239999997437,1
94,1778827734423,-0.00020487870000000102,-0.0005803784999999992,-0.00023796239999997437,1
95,1778827734425,1.3521299999999514e-05,-0.00033857849999999884,-0.0003081623999999946,1
96,1778827734427,1.3521299999999514e-05,-0.00033857849999999884,-0.0003081623999999946,1
97,1778827734430,1.3521299999999514e-05,-0.00033857849999999884,-0.0003081623999999946,1
98,1778827734432,1.3521299999999514e-05,-0.00033857849999999884,-0.0003081623999999946,1
99,1778827734435,-0.00022827870000000083,-0.0004828784999999988,-0.00023016240000008314,1
100,1778827734437,-0.00022827870000000083,-0.0004828784999999988,-0.00023016240000008314,1
101,1778827734439,-0.00022827870000000083,-0.0004828784999999988,-0.00023016240000008314,1
102,1778827734442,0.00036842130000000126,-0.00032687849999999893,0.0007838375999999873,1
103,1778827734444,0.00036842130000000126,-0.00032687849999999893,0.0007838375999999873,1
104,1778827734446,0.00036842130000000126,-0.00032687849999999893,0.0007838375999999873,1
105,1778827734449,0.00036842130000000126,-0.0007090784999999981,-0.00011316239999993838,1
106,1778827734451,2.9121300000000544e-05,-0.0007090784999999981,-0.00011316239999993838,1
107,1778827734454,2.9121300000000544e-05,-0.0007090784999999981,-0.00011316239999993838,1
108,1778827734456,2.9121300000000544e-05,-0.0007090784999999981,-0.00011316239999993838,1
109,1778827734458,0.000419121300000002,-0.0004906784999999976,0.0003041375999999044,1
110,1778827734461,0.000419121300000002,-0.0004906784999999976,0.0003041375999999044,1
111,1778827734463,0.000419121300000002,-0.0004906784999999976,0.0003041375999999044,1
112,1778827734465,-0.00010737870000000066,-0.0005413784999999983,-0.0005031624000000508,1
113,1778827734468,-0.00010737870000000066,-0.0005413784999999983,-0.0005031624000000508,1
114,1778827734470,-0.00010737870000000066,-0.0005413784999999983,-0.0005031624000000508,1
115,1778827734472,-0.00010737870000000066,-0.0005413784999999983,-9.756239999993388e-05,1
116,1778827734475,0.00023582130000000118,-0.00043997850000000033,-9.756239999993388e-05,1
117,1778827734477,0.00023582130000000118,-0.00043997850000000033,-9.756239999993388e-05,1
118,1778827734479,0.00023582130000000118,-0.00043997850000000033,-9.756239999993388e-05,1
119,1778827734482,-0.00020487870000000102,-0.0005452784999999995,-6.636239999992488e-05,1
120,1778827734484,-0.00020487870000000102,-0.0005452784999999995,-6.636239999992488e-05,1
121,1778827734486,-0.00020487870000000102,-0.0005452784999999995,-6.636239999992488e-05,1
122,1778827734489,2.9121300000000544e-05,-0.00040877849999999827,0.0002963376000000132,1
123,1778827734491,2.9121300000000544e-05,-0.00040877849999999827,0.0002963376000000132,1
124,1778827734494,2.9121300000000544e-05,-0.00040877849999999827,0.0002963376000000132,1
