0,1778814347145,0.012760563771399999,-0.0175042875429,8.454754285692058e-05,2
1,1778814347149,0.013232463771400003,-0.0172000875429,-0.0004653524571430715,2
2,1778814347152,0.013232463771400003,-0.0172000875429,-0.0004653524571430715,2
3,1778814347155,0.013232463771400003,-0.0172000875429,-0.0004653524571430715,2
4,1778814347158,0.012686463771399998,-0.017356087542900002,-0.0006291524571430077,2
5,1778814347161,0.012686463771399998,-0.017356087542900002,-0.0006291524571430077,2
6,1778814347165,0.012990663771400002,-0.0173833875429,-0.0005667524571429897,2
7,1778814347168,0.012990663771400002,-0.0173833875429,-0.0005667524571429897,2
8,1778814347171,0.012990663771400002,-0.0173833875429,-0.0005667524571429897,2
9,1778814347174,0.012842463771400001,-0.0173131875429,-0.0003717524571430445,2
10,1778814347177,0.012842463771400001,-0.0173131875429,-0.0003717524571430445,2
11,1778814347181,0.012854163771399998,-0.0173404875429,-0.00032105245714297436,2
12,1778814347184,0.012854163771399998,-0.0173404875429,-0.00032105245714297436,2
13,1778814347187,0.012854163771399998,-0.0173404875429,-0.00032105245714297436,2
14,1778814347190,0.012916563771400002,-0.0172078875429,3.384754285707249e-05,2
15,1778814347194,0.012916563771400002,-0.0172078875429,3.384754285707249e-05,2
16,1778814347197,0.0130062637714,-0.0173950875429,0.0002444475428570222,2
17,1778814347200,0.0130062637714,-0.0173950875429,0.0002444475428570222,2
18,1778814347204,0.0130062637714,-0.0175198875429,8.064754285708599e-05,2
19,1778814347207,0.012998463771399998,-0.0175198875429,8.064754285708599e-05,2
20,1778814347211,0.012998463771399998,-0.0175198875429,8.064754285708599e-05,2
21,1778814347214,0.012581163771400002,-0.0172000875429,-0.00039905245714299685,2
22,1778814347217,0.012581163771400002,-0.0172000875429,-0.00039905245714299685,2
23,1778814347220,0.0131271637714,-0.0175822875429,-0.0005355524571429807,2
24,1778814347224,0.0131271637714,-0.0175822875429,-0.0005355524571429807,2
25,1778814347227,0.0131271637714,-0.0175822875429,-0.0005355524571429807,2
26,1778814347230,0.012678663771400003,-0.0171844875429,-0.0005901524571429965,2
27,1778814347233,0.012678663771400003,-0.0171844875429,-0.0005901524571429965,2
28,1778814347236,0.013107663771400001,-0.0174574875429,-0.0007461524571430414,2
29,1778814347240,0.013107663771400001,-0.0174574875429,-0.0007461524571430414,2
30,1778814347243,0.013107663771400001,-0.0174574875429,-0.0007461524571430414,2
31,1778814347246,0.012600663771400001,-0.0171571875429,-0.00022745245714294736,2
32,1778814347249,0.012600663771400001,-0.0171571875429,-0.00022745245714294736,2
33,1778814347252,0.0129360637714,-0.0175510875429,-0.0005238524571430328,2
34,1778814347256,0.0129360637714,-0.0175510875429,-0.0005238524571430328,2
35,1778814347259,0.0129360637714,-0.0175510875429,-0.0005238524571430328,2
36,1778814347262,0.0128385637714,-0.0174223875429,-0.000137752457142977,2
37,1778814347265,0.0128385637714,-0.0174223875429,-0.000137752457142977,2
38,1778814347269,0.013045263771399997,-0.017332687542900002,-0.00047705245714301935,2
39,1778814347271,0.013045263771399997,-0.017332687542900002,-0.00047705245714301935,2
40,1778814347273,0.013045263771399997,-0.017332687542900002,-0.00047705245714301935,2
41,1778814347276,0.013045263771399997,-0.0173638875429,-8.315245714307228e-05,2
42,1778814347278,0.012686463771399998,-0.0173638875429,-8.315245714307228e-05,2
43,1778814347280,0.012686463771399998,-0.0173638875429,-8.315245714307228e-05,2
44,1778814347283,0.012686463771399998,-0.0173638875429,-8.315245714307228e-05,2
45,1778814347285,0.012928263771399998,-0.0173638875429,-0.0004653524571430715,2
46,1778814347287,0.012928263771399998,-0.0173638875429,-0.0004653524571430715,2
47,1778814347290,0.012928263771399998,-0.0173638875429,-0.0004653524571430715,2
48,1778814347292,0.0128385637714,-0.0175432875429,-0.00022355245714311277,2
49,1778814347294,0.0128385637714,-0.0175432875429,-0.00022355245714311277,2
50,1778814347297,0.0128385637714,-0.0175432875429,-0.00022355245714311277,2
51,1778814347299,0.0128385637714,-0.0175432875429,0.00016254754285694307,2
52,1778814347302,0.012889263771400001,-0.0173599875429,0.00016254754285694307,2
53,1778814347304,0.012889263771400001,-0.0173599875429,0.00016254754285694307,2
54,1778814347306,0.012889263771400001,-0.0173599875429,0.00016254754285694307,2
55,1778814347309,0.0129321637714,-0.0173716875429,-0.00036785245714298785,2
56,1778814347311,0.0129321637714,-0.0173716875429,-0.00036785245714298785,2
57,1778814347313,0.0129321637714,-0.0173716875429,-0.00036785245714298785,2
58,1778814347316,0.0129321637714,-0.0174574875429,-0.00036785245714298785,2
59,1778814347318,0.012858063771399999,-0.0174574875429,-0.00036785245714298785,2
60,1778814347320,0.012858063771399999,-0.0174574875429,-0.00036785245714298785,2
61,1778814347323,0.012858063771399999,-0.0174574875429,-0.00036785245714298785,2
62,1778814347325,0.013049163771399998,-0.0174652875429,-0.0009021524571429754,2
63,1778814347327,0.013049163771399998,-0.0174652875429,-0.0009021524571429754,2
64,1778814347330,0.013049163771399998,-0.0174652875429,-0.0009021524571429754,2
65,1778814347332,0.012655263771400003,-0.0174496875429,-0.00032105245714297436,2
66,1778814347335,0.012655263771400003,-0.0174496875429,-0.00032105245714297436,2
67,1778814347337,0.012655263771400003,-0.0174496875429,-0.00032105245714297436,2
68,1778814347339,0.012655263771400003,-0.0174496875429,-0.00044585245714301035,2
69,1778814347342,0.013193463771399998,-0.0172858875429,-0.00044585245714301035,2
70,1778814347344,0.013193463771399998,-0.0172858875429,-0.00044585245714301035,2
71,1778814347346,0.013193463771399998,-0.0172858875429,-0.00044585245714301035,2
72,1778814347349,0.012674763771400002,-0.0174613875429,-5.5852457143119915e-05,2
73,1778814347351,0.012674763771400002,-0.0174613875429,-5.5852457143119915e-05,2
74,1778814347353,0.012674763771400002,-0.0174613875429,-5.5852457143119915e-05,2
75,1778814347356,0.013095963771399998,-0.017379487542900002,-0.00017285245714304264,2
76,1778814347358,0.013095963771399998,-0.017379487542900002,-0.00017285245714304264,2
77,1778814347361,0.013095963771399998,-0.017379487542900002,-0.00017285245714304264,2
78,1778814347363,0.013095963771399998,-0.017379487542900002,-0.00017285245714304264,2
79,1778814347365,0.0126201637714,-0.0172780875429,-0.0003015524571429132,2
80,1778814347368,0.0126201637714,-0.0172780875429,-0.0003015524571429132,2
81,1778814347370,0.0126201637714,-0.0172780875429,-0.0003015524571429132,2
82,1778814347373,0.012943863771400003,-0.017356087542900002,-0.0005511524571429852,2
83,1778814347377,0.012943863771400003,-0.017356087542900002,-0.0005511524571429852,2
84,1778814347380,0.012943863771400003,-0.017270287542899998,-0.00047705245714301935,2
85,1778814347383,0.012756663771399997,-0.017270287542899998,-0.00047705245714301935,2
86,1778814347387,0.012756663771399997,-0.017270287542899998,-0.00047705245714301935,2
87,1778814347390,0.012846363771400002,-0.0174964875429,-0.00011825245714291587,2
88,1778814347393,0.012846363771400002,-0.0174964875429,-0.00011825245714291587,2
89,1778814347396,0.0128112637714,-0.017235187542900002,-0.0002469524571430085,2
90,1778814347400,0.0128112637714,-0.017235187542900002,-0.0002469524571430085,2
91,1778814347403,0.0128112637714,-0.017235187542900002,-0.0002469524571430085,2
92,1778814347406,0.0129126637714,-0.0173833875429,-0.0003288524571429766,2
93,1778814347409,0.0129126637714,-0.0173833875429,-0.0003288524571429766,2
94,1778814347412,0.012963363771400001,-0.017621287542900002,-0.0006837524571430234,2
95,1778814347416,0.012963363771400001,-0.017621287542900002,-0.0006837524571430234,2
96,1778814347419,0.012963363771400001,-0.017621287542900002,-0.0006837524571430234,2
97,1778814347422,0.012826863771399997,-0.0171337875429,-0.00031715245714302874,2
98,1778814347425,0.012826863771399997,-0.0171337875429,-0.00031715245714302874,2
99,1778814347429,0.0129360637714,-0.0174808875429,-0.0005589524571429875,2
100,1778814347432,0.0129360637714,-0.0174808875429,-0.0005589524571429875,2
101,1778814347435,0.0129360637714,-0.0174808875429,-0.0005589524571429875,2
102,1778814347438,0.012744963771400001,-0.0171571875429,-0.00027425245714296086,2
103,1778814347441,0.012744963771400001,-0.0171571875429,-0.00027425245714296086,2
104,1778814347444,0.012893163771400002,-0.0174106875429,-0.00022745245714294736,2
105,1778814347448,0.012893163771400002,-0.0174106875429,-0.00022745245714294736,2
106,1778814347451,0.012893163771400002,-0.0174106875429,-0.00022745245714294736,2
107,1778814347454,0.012733263771399998,-0.0174574875429,-0.00010265245714291137,2
108,1778814347458,0.012733263771399998,-0.0174574875429,-0.00010265245714291137,2
109,1778814347461,0.012943863771400003,-0.0172312875429,-0.00036785245714298785,2
110,1778814347465,0.012943863771400003,-0.0172312875429,-0.00036785245714298785,2
111,1778814347468,0.0129828637714,-0.0176719875429,-0.00044195245714306474,2
112,1778814347472,0.0129828637714,-0.0176719875429,-0.00044195245714306474,2
113,1778814347475,0.0129828637714,-0.0176719875429,-0.00044195245714306474,2
114,1778814347478,0.012943863771400003,-0.017379487542900002,-0.0006720524571429646,2
115,1778814347481,0.012943863771400003,-0.017379487542900002,-0.0006720524571429646,2
116,1778814347485,0.012690363771399999,-0.0176602875429,-0.0004068524571429991,2
117,1778814347488,0.012690363771399999,-0.0176602875429,-0.0004068524571429991,2
118,1778814347491,0.012690363771399999,-0.0176602875429,-0.0004068524571429991,2
119,1778814347494,0.012834663771399999,-0.0170518875429,-0.0005004524571430261,2
120,1778814347497,0.012834663771399999,-0.0170518875429,-0.0005004524571430261,2
121,1778814347501,0.0128112637714,-0.0173872875429,0.00020934754285695657,2
122,1778814347504,0.0128112637714,-0.0173872875429,0.00020934754285695657,2
123,1778814347507,0.0128112637714,-0.0173872875429,0.00020934754285695657,2
124,1778814347511,0.012877563771399998,-0.0173170875429,2.214754285690258e-05,2
