0,1778814347532,0.013002363771399999,-0.0174457875429,-0.0006018524571430553,2
1,1778814347536,0.013002363771399999,-0.0174457875429,-0.0006018524571430553,2
2,1778814347539,0.013002363771399999,-0.0174457875429,-0.0006018524571430553,2
3,1778814347542,0.012737163771399999,-0.0174496875429,-0.0004380524571430081,2
4,1778814347545,0.012737163771399999,-0.0174496875429,-0.0004380524571430081,2
5,1778814347548,0.012819063771400002,-0.0172195875429,-0.0010854524571429728,2
6,1778814347552,0.012819063771400002,-0.0172195875429,-0.0010854524571429728,2
7,1778814347555,0.012819063771400002,-0.0172195875429,-0.0010854524571429728,2
8,1778814347558,0.0127683637714,-0.0172819875429,6.504754285708149e-05,2
9,1778814347561,0.0127683637714,-0.0172819875429,6.504754285708149e-05,2
10,1778814347564,0.012850263771400004,-0.0174340875429,-0.00035615245714304,2
11,1778814347568,0.012850263771400004,-0.0174340875429,-0.00035615245714304,2
12,1778814347571,0.012850263771400004,-0.0174340875429,-0.00035615245714304,2
13,1778814347574,0.012928263771399998,-0.0174106875429,-0.0003015524571429132,2
14,1778814347577,0.012928263771399998,-0.0174106875429,-0.0003015524571429132,2
15,1778814347580,0.0129360637714,-0.0173755875429,-0.00033665245714297885,2
16,1778814347584,0.0129360637714,-0.0173755875429,-0.00033665245714297885,2
17,1778814347587,0.0129360637714,-0.0173755875429,-0.00033665245714297885,2
18,1778814347590,0.012858063771399999,-0.0174730875429,-0.00013385245714292037,2
19,1778814347593,0.012858063771399999,-0.0174730875429,-0.00013385245714292037,2
20,1778814347596,0.012705963771400004,-0.017188387542900002,-0.0006525524571430145,2
21,1778814347600,0.012705963771400004,-0.017188387542900002,-0.0006525524571430145,2
22,1778814347603,0.012705963771400004,-0.017188387542900002,-0.0006525524571430145,2
23,1778814347606,0.012854163771399998,-0.0176407875429,-0.00012605245714302914,2
24,1778814347609,0.012854163771399998,-0.0176407875429,-0.00012605245714302914,2
25,1778814347612,0.012920463771400003,-0.017090887542900002,-0.00046145245714301485,2
26,1778814347616,0.012920463771400003,-0.017090887542900002,-0.00046145245714301485,2
27,1778814347619,0.012920463771400003,-0.017090887542900002,-0.00046145245714301485,2
28,1778814347622,0.012819063771400002,-0.0174886875429,-0.00046145245714301485,2
29,1778814347625,0.012819063771400002,-0.0174886875429,-0.00046145245714301485,2
30,1778814347628,0.012737163771399999,-0.017270287542899998,-0.0007539524571430437,2
31,1778814347632,0.012737163771399999,-0.017270287542899998,-0.0007539524571430437,2
32,1778814347635,0.012737163771399999,-0.017270287542899998,-0.0007539524571430437,2
33,1778814347638,0.0130296637714,-0.017621287542900002,-0.00013385245714292037,2
34,1778814347641,0.0130296637714,-0.017621287542900002,-0.00013385245714292037,2
35,1778814347644,0.012725463771400002,-0.0174301875429,-0.000324952457143031,2
36,1778814347648,0.012725463771400002,-0.0174301875429,-0.000324952457143031,2
37,1778814347651,0.012725463771400002,-0.0174301875429,-0.000324952457143031,2
38,1778814347654,0.012951663771399998,-0.0171922875429,-0.00024305245714295186,2
39,1778814347657,0.012951663771399998,-0.0171922875429,-0.00024305245714295186,2
40,1778814347660,0.012807363771399998,-0.017621287542900002,-0.00031715245714302874,2
41,1778814347664,0.012807363771399998,-0.017621287542900002,-0.00031715245714302874,2
42,1778814347667,0.012807363771399998,-0.017621287542900002,-0.00031715245714302874,2
43,1778814347670,0.012967263771400003,-0.017270287542899998,-0.000418552457143058,2
44,1778814347674,0.012967263771400003,-0.017270287542899998,-0.000418552457143058,2
45,1778814347677,0.013049163771399998,-0.017742187542900002,-0.0002469524571430085,2
46,1778814347680,0.013049163771399998,-0.017742187542900002,-0.0002469524571430085,2
47,1778814347683,0.013049163771399998,-0.017742187542900002,-0.0005277524571429785,2
48,1778814347687,0.0126435637714,-0.0173443875429,-0.0005277524571429785,2
49,1778814347690,0.0126435637714,-0.0173443875429,-0.0005277524571429785,2
50,1778814347693,0.0130062637714,-0.0177616875429,-8.705245714312891e-05,2
51,1778814347696,0.0130062637714,-0.0177616875429,-8.705245714312891e-05,2
52,1778814347699,0.0130062637714,-0.0177616875429,-0.00047705245714301935,2
53,1778814347703,0.0127176637714,-0.0172936875429,-0.00047705245714301935,2
54,1778814347706,0.0127176637714,-0.0172936875429,-0.00047705245714301935,2
55,1778814347709,0.012939963771400002,-0.0174886875429,6.504754285708149e-05,2
56,1778814347712,0.012939963771400002,-0.0174886875429,6.504754285708149e-05,2
57,1778814347715,0.012939963771400002,-0.0174886875429,-0.0005082524571430283,2
58,1778814347719,0.012897063771400003,-0.0173638875429,-0.0005082524571430283,2
59,1778814347722,0.012897063771400003,-0.0173638875429,-0.0005082524571430283,2
60,1778814347725,0.0130569637714,-0.0173716875429,-5.9752457142954506e-05,2
61,1778814347728,0.0130569637714,-0.0173716875429,-5.9752457142954506e-05,2
62,1778814347731,0.0130569637714,-0.0173716875429,-0.0005940524571430531,2
63,1778814347735,0.0128385637714,-0.0174106875429,-0.0005940524571430531,2
64,1778814347738,0.0128385637714,-0.0174106875429,-0.0005940524571430531,2
65,1778814347741,0.0128385637714,-0.0175744875429,-0.0006837524571430234,2
66,1778814347744,0.0128385637714,-0.0175744875429,-0.0006837524571430234,2
67,1778814347748,0.0128385637714,-0.0175744875429,-0.0008319524571430662,2
68,1778814347751,0.012748863771400002,-0.017391187542899998,-0.0008319524571430662,2
69,1778814347754,0.012748863771400002,-0.017391187542899998,-0.0008319524571430662,2
70,1778814347757,0.012881463771399999,-0.0173872875429,-0.00044585245714301035,2
71,1778814347760,0.012881463771399999,-0.0173872875429,-0.00044585245714301035,2
72,1778814347764,0.012881463771399999,-0.0173872875429,-0.00021185245714294286,2
73,1778814347767,0.012920463771400003,-0.0174379875429,-0.00021185245714294286,2
74,1778814347770,0.012920463771400003,-0.0174379875429,-0.00021185245714294286,2
75,1778814347773,0.013010163771400001,-0.0172741875429,-9.875245714307678e-05,2
76,1778814347776,0.013010163771400001,-0.0172741875429,-9.875245714307678e-05,2
77,1778814347780,0.013010163771400001,-0.0175861875429,8.844754285697721e-05,2
78,1778814347783,0.013068663771399997,-0.0175861875429,8.844754285697721e-05,2
79,1778814347786,0.013068663771399997,-0.0175861875429,8.844754285697721e-05,2
80,1778814347789,0.012733263771399998,-0.0173170875429,-0.0001221524571429725,2
81,1778814347792,0.012733263771399998,-0.0173170875429,-0.0001221524571429725,2
82,1778814347796,0.012733263771399998,-0.0175705875429,-0.0003756524571429901,2
83,1778814347799,0.012846363771400002,-0.0175705875429,-0.0003756524571429901,2
84,1778814347802,0.012846363771400002,-0.0175705875429,-0.0003756524571429901,2
85,1778814347805,0.012682563771399997,-0.0169699875429,-0.000200152457142995,2
86,1778814347808,0.012682563771399997,-0.0169699875429,-0.000200152457142995,2
87,1778814347812,0.012682563771399997,-0.0178162875429,-0.0004380524571430081,2
88,1778814347815,0.0129360637714,-0.0178162875429,-0.0004380524571430081,2
89,1778814347818,0.0129360637714,-0.0178162875429,-0.0004380524571430081,2
90,1778814347822,0.012772263771400002,-0.0171805875429,-0.00036785245714298785,2
91,1778814347825,0.012772263771400002,-0.0171805875429,-0.00036785245714298785,2
92,1778814347828,0.013037463771400002,-0.0176485875429,-0.000543352457142983,2
93,1778814347832,0.013037463771400002,-0.0176485875429,-0.000543352457142983,2
94,1778814347835,0.013037463771400002,-0.0176485875429,-0.0005823524571429942,2
95,1778814347838,0.012830763771399998,-0.0173482875429,-0.0005823524571429942,2
96,1778814347842,0.012830763771399998,-0.0173482875429,-0.0005823524571429942,2
97,1778814347845,0.0131037637714,-0.017235187542900002,-0.0008904524571430276,2
98,1778814347848,0.0131037637714,-0.017235187542900002,-0.0008904524571430276,2
99,1778814347851,0.0131037637714,-0.017235187542900002,-0.0005706524571430463,2
100,1778814347854,0.0128112637714,-0.0174808875429,-0.0005706524571430463,2
101,1778814347858,0.0128112637714,-0.0174808875429,-0.0005706524571430463,2
102,1778814347861,0.012744963771400001,-0.0169621875429,-0.00027425245714296086,2
103,1778814347864,0.012744963771400001,-0.0169621875429,-0.00027425245714296086,2
104,1778814347867,0.012744963771400001,-0.0169621875429,-0.00031325245714308313,2
105,1778814347870,0.013014063771400002,-0.0175081875429,-0.00031325245714308313,2
106,1778814347874,0.013014063771400002,-0.0175081875429,-0.00031325245714308313,2
107,1778814347877,0.012752763771400003,-0.0169192875429,2.214754285690258e-05,2
108,1778814347880,0.012752763771400003,-0.0169192875429,2.214754285690258e-05,2
109,1778814347883,0.012752763771400003,-0.0169192875429,-0.0003912524571429946,2
110,1778814347886,0.013068663771399997,-0.0176524875429,-0.0003912524571429946,2
111,1778814347890,0.013068663771399997,-0.0176524875429,-0.0003912524571429946,2
112,1778814347893,0.012744963771400001,-0.0170869875429,-0.0004848524571430216,2
113,1778814347896,0.012744963771400001,-0.0170869875429,-0.0004848524571430216,2
114,1778814347899,0.012744963771400001,-0.0170869875429,-0.0005511524571429852,2
115,1778814347903,0.0130569637714,-0.0174886875429,-0.0005511524571429852,2
116,1778814347906,0.0130569637714,-0.0174886875429,-0.0005511524571429852,2
117,1778814347909,0.012752763771400003,-0.0170479875429,-0.0002469524571430085,2
118,1778814347912,0.012752763771400003,-0.0170479875429,-0.0002469524571430085,2
119,1778814347915,0.012752763771400003,-0.0170479875429,-0.0005004524571430261,2
120,1778814347919,0.012978963771399999,-0.0174925875429,-0.0005004524571430261,2
121,1778814347922,0.012978963771399999,-0.0174925875429,-0.0005004524571430261,2
122,1778814347925,0.012366663771400003,-0.0171415875429,-0.00025865245714295636,2
123,1778814347932,0.012366663771400003,-0.0171415875429,-0.00025865245714295636,2
124,1778814347937,0.013033563771400001,-0.0175081875429,-0.0003444524571429811,2
